wandb: Tracking run with wandb version 0.27.2
wandb: W&B syncing is set to `offline` in this directory. Run `wandb online` or set WANDB_MODE=online to enable cloud syncing.
wandb: Run data is saved locally in /dataMeR1/phil/gfm/prodigy-nmi-overnight/log/production/train_20260904_023434/wandb/offline-run-20260904_033944-pirs9v7w
[03:39:45] Saved effective config YAML to W&B files: /dataMeR1/phil/gfm/prodigy-nmi-overnight/log/production/train_20260904_023434/wandb/offline-run-20260904_033944-pirs9v7w/files/effective_config.yaml
[03:39:45] Saved source config YAML to W&B files: /dataMeR1/phil/gfm/prodigy-nmi-overnight/log/production/train_20260904_023434/wandb/offline-run-20260904_033944-pirs9v7w/files/positives_r5_s0.yaml
[03:39:45] Command: /home/mhchu/miniconda3/envs/prodigy/bin/python experiments/run_shared_graph.py --configs scripts/experiments/setup/nm_interventions_overnight/configs/baseline_r8_s0.yaml scripts/experiments/setup/nm_interventions_overnight/configs/exposure_r8_s0.yaml scripts/experiments/setup/nm_interventions_overnight/configs/schedule_r8_s0.yaml scripts/experiments/setup/nm_interventions_overnight/configs/composition_r8_s0.yaml scripts/experiments/setup/nm_interventions_overnight/configs/centers_r8_s0.yaml scripts/experiments/setup/nm_interventions_overnight/configs/eligibility_r8_s0.yaml scripts/experiments/setup/nm_interventions_overnight/configs/positives_r8_s0.yaml scripts/experiments/setup/nm_interventions_overnight/configs/negatives_r8_s0.yaml scripts/experiments/setup/nm_interventions_overnight/configs/context_r8_s0.yaml scripts/experiments/setup/nm_interventions_overnight/configs/optimization_r8_s0.yaml scripts/experiments/setup/nm_interventions_overnight/configs/alignment_r8_s0.yaml scripts/experiments/setup/nm_interventions_overnight/configs/sharing_r8_s0.yaml scripts/experiments/setup/nm_interventions_overnight/configs/capacity_r8_s0.yaml scripts/experiments/setup/nm_interventions_overnight/configs/objective_r8_s0.yaml scripts/experiments/setup/nm_interventions_overnight/configs/region_adaptive_r8_s0.yaml scripts/experiments/setup/nm_interventions_overnight/configs/coverage_r8_s0.yaml scripts/experiments/setup/nm_interventions_overnight/configs/budget_r8_s0.yaml scripts/experiments/setup/nm_interventions_overnight/configs/baseline_r1_s0.yaml scripts/experiments/setup/nm_interventions_overnight/configs/exposure_r1_s0.yaml scripts/experiments/setup/nm_interventions_overnight/configs/schedule_r1_s0.yaml scripts/experiments/setup/nm_interventions_overnight/configs/composition_r1_s0.yaml scripts/experiments/setup/nm_interventions_overnight/configs/centers_r1_s0.yaml scripts/experiments/setup/nm_interventions_overnight/configs/eligibility_r1_s0.yaml scripts/experiments/setup/nm_interventions_overnight/configs/positives_r1_s0.yaml scripts/experiments/setup/nm_interventions_overnight/configs/negatives_r1_s0.yaml scripts/experiments/setup/nm_interventions_overnight/configs/context_r1_s0.yaml scripts/experiments/setup/nm_interventions_overnight/configs/optimization_r1_s0.yaml scripts/experiments/setup/nm_interventions_overnight/configs/alignment_r1_s0.yaml scripts/experiments/setup/nm_interventions_overnight/configs/sharing_r1_s0.yaml scripts/experiments/setup/nm_interventions_overnight/configs/capacity_r1_s0.yaml scripts/experiments/setup/nm_interventions_overnight/configs/objective_r1_s0.yaml scripts/experiments/setup/nm_interventions_overnight/configs/region_adaptive_r1_s0.yaml scripts/experiments/setup/nm_interventions_overnight/configs/coverage_r1_s0.yaml scripts/experiments/setup/nm_interventions_overnight/configs/budget_r1_s0.yaml scripts/experiments/setup/nm_interventions_overnight/configs/baseline_r2_s0.yaml scripts/experiments/setup/nm_interventions_overnight/configs/exposure_r2_s0.yaml scripts/experiments/setup/nm_interventions_overnight/configs/schedule_r2_s0.yaml scripts/experiments/setup/nm_interventions_overnight/configs/composition_r2_s0.yaml scripts/experiments/setup/nm_interventions_overnight/configs/centers_r2_s0.yaml scripts/experiments/setup/nm_interventions_overnight/configs/eligibility_r2_s0.yaml scripts/experiments/setup/nm_interventions_overnight/configs/positives_r2_s0.yaml scripts/experiments/setup/nm_interventions_overnight/configs/negatives_r2_s0.yaml scripts/experiments/setup/nm_interventions_overnight/configs/context_r2_s0.yaml scripts/experiments/setup/nm_interventions_overnight/configs/optimization_r2_s0.yaml scripts/experiments/setup/nm_interventions_overnight/configs/alignment_r2_s0.yaml scripts/experiments/setup/nm_interventions_overnight/configs/sharing_r2_s0.yaml scripts/experiments/setup/nm_interventions_overnight/configs/capacity_r2_s0.yaml scripts/experiments/setup/nm_interventions_overnight/configs/objective_r2_s0.yaml scripts/experiments/setup/nm_interventions_overnight/configs/region_adaptive_r2_s0.yaml scripts/experiments/setup/nm_interventions_overnight/configs/coverage_r2_s0.yaml scripts/experiments/setup/nm_interventions_overnight/configs/budget_r2_s0.yaml scripts/experiments/setup/nm_interventions_overnight/configs/baseline_r3_s0.yaml scripts/experiments/setup/nm_interventions_overnight/configs/exposure_r3_s0.yaml scripts/experiments/setup/nm_interventions_overnight/configs/schedule_r3_s0.yaml scripts/experiments/setup/nm_interventions_overnight/configs/composition_r3_s0.yaml scripts/experiments/setup/nm_interventions_overnight/configs/centers_r3_s0.yaml scripts/experiments/setup/nm_interventions_overnight/configs/eligibility_r3_s0.yaml scripts/experiments/setup/nm_interventions_overnight/configs/positives_r3_s0.yaml scripts/experiments/setup/nm_interventions_overnight/configs/negatives_r3_s0.yaml scripts/experiments/setup/nm_interventions_overnight/configs/context_r3_s0.yaml scripts/experiments/setup/nm_interventions_overnight/configs/optimization_r3_s0.yaml scripts/experiments/setup/nm_interventions_overnight/configs/alignment_r3_s0.yaml scripts/experiments/setup/nm_interventions_overnight/configs/sharing_r3_s0.yaml scripts/experiments/setup/nm_interventions_overnight/configs/capacity_r3_s0.yaml scripts/experiments/setup/nm_interventions_overnight/configs/objective_r3_s0.yaml scripts/experiments/setup/nm_interventions_overnight/configs/region_adaptive_r3_s0.yaml scripts/experiments/setup/nm_interventions_overnight/configs/coverage_r3_s0.yaml scripts/experiments/setup/nm_interventions_overnight/configs/budget_r3_s0.yaml scripts/experiments/setup/nm_interventions_overnight/configs/baseline_r4_s0.yaml scripts/experiments/setup/nm_interventions_overnight/configs/exposure_r4_s0.yaml scripts/experiments/setup/nm_interventions_overnight/configs/schedule_r4_s0.yaml scripts/experiments/setup/nm_interventions_overnight/configs/composition_r4_s0.yaml scripts/experiments/setup/nm_interventions_overnight/configs/centers_r4_s0.yaml scripts/experiments/setup/nm_interventions_overnight/configs/eligibility_r4_s0.yaml scripts/experiments/setup/nm_interventions_overnight/configs/positives_r4_s0.yaml scripts/experiments/setup/nm_interventions_overnight/configs/negatives_r4_s0.yaml scripts/experiments/setup/nm_interventions_overnight/configs/context_r4_s0.yaml scripts/experiments/setup/nm_interventions_overnight/configs/optimization_r4_s0.yaml scripts/experiments/setup/nm_interventions_overnight/configs/alignment_r4_s0.yaml scripts/experiments/setup/nm_interventions_overnight/configs/sharing_r4_s0.yaml scripts/experiments/setup/nm_interventions_overnight/configs/capacity_r4_s0.yaml scripts/experiments/setup/nm_interventions_overnight/configs/objective_r4_s0.yaml scripts/experiments/setup/nm_interventions_overnight/configs/region_adaptive_r4_s0.yaml scripts/experiments/setup/nm_interventions_overnight/configs/coverage_r4_s0.yaml scripts/experiments/setup/nm_interventions_overnight/configs/budget_r4_s0.yaml scripts/experiments/setup/nm_interventions_overnight/configs/baseline_r5_s0.yaml scripts/experiments/setup/nm_interventions_overnight/configs/exposure_r5_s0.yaml scripts/experiments/setup/nm_interventions_overnight/configs/schedule_r5_s0.yaml scripts/experiments/setup/nm_interventions_overnight/configs/composition_r5_s0.yaml scripts/experiments/setup/nm_interventions_overnight/configs/centers_r5_s0.yaml scripts/experiments/setup/nm_interventions_overnight/configs/eligibility_r5_s0.yaml scripts/experiments/setup/nm_interventions_overnight/configs/positives_r5_s0.yaml scripts/experiments/setup/nm_interventions_overnight/configs/negatives_r5_s0.yaml scripts/experiments/setup/nm_interventions_overnight/configs/context_r5_s0.yaml scripts/experiments/setup/nm_interventions_overnight/configs/optimization_r5_s0.yaml scripts/experiments/setup/nm_interventions_overnight/configs/alignment_r5_s0.yaml scripts/experiments/setup/nm_interventions_overnight/configs/sharing_r5_s0.yaml scripts/experiments/setup/nm_interventions_overnight/configs/capacity_r5_s0.yaml scripts/experiments/setup/nm_interventions_overnight/configs/objective_r5_s0.yaml scripts/experiments/setup/nm_interventions_overnight/configs/region_adaptive_r5_s0.yaml scripts/experiments/setup/nm_interventions_overnight/configs/coverage_r5_s0.yaml scripts/experiments/setup/nm_interventions_overnight/configs/budget_r5_s0.yaml scripts/experiments/setup/nm_interventions_overnight/configs/baseline_r6_s0.yaml scripts/experiments/setup/nm_interventions_overnight/configs/exposure_r6_s0.yaml scripts/experiments/setup/nm_interventions_overnight/configs/schedule_r6_s0.yaml scripts/experiments/setup/nm_interventions_overnight/configs/composition_r6_s0.yaml scripts/experiments/setup/nm_interventions_overnight/configs/centers_r6_s0.yaml scripts/experiments/setup/nm_interventions_overnight/configs/eligibility_r6_s0.yaml scripts/experiments/setup/nm_interventions_overnight/configs/positives_r6_s0.yaml scripts/experiments/setup/nm_interventions_overnight/configs/negatives_r6_s0.yaml scripts/experiments/setup/nm_interventions_overnight/configs/context_r6_s0.yaml scripts/experiments/setup/nm_interventions_overnight/configs/optimization_r6_s0.yaml scripts/experiments/setup/nm_interventions_overnight/configs/alignment_r6_s0.yaml scripts/experiments/setup/nm_interventions_overnight/configs/sharing_r6_s0.yaml scripts/experiments/setup/nm_interventions_overnight/configs/capacity_r6_s0.yaml scripts/experiments/setup/nm_interventions_overnight/configs/objective_r6_s0.yaml scripts/experiments/setup/nm_interventions_overnight/configs/region_adaptive_r6_s0.yaml scripts/experiments/setup/nm_interventions_overnight/configs/coverage_r6_s0.yaml scripts/experiments/setup/nm_interventions_overnight/configs/budget_r6_s0.yaml scripts/experiments/setup/nm_interventions_overnight/configs/baseline_r7_s0.yaml scripts/experiments/setup/nm_interventions_overnight/configs/exposure_r7_s0.yaml scripts/experiments/setup/nm_interventions_overnight/configs/schedule_r7_s0.yaml scripts/experiments/setup/nm_interventions_overnight/configs/composition_r7_s0.yaml scripts/experiments/setup/nm_interventions_overnight/configs/centers_r7_s0.yaml scripts/experiments/setup/nm_interventions_overnight/configs/eligibility_r7_s0.yaml scripts/experiments/setup/nm_interventions_overnight/configs/positives_r7_s0.yaml scripts/experiments/setup/nm_interventions_overnight/configs/negatives_r7_s0.yaml scripts/experiments/setup/nm_interventions_overnight/configs/context_r7_s0.yaml scripts/experiments/setup/nm_interventions_overnight/configs/optimization_r7_s0.yaml scripts/experiments/setup/nm_interventions_overnight/configs/alignment_r7_s0.yaml scripts/experiments/setup/nm_interventions_overnight/configs/sharing_r7_s0.yaml scripts/experiments/setup/nm_interventions_overnight/configs/capacity_r7_s0.yaml scripts/experiments/setup/nm_interventions_overnight/configs/objective_r7_s0.yaml scripts/experiments/setup/nm_interventions_overnight/configs/region_adaptive_r7_s0.yaml scripts/experiments/setup/nm_interventions_overnight/configs/coverage_r7_s0.yaml scripts/experiments/setup/nm_interventions_overnight/configs/budget_r7_s0.yaml --gpus 1 2 3 --models-per-gpu 4 --worker-budget 48 --threads-per-model 2 --run-dir /dataMeR1/phil/gfm/prodigy-nmi-overnight/log/production/train_20260904_023434
wandb: WARNING URL not available in offline run
[03:39:45] Initializing trainer
---------- Parameters ----------
  campaign_flags: uniform_positive
  campaign_protocol: True
  campaign_eval_interval: 2000
  campaign_min_delta: 0.001
  campaign_val_per_source: 16
  campaign_holdout: twibot20
  config: /dataMeR1/phil/gfm/prodigy-nmi-overnight/scripts/experiments/setup/nm_interventions_overnight/configs/positives_r5_s0.yaml
  root: /dataMeR1/phil/data/merged/graphs
  dataset: covid19_twitter
  csv_filename: twitter_data.csv
  facebook_pkl_filename: facebook_2022-06-24_2022-06-25_part1.pkl
  facebook_edges_filename: facebook_2022-06-24_2022-06-25_part1_edges.csv
  facebook_node_features_filename: facebook_2022-06-24_2022-06-25_part1_node_features.csv
  facebook_data_source: csv
  facebook_use_edge_features: False
  facebook_edge_feature_columns:
  facebook_source_pkl_path:
  facebook_embeddings_path:
  facebook_embedding_ids_path:
  facebook_text_emb_model:
  facebook_target_dim: 768
  facebook_filter_to_uk_ru: True
  facebook_max_posts: None
  label_type: verified
  max_users: None
  invalidate_cache: False
  dataset_len_cap: 10000
  val_len_cap: 1
  test_len_cap: 1
  shuffle_index: False
  force_cache: False
  classification_only: False
  early_stopping_patience: 2
  reset_after_layer: None
  original_features: True
  override_log: False
  seed: 0
  eval_episode_seed_offset: 0
  metric: Acc
  learning_rate: 0.001
  epochs: 1
  print_epoch: 10
  eval_epoch: 10
  checkpoint_epoch: 10
  print_step: 100
  eval_step: 10001
  checkpoint_step: 10001
  source_diagnostics_interval: 0
  checkpoint_steps:
  batch_size: 1
  weight_decay: 0.001
  dropout: 0.0
  text_features_dropout: 0
  rel_sample_random_seed: None
  split_train_nodes: False
  verbose: False
  detect_anomaly: False
  loader_start_method: spawn
  workers: 4
  device: cuda:0
  input_dim: 768
  emb_dim: 256
  gnn_type: sage
  n_layer: 1
  meta_n_layer: 1
  second_gnn: Atten
  attention_mask_scheme: causal
  skip_path: False
  has_final_back: False
  layers: S,U,M
  ignore_label_embeddings: True
  zero_label_embeddings: False
  not_freeze_learned_label_embedding: False
  linear_probe: False
  fix_datasets_first: False
  no_bn_metagraph: False
  no_bn_encoder: False
  calc_ranks: False
  save_roc_curve: False
  eval_only: False
  eval_only_split: test
  eval_test_before_train: False
  eval_val_before_train: False
  eval_after_train: False
  meta_gnn_pos_only: False
  task_name: neighbor_matching
  zero_shot: False
  no_split_labels: True
  all_test: False
  train_cap: None
  label_set: None
  csr_split: False
  n_way: 30
  n_shots: 3
  n_query: 4
  neighbor_sampling_strategy: strict
  neighbor_sampling_strata:
  neighbor_sampling_episode_source: graph_id
  neighbor_sampling_source_subset: ukr_rus,covid,midterm,covid_political,election2020
  neighbor_sampling_source_sequence:
  neighbor_sampling_source_sequence_steps:
  neighbor_sampling_episode_source_weighting: balanced
  neighbor_sampling_batch_source_mode: independent
  neighbor_sampling_cross_source_prob: 0.0
  neighbor_sampling_center_radii:
  neighbor_sampling_center_radius_weights:
  neighbor_sampling_center_region_fanout: 64
  neighbor_sampling_center_region_node_limit: 4096
  neighbor_sampling_center_region_candidate_limit: 512
  neighbor_sampling_center_max_attempts: 200
  neighbor_matching_edge_split: True
  n_way_upper: -1
  n_shots_upper: -1
  n_query_upper: -1
  max_length: -1
  augmentation:
  augment_test: False
  ablate_features: none
  ablate_edges: none
  structural_features: none
  attr_regression_weight: 0.1
  fp_mask_ratio: 0.3
  fp_mask_strategy: zero
  mix_task_counts: 1,1,1
  mix_cl_aug: NZ0.2
  e4_combine: simultaneous
  e4_weights: 1,1,1
  e4_task_counts: 1,1,1
  e4_lp_neg_k: 1
  prefix: nmi_positives_r5_s0
  timestamp: 04_09_2026_02_34_39
  tags: []
  log_dir: /dataMeR1/phil/gfm/prodigy-nmi-overnight/log/production/train_20260904_023434/log
  state_dir: /dataMeR1/phil/gfm/prodigy-nmi-overnight/log/production/train_20260904_023434/state
  bert_emb_model: multi-qa-distilbert-cos-v1
  bert_cache: multi-qa-distilbert-cos-v1
  label_emb_model:
  label_emb_texts:
  label_emb_revision:
  label_emb_trust_remote_code: True
  label_emb_normalize: True
  kg_emb_model:
  pretrained_model_run:
  resume_training_checkpoint:
  n_hop: 2
  neighbor_sampling_hop_sizes: 9,9
  neighbor_sampling_node_limit: 101
  neighbor_matching_walk_hops: 1
  graph_filename: ukr_rus_covid_midterm_all9_facebook_final_core_split_seed0.pt
  target_feature:
  target_feature_keep_in_x: False
  target_transform: none
  feature_subset: all
  midterm_label_downsample:
  eval_random_query: False
  edge_view: static_train
  target_edge_view: static_test
  edge_feature_subset: all
  midterm_lp_neg_ratio: 1
  hard_negatives: True
  use_edge_features: False
  midterm_debug_print_episodes: 0
  debug_print_predictions: 0
  export_predictions: False
  prediction_context_neighbors: 3
  prediction_support_per_label: 3
  small_dataset: False
  experiment_type: metagraph
  exp_name: nmi_positives_r5_s0_20260904_023439_091
  physical_gpu: 2
--------------------------------
SingleLayerGeneralGNN(
  (layer_list): ModuleList(
    (0): MultiLayerGNN(
      (module_list): ModuleList(
        (0): SAGEConvSelfLoops()
      )
      (act): ReLU()
      (reset_mlp): Linear(in_features=512, out_features=256, bias=True)
      (reset_mlp_c): Linear(in_features=256, out_features=256, bias=True)
      (reset_mlp_m): Linear(in_features=256, out_features=256, bias=True)
    )
    (1): BgGraphToSupernodePropagator()
    (2): MetaGNN(
      (gnn_layers): ModuleList(
        (0): MetaGNNLayer()
      )
      (gnn_non_linear): GELU(approximate='none')
    )
  )
  (cos): CosineSimilarity()
  (initial_label_mlp): Linear(in_features=768, out_features=256, bias=True)
  (initial_input_mlp): Identity()
  (final_label_mlp): Identity()
  (final_input_mlp): Identity()
  (learned_label_embedding): Embedding(1000, 256)
  (txt_dropout): Dropout(p=0, inplace=False)
)
Number of trainable parameters of the model: 1640514
Neighbor sampling graph_id strata (confine-to-one-source) [subset 5/9 sources]: ukr_rus:10400775, covid:23012850, midterm:341908, covid_political:78672, election2020:78932
Neighbor sampling graph_id strata (confine-to-one-source) [subset 5/9 sources]: ukr_rus:10400775, covid:23012850, midterm:341908, covid_political:78672, election2020:78932
Neighbor sampling graph_id strata (confine-to-one-source) [subset 5/9 sources]: ukr_rus:10400775, covid:23012850, midterm:341908, covid_political:78672, election2020:78932
Materializing fixed training-source validation panel
Neighbor sampling graph_id strata (confine-to-one-source) [subset 1/9 sources]: ukr_rus:10400775
Neighbor sampling graph_id strata (confine-to-one-source) [subset 1/9 sources]: covid:23012850
Neighbor sampling graph_id strata (confine-to-one-source) [subset 1/9 sources]: midterm:341908
Neighbor sampling graph_id strata (confine-to-one-source) [subset 1/9 sources]: covid_political:78672
Neighbor sampling graph_id strata (confine-to-one-source) [subset 1/9 sources]: election2020:78932
TRAIN step=1 loss=3.51553 seconds=3.6
TRAIN step=100 loss=3.35586 seconds=9.2
TRAIN step=200 loss=3.21734 seconds=14.8
TRAIN step=300 loss=2.98465 seconds=20.0
TRAIN step=400 loss=2.67720 seconds=25.5
TRAIN step=500 loss=2.50150 seconds=30.9
TRAIN step=600 loss=2.35562 seconds=36.3
TRAIN step=700 loss=2.28841 seconds=41.8
TRAIN step=800 loss=2.22388 seconds=47.0
TRAIN step=900 loss=2.12659 seconds=52.4
TRAIN step=1000 loss=2.08488 seconds=57.7
TRAIN step=1100 loss=2.14775 seconds=63.1
TRAIN step=1200 loss=2.10887 seconds=68.4
TRAIN step=1300 loss=2.04808 seconds=74.1
TRAIN step=1400 loss=2.02278 seconds=79.6
TRAIN step=1500 loss=2.00876 seconds=85.0
TRAIN step=1600 loss=2.08419 seconds=90.2
TRAIN step=1700 loss=2.02444 seconds=94.9
TRAIN step=1800 loss=1.99855 seconds=99.8
TRAIN step=1900 loss=2.00457 seconds=104.6
TRAIN step=2000 loss=1.97846 seconds=109.2
VALIDATION step=2000 macro_auc=0.878460 stale=0/2
TRAIN step=2100 loss=2.01476 seconds=119.2
TRAIN step=2200 loss=2.03430 seconds=123.8
TRAIN step=2300 loss=2.08120 seconds=128.6
TRAIN step=2400 loss=2.03667 seconds=133.4
TRAIN step=2500 loss=1.96320 seconds=138.2
TRAIN step=2600 loss=2.07095 seconds=143.7
TRAIN step=2700 loss=1.91421 seconds=149.6
TRAIN step=2800 loss=1.97582 seconds=155.2
TRAIN step=2900 loss=1.95130 seconds=160.7
TRAIN step=3000 loss=1.93001 seconds=166.5
TRAIN step=3100 loss=1.98332 seconds=172.0
TRAIN step=3200 loss=1.92393 seconds=177.7
TRAIN step=3300 loss=2.03397 seconds=183.5
TRAIN step=3400 loss=2.00125 seconds=189.1
TRAIN step=3500 loss=1.89859 seconds=194.7
TRAIN step=3600 loss=1.90865 seconds=200.4
TRAIN step=3700 loss=2.02611 seconds=206.0
TRAIN step=3800 loss=1.95008 seconds=211.6
TRAIN step=3900 loss=1.98279 seconds=217.6
TRAIN step=4000 loss=1.89869 seconds=223.1
VALIDATION step=4000 macro_auc=0.874386 stale=1/2
TRAIN step=4100 loss=1.92600 seconds=232.8
TRAIN step=4200 loss=1.99882 seconds=238.5
TRAIN step=4300 loss=1.90997 seconds=244.2
TRAIN step=4400 loss=1.91497 seconds=249.7
TRAIN step=4500 loss=1.88840 seconds=255.1
TRAIN step=4600 loss=1.88123 seconds=260.0
TRAIN step=4700 loss=2.01361 seconds=264.9
TRAIN step=4800 loss=1.82960 seconds=269.8
TRAIN step=4900 loss=1.95657 seconds=274.6
TRAIN step=5000 loss=1.88911 seconds=279.6
TRAIN step=5100 loss=1.99253 seconds=284.5
TRAIN step=5200 loss=1.99831 seconds=289.3
TRAIN step=5300 loss=1.92366 seconds=294.2
TRAIN step=5400 loss=1.82753 seconds=299.0
TRAIN step=5500 loss=1.92588 seconds=303.7
TRAIN step=5600 loss=1.94430 seconds=308.6
TRAIN step=5700 loss=1.98069 seconds=313.3
TRAIN step=5800 loss=1.98399 seconds=318.2
TRAIN step=5900 loss=1.94732 seconds=323.0
TRAIN step=6000 loss=1.93107 seconds=328.1
VALIDATION step=6000 macro_auc=0.884842 stale=0/2
TRAIN step=6100 loss=1.87391 seconds=337.2
TRAIN step=6200 loss=1.98004 seconds=342.7
TRAIN step=6300 loss=1.94949 seconds=348.2
TRAIN step=6400 loss=1.93676 seconds=353.6
TRAIN step=6500 loss=1.88171 seconds=359.1
TRAIN step=6600 loss=1.83779 seconds=364.7
TRAIN step=6700 loss=1.96618 seconds=370.1
TRAIN step=6800 loss=1.96292 seconds=375.7
TRAIN step=6900 loss=1.93879 seconds=381.1
TRAIN step=7000 loss=1.99796 seconds=386.4
TRAIN step=7100 loss=1.91474 seconds=391.8
TRAIN step=7200 loss=1.87789 seconds=397.5
TRAIN step=7300 loss=1.95398 seconds=402.7
TRAIN step=7400 loss=1.88247 seconds=408.2
TRAIN step=7500 loss=1.95999 seconds=413.6
TRAIN step=7600 loss=1.94928 seconds=419.0
TRAIN step=7700 loss=1.89495 seconds=424.5
TRAIN step=7800 loss=1.96335 seconds=429.7
TRAIN step=7900 loss=1.99190 seconds=434.7
TRAIN step=8000 loss=1.83685 seconds=439.6
VALIDATION step=8000 macro_auc=0.884519 stale=1/2
TRAIN step=8100 loss=1.90742 seconds=447.5
TRAIN step=8200 loss=1.90037 seconds=452.3
TRAIN step=8300 loss=1.92643 seconds=457.2
TRAIN step=8400 loss=1.87214 seconds=462.2
TRAIN step=8500 loss=1.90919 seconds=467.3
TRAIN step=8600 loss=1.90776 seconds=472.3
TRAIN step=8700 loss=1.97405 seconds=477.2
TRAIN step=8800 loss=1.94997 seconds=481.8
TRAIN step=8900 loss=1.86420 seconds=486.7
TRAIN step=9000 loss=1.89851 seconds=491.5
TRAIN step=9100 loss=1.84764 seconds=496.5
TRAIN step=9200 loss=1.91146 seconds=501.2
TRAIN step=9300 loss=1.95476 seconds=506.1
TRAIN step=9400 loss=1.87621 seconds=510.8
TRAIN step=9500 loss=1.90525 seconds=515.6
TRAIN step=9600 loss=1.88470 seconds=520.2
TRAIN step=9700 loss=1.90760 seconds=524.9
TRAIN step=9800 loss=1.89149 seconds=529.6
TRAIN step=9900 loss=1.89062 seconds=534.2
TRAIN step=10000 loss=1.92362 seconds=539.0
VALIDATION step=10000 macro_auc=0.884004 stale=2/2
wandb:
wandb: Run history:
wandb:   episodes ▁▁▁▂▂▂▂▃▃▃▃▃▃▃▃▃▄▄▄▄▅▅▅▅▅▅▅▅▆▆▆▆▆▇▇▇▇███
wandb: train_loss █▆▅▃▂▂▂▂▂▂▂▁▁▂▂▁▂▂▁▂▁▂▁▁▂▁▁▂▂▁▁▂▂▂▁▁▁▁▁▁
wandb:
wandb: Run summary:
wandb:                best_step 6000
wandb:                  command /home/mhchu/minicond...
wandb:    effective_config_file effective_config.yam...
wandb:                 episodes 10000
wandb:               num_params 1640514
wandb:       source_config_file /dataMeR1/phil/gfm/p...
wandb:               train_loss 1.92362
wandb: validation_macro_roc_auc 0.88484
wandb:
wandb: You can sync this run to the cloud by running:
wandb: wandb sync /dataMeR1/phil/gfm/prodigy-nmi-overnight/log/production/train_20260904_023434/wandb/offline-run-20260904_033944-pirs9v7w
wandb: Find logs at: ./log/production/train_20260904_023434/wandb/offline-run-20260904_033944-pirs9v7w/logs
Saved best model to /dataMeR1/phil/gfm/prodigy-nmi-overnight/log/production/train_20260904_023434/state/nmi_positives_r5_s0_20260904_023439_091/state_dict
