wandb: Tracking run with wandb version 0.27.2
wandb: W&B syncing is set to `offline` in this directory. Run `wandb online` or set WANDB_MODE=online to enable cloud syncing.
wandb: Run data is saved locally in /dataMeR1/phil/gfm/prodigy-nmi-overnight/log/production/train_20260904_023434/wandb/offline-run-20260904_024258-l96232z2
[02:42:59] Saved effective config YAML to W&B files: /dataMeR1/phil/gfm/prodigy-nmi-overnight/log/production/train_20260904_023434/wandb/offline-run-20260904_024258-l96232z2/files/effective_config.yaml
[02:42:59] Saved source config YAML to W&B files: /dataMeR1/phil/gfm/prodigy-nmi-overnight/log/production/train_20260904_023434/wandb/offline-run-20260904_024258-l96232z2/files/capacity_r8_s0.yaml
[02:42:59] Command: /home/mhchu/miniconda3/envs/prodigy/bin/python experiments/run_shared_graph.py --configs scripts/experiments/setup/nm_interventions_overnight/configs/baseline_r8_s0.yaml scripts/experiments/setup/nm_interventions_overnight/configs/exposure_r8_s0.yaml scripts/experiments/setup/nm_interventions_overnight/configs/schedule_r8_s0.yaml scripts/experiments/setup/nm_interventions_overnight/configs/composition_r8_s0.yaml scripts/experiments/setup/nm_interventions_overnight/configs/centers_r8_s0.yaml scripts/experiments/setup/nm_interventions_overnight/configs/eligibility_r8_s0.yaml scripts/experiments/setup/nm_interventions_overnight/configs/positives_r8_s0.yaml scripts/experiments/setup/nm_interventions_overnight/configs/negatives_r8_s0.yaml scripts/experiments/setup/nm_interventions_overnight/configs/context_r8_s0.yaml scripts/experiments/setup/nm_interventions_overnight/configs/optimization_r8_s0.yaml scripts/experiments/setup/nm_interventions_overnight/configs/alignment_r8_s0.yaml scripts/experiments/setup/nm_interventions_overnight/configs/sharing_r8_s0.yaml scripts/experiments/setup/nm_interventions_overnight/configs/capacity_r8_s0.yaml scripts/experiments/setup/nm_interventions_overnight/configs/objective_r8_s0.yaml scripts/experiments/setup/nm_interventions_overnight/configs/region_adaptive_r8_s0.yaml scripts/experiments/setup/nm_interventions_overnight/configs/coverage_r8_s0.yaml scripts/experiments/setup/nm_interventions_overnight/configs/budget_r8_s0.yaml scripts/experiments/setup/nm_interventions_overnight/configs/baseline_r1_s0.yaml scripts/experiments/setup/nm_interventions_overnight/configs/exposure_r1_s0.yaml scripts/experiments/setup/nm_interventions_overnight/configs/schedule_r1_s0.yaml scripts/experiments/setup/nm_interventions_overnight/configs/composition_r1_s0.yaml scripts/experiments/setup/nm_interventions_overnight/configs/centers_r1_s0.yaml scripts/experiments/setup/nm_interventions_overnight/configs/eligibility_r1_s0.yaml scripts/experiments/setup/nm_interventions_overnight/configs/positives_r1_s0.yaml scripts/experiments/setup/nm_interventions_overnight/configs/negatives_r1_s0.yaml scripts/experiments/setup/nm_interventions_overnight/configs/context_r1_s0.yaml scripts/experiments/setup/nm_interventions_overnight/configs/optimization_r1_s0.yaml scripts/experiments/setup/nm_interventions_overnight/configs/alignment_r1_s0.yaml scripts/experiments/setup/nm_interventions_overnight/configs/sharing_r1_s0.yaml scripts/experiments/setup/nm_interventions_overnight/configs/capacity_r1_s0.yaml scripts/experiments/setup/nm_interventions_overnight/configs/objective_r1_s0.yaml scripts/experiments/setup/nm_interventions_overnight/configs/region_adaptive_r1_s0.yaml scripts/experiments/setup/nm_interventions_overnight/configs/coverage_r1_s0.yaml scripts/experiments/setup/nm_interventions_overnight/configs/budget_r1_s0.yaml scripts/experiments/setup/nm_interventions_overnight/configs/baseline_r2_s0.yaml scripts/experiments/setup/nm_interventions_overnight/configs/exposure_r2_s0.yaml scripts/experiments/setup/nm_interventions_overnight/configs/schedule_r2_s0.yaml scripts/experiments/setup/nm_interventions_overnight/configs/composition_r2_s0.yaml scripts/experiments/setup/nm_interventions_overnight/configs/centers_r2_s0.yaml scripts/experiments/setup/nm_interventions_overnight/configs/eligibility_r2_s0.yaml scripts/experiments/setup/nm_interventions_overnight/configs/positives_r2_s0.yaml scripts/experiments/setup/nm_interventions_overnight/configs/negatives_r2_s0.yaml scripts/experiments/setup/nm_interventions_overnight/configs/context_r2_s0.yaml scripts/experiments/setup/nm_interventions_overnight/configs/optimization_r2_s0.yaml scripts/experiments/setup/nm_interventions_overnight/configs/alignment_r2_s0.yaml scripts/experiments/setup/nm_interventions_overnight/configs/sharing_r2_s0.yaml scripts/experiments/setup/nm_interventions_overnight/configs/capacity_r2_s0.yaml scripts/experiments/setup/nm_interventions_overnight/configs/objective_r2_s0.yaml scripts/experiments/setup/nm_interventions_overnight/configs/region_adaptive_r2_s0.yaml scripts/experiments/setup/nm_interventions_overnight/configs/coverage_r2_s0.yaml scripts/experiments/setup/nm_interventions_overnight/configs/budget_r2_s0.yaml scripts/experiments/setup/nm_interventions_overnight/configs/baseline_r3_s0.yaml scripts/experiments/setup/nm_interventions_overnight/configs/exposure_r3_s0.yaml scripts/experiments/setup/nm_interventions_overnight/configs/schedule_r3_s0.yaml scripts/experiments/setup/nm_interventions_overnight/configs/composition_r3_s0.yaml scripts/experiments/setup/nm_interventions_overnight/configs/centers_r3_s0.yaml scripts/experiments/setup/nm_interventions_overnight/configs/eligibility_r3_s0.yaml scripts/experiments/setup/nm_interventions_overnight/configs/positives_r3_s0.yaml scripts/experiments/setup/nm_interventions_overnight/configs/negatives_r3_s0.yaml scripts/experiments/setup/nm_interventions_overnight/configs/context_r3_s0.yaml scripts/experiments/setup/nm_interventions_overnight/configs/optimization_r3_s0.yaml scripts/experiments/setup/nm_interventions_overnight/configs/alignment_r3_s0.yaml scripts/experiments/setup/nm_interventions_overnight/configs/sharing_r3_s0.yaml scripts/experiments/setup/nm_interventions_overnight/configs/capacity_r3_s0.yaml scripts/experiments/setup/nm_interventions_overnight/configs/objective_r3_s0.yaml scripts/experiments/setup/nm_interventions_overnight/configs/region_adaptive_r3_s0.yaml scripts/experiments/setup/nm_interventions_overnight/configs/coverage_r3_s0.yaml scripts/experiments/setup/nm_interventions_overnight/configs/budget_r3_s0.yaml scripts/experiments/setup/nm_interventions_overnight/configs/baseline_r4_s0.yaml scripts/experiments/setup/nm_interventions_overnight/configs/exposure_r4_s0.yaml scripts/experiments/setup/nm_interventions_overnight/configs/schedule_r4_s0.yaml scripts/experiments/setup/nm_interventions_overnight/configs/composition_r4_s0.yaml scripts/experiments/setup/nm_interventions_overnight/configs/centers_r4_s0.yaml scripts/experiments/setup/nm_interventions_overnight/configs/eligibility_r4_s0.yaml scripts/experiments/setup/nm_interventions_overnight/configs/positives_r4_s0.yaml scripts/experiments/setup/nm_interventions_overnight/configs/negatives_r4_s0.yaml scripts/experiments/setup/nm_interventions_overnight/configs/context_r4_s0.yaml scripts/experiments/setup/nm_interventions_overnight/configs/optimization_r4_s0.yaml scripts/experiments/setup/nm_interventions_overnight/configs/alignment_r4_s0.yaml scripts/experiments/setup/nm_interventions_overnight/configs/sharing_r4_s0.yaml scripts/experiments/setup/nm_interventions_overnight/configs/capacity_r4_s0.yaml scripts/experiments/setup/nm_interventions_overnight/configs/objective_r4_s0.yaml scripts/experiments/setup/nm_interventions_overnight/configs/region_adaptive_r4_s0.yaml scripts/experiments/setup/nm_interventions_overnight/configs/coverage_r4_s0.yaml scripts/experiments/setup/nm_interventions_overnight/configs/budget_r4_s0.yaml scripts/experiments/setup/nm_interventions_overnight/configs/baseline_r5_s0.yaml scripts/experiments/setup/nm_interventions_overnight/configs/exposure_r5_s0.yaml scripts/experiments/setup/nm_interventions_overnight/configs/schedule_r5_s0.yaml scripts/experiments/setup/nm_interventions_overnight/configs/composition_r5_s0.yaml scripts/experiments/setup/nm_interventions_overnight/configs/centers_r5_s0.yaml scripts/experiments/setup/nm_interventions_overnight/configs/eligibility_r5_s0.yaml scripts/experiments/setup/nm_interventions_overnight/configs/positives_r5_s0.yaml scripts/experiments/setup/nm_interventions_overnight/configs/negatives_r5_s0.yaml scripts/experiments/setup/nm_interventions_overnight/configs/context_r5_s0.yaml scripts/experiments/setup/nm_interventions_overnight/configs/optimization_r5_s0.yaml scripts/experiments/setup/nm_interventions_overnight/configs/alignment_r5_s0.yaml scripts/experiments/setup/nm_interventions_overnight/configs/sharing_r5_s0.yaml scripts/experiments/setup/nm_interventions_overnight/configs/capacity_r5_s0.yaml scripts/experiments/setup/nm_interventions_overnight/configs/objective_r5_s0.yaml scripts/experiments/setup/nm_interventions_overnight/configs/region_adaptive_r5_s0.yaml scripts/experiments/setup/nm_interventions_overnight/configs/coverage_r5_s0.yaml scripts/experiments/setup/nm_interventions_overnight/configs/budget_r5_s0.yaml scripts/experiments/setup/nm_interventions_overnight/configs/baseline_r6_s0.yaml scripts/experiments/setup/nm_interventions_overnight/configs/exposure_r6_s0.yaml scripts/experiments/setup/nm_interventions_overnight/configs/schedule_r6_s0.yaml scripts/experiments/setup/nm_interventions_overnight/configs/composition_r6_s0.yaml scripts/experiments/setup/nm_interventions_overnight/configs/centers_r6_s0.yaml scripts/experiments/setup/nm_interventions_overnight/configs/eligibility_r6_s0.yaml scripts/experiments/setup/nm_interventions_overnight/configs/positives_r6_s0.yaml scripts/experiments/setup/nm_interventions_overnight/configs/negatives_r6_s0.yaml scripts/experiments/setup/nm_interventions_overnight/configs/context_r6_s0.yaml scripts/experiments/setup/nm_interventions_overnight/configs/optimization_r6_s0.yaml scripts/experiments/setup/nm_interventions_overnight/configs/alignment_r6_s0.yaml scripts/experiments/setup/nm_interventions_overnight/configs/sharing_r6_s0.yaml scripts/experiments/setup/nm_interventions_overnight/configs/capacity_r6_s0.yaml scripts/experiments/setup/nm_interventions_overnight/configs/objective_r6_s0.yaml scripts/experiments/setup/nm_interventions_overnight/configs/region_adaptive_r6_s0.yaml scripts/experiments/setup/nm_interventions_overnight/configs/coverage_r6_s0.yaml scripts/experiments/setup/nm_interventions_overnight/configs/budget_r6_s0.yaml scripts/experiments/setup/nm_interventions_overnight/configs/baseline_r7_s0.yaml scripts/experiments/setup/nm_interventions_overnight/configs/exposure_r7_s0.yaml scripts/experiments/setup/nm_interventions_overnight/configs/schedule_r7_s0.yaml scripts/experiments/setup/nm_interventions_overnight/configs/composition_r7_s0.yaml scripts/experiments/setup/nm_interventions_overnight/configs/centers_r7_s0.yaml scripts/experiments/setup/nm_interventions_overnight/configs/eligibility_r7_s0.yaml scripts/experiments/setup/nm_interventions_overnight/configs/positives_r7_s0.yaml scripts/experiments/setup/nm_interventions_overnight/configs/negatives_r7_s0.yaml scripts/experiments/setup/nm_interventions_overnight/configs/context_r7_s0.yaml scripts/experiments/setup/nm_interventions_overnight/configs/optimization_r7_s0.yaml scripts/experiments/setup/nm_interventions_overnight/configs/alignment_r7_s0.yaml scripts/experiments/setup/nm_interventions_overnight/configs/sharing_r7_s0.yaml scripts/experiments/setup/nm_interventions_overnight/configs/capacity_r7_s0.yaml scripts/experiments/setup/nm_interventions_overnight/configs/objective_r7_s0.yaml scripts/experiments/setup/nm_interventions_overnight/configs/region_adaptive_r7_s0.yaml scripts/experiments/setup/nm_interventions_overnight/configs/coverage_r7_s0.yaml scripts/experiments/setup/nm_interventions_overnight/configs/budget_r7_s0.yaml --gpus 1 2 3 --models-per-gpu 4 --worker-budget 48 --threads-per-model 2 --run-dir /dataMeR1/phil/gfm/prodigy-nmi-overnight/log/production/train_20260904_023434
wandb: WARNING URL not available in offline run
[02:42:59] Initializing trainer
---------- Parameters ----------
  campaign_flags: wide
  campaign_protocol: True
  campaign_eval_interval: 2000
  campaign_min_delta: 0.001
  campaign_val_per_source: 16
  campaign_holdout: twibot20
  config: /dataMeR1/phil/gfm/prodigy-nmi-overnight/scripts/experiments/setup/nm_interventions_overnight/configs/capacity_r8_s0.yaml
  root: /dataMeR1/phil/data/merged/graphs
  dataset: covid19_twitter
  csv_filename: twitter_data.csv
  facebook_pkl_filename: facebook_2022-06-24_2022-06-25_part1.pkl
  facebook_edges_filename: facebook_2022-06-24_2022-06-25_part1_edges.csv
  facebook_node_features_filename: facebook_2022-06-24_2022-06-25_part1_node_features.csv
  facebook_data_source: csv
  facebook_use_edge_features: False
  facebook_edge_feature_columns:
  facebook_source_pkl_path:
  facebook_embeddings_path:
  facebook_embedding_ids_path:
  facebook_text_emb_model:
  facebook_target_dim: 768
  facebook_filter_to_uk_ru: True
  facebook_max_posts: None
  label_type: verified
  max_users: None
  invalidate_cache: False
  dataset_len_cap: 10000
  val_len_cap: 1
  test_len_cap: 1
  shuffle_index: False
  force_cache: False
  classification_only: False
  early_stopping_patience: 2
  reset_after_layer: None
  original_features: True
  override_log: False
  seed: 0
  eval_episode_seed_offset: 0
  metric: Acc
  learning_rate: 0.001
  epochs: 1
  print_epoch: 10
  eval_epoch: 10
  checkpoint_epoch: 10
  print_step: 100
  eval_step: 10001
  checkpoint_step: 10001
  source_diagnostics_interval: 0
  checkpoint_steps:
  batch_size: 1
  weight_decay: 0.001
  dropout: 0.0
  text_features_dropout: 0
  rel_sample_random_seed: None
  split_train_nodes: False
  verbose: False
  detect_anomaly: False
  loader_start_method: spawn
  workers: 4
  device: cuda:0
  input_dim: 768
  emb_dim: 512
  gnn_type: sage
  n_layer: 1
  meta_n_layer: 1
  second_gnn: Atten
  attention_mask_scheme: causal
  skip_path: False
  has_final_back: False
  layers: S,U,M
  ignore_label_embeddings: True
  zero_label_embeddings: False
  not_freeze_learned_label_embedding: False
  linear_probe: False
  fix_datasets_first: False
  no_bn_metagraph: False
  no_bn_encoder: False
  calc_ranks: False
  save_roc_curve: False
  eval_only: False
  eval_only_split: test
  eval_test_before_train: False
  eval_val_before_train: False
  eval_after_train: False
  meta_gnn_pos_only: False
  task_name: neighbor_matching
  zero_shot: False
  no_split_labels: True
  all_test: False
  train_cap: None
  label_set: None
  csr_split: False
  n_way: 30
  n_shots: 3
  n_query: 4
  neighbor_sampling_strategy: strict
  neighbor_sampling_strata:
  neighbor_sampling_episode_source: graph_id
  neighbor_sampling_source_subset: ukr_rus,covid,midterm,covid_political,election2020,ukr_rus_suspended,cp_hk,facebook_page_reference
  neighbor_sampling_source_sequence:
  neighbor_sampling_source_sequence_steps:
  neighbor_sampling_episode_source_weighting: balanced
  neighbor_sampling_batch_source_mode: independent
  neighbor_sampling_cross_source_prob: 0.0
  neighbor_sampling_center_radii:
  neighbor_sampling_center_radius_weights:
  neighbor_sampling_center_region_fanout: 64
  neighbor_sampling_center_region_node_limit: 4096
  neighbor_sampling_center_region_candidate_limit: 512
  neighbor_sampling_center_max_attempts: 200
  neighbor_matching_edge_split: True
  n_way_upper: -1
  n_shots_upper: -1
  n_query_upper: -1
  max_length: -1
  augmentation:
  augment_test: False
  ablate_features: none
  ablate_edges: none
  structural_features: none
  attr_regression_weight: 0.1
  fp_mask_ratio: 0.3
  fp_mask_strategy: zero
  mix_task_counts: 1,1,1
  mix_cl_aug: NZ0.2
  e4_combine: simultaneous
  e4_weights: 1,1,1
  e4_task_counts: 1,1,1
  e4_lp_neg_k: 1
  prefix: nmi_capacity_r8_s0
  timestamp: 04_09_2026_02_34_39
  tags: []
  log_dir: /dataMeR1/phil/gfm/prodigy-nmi-overnight/log/production/train_20260904_023434/log
  state_dir: /dataMeR1/phil/gfm/prodigy-nmi-overnight/log/production/train_20260904_023434/state
  bert_emb_model: multi-qa-distilbert-cos-v1
  bert_cache: multi-qa-distilbert-cos-v1
  label_emb_model:
  label_emb_texts:
  label_emb_revision:
  label_emb_trust_remote_code: True
  label_emb_normalize: True
  kg_emb_model:
  pretrained_model_run:
  resume_training_checkpoint:
  n_hop: 2
  neighbor_sampling_hop_sizes: 9,9
  neighbor_sampling_node_limit: 101
  neighbor_matching_walk_hops: 1
  graph_filename: ukr_rus_covid_midterm_all9_facebook_final_core_split_seed0.pt
  target_feature:
  target_feature_keep_in_x: False
  target_transform: none
  feature_subset: all
  midterm_label_downsample:
  eval_random_query: False
  edge_view: static_train
  target_edge_view: static_test
  edge_feature_subset: all
  midterm_lp_neg_ratio: 1
  hard_negatives: True
  use_edge_features: False
  midterm_debug_print_episodes: 0
  debug_print_predictions: 0
  export_predictions: False
  prediction_context_neighbors: 3
  prediction_support_per_label: 3
  small_dataset: False
  experiment_type: metagraph
  exp_name: nmi_capacity_r8_s0_20260904_023439_012
  physical_gpu: 2
--------------------------------
SingleLayerGeneralGNN(
  (layer_list): ModuleList(
    (0): MultiLayerGNN(
      (module_list): ModuleList(
        (0): SAGEConvSelfLoops()
      )
      (act): ReLU()
      (reset_mlp): Linear(in_features=1024, out_features=512, bias=True)
      (reset_mlp_c): Linear(in_features=512, out_features=512, bias=True)
      (reset_mlp_m): Linear(in_features=512, out_features=512, bias=True)
    )
    (1): BgGraphToSupernodePropagator()
    (2): MetaGNN(
      (gnn_layers): ModuleList(
        (0): MetaGNNLayer()
      )
      (gnn_non_linear): GELU(approximate='none')
    )
  )
  (cos): CosineSimilarity()
  (initial_label_mlp): Linear(in_features=768, out_features=512, bias=True)
  (initial_input_mlp): Identity()
  (final_label_mlp): Identity()
  (final_input_mlp): Identity()
  (learned_label_embedding): Embedding(1000, 512)
  (txt_dropout): Dropout(p=0, inplace=False)
)
Number of trainable parameters of the model: 4860034
Neighbor sampling graph_id strata (confine-to-one-source) [subset 8/9 sources]: ukr_rus:10400775, covid:23012850, midterm:341908, covid_political:78672, election2020:78932, ukr_rus_suspended:72295, cp_hk:333800, facebook_page_reference:119228
Neighbor sampling graph_id strata (confine-to-one-source) [subset 8/9 sources]: ukr_rus:10400775, covid:23012850, midterm:341908, covid_political:78672, election2020:78932, ukr_rus_suspended:72295, cp_hk:333800, facebook_page_reference:119228
Neighbor sampling graph_id strata (confine-to-one-source) [subset 8/9 sources]: ukr_rus:10400775, covid:23012850, midterm:341908, covid_political:78672, election2020:78932, ukr_rus_suspended:72295, cp_hk:333800, facebook_page_reference:119228
Materializing fixed training-source validation panel
Neighbor sampling graph_id strata (confine-to-one-source) [subset 1/9 sources]: ukr_rus:10400775
Neighbor sampling graph_id strata (confine-to-one-source) [subset 1/9 sources]: covid:23012850
Neighbor sampling graph_id strata (confine-to-one-source) [subset 1/9 sources]: midterm:341908
Neighbor sampling graph_id strata (confine-to-one-source) [subset 1/9 sources]: covid_political:78672
Neighbor sampling graph_id strata (confine-to-one-source) [subset 1/9 sources]: election2020:78932
Neighbor sampling graph_id strata (confine-to-one-source) [subset 1/9 sources]: ukr_rus_suspended:72295
Neighbor sampling graph_id strata (confine-to-one-source) [subset 1/9 sources]: cp_hk:333800
Neighbor sampling graph_id strata (confine-to-one-source) [subset 1/9 sources]: facebook_page_reference:119228
TRAIN step=1 loss=3.49538 seconds=3.2
TRAIN step=100 loss=3.28117 seconds=8.6
TRAIN step=200 loss=3.15671 seconds=14.1
TRAIN step=300 loss=2.96645 seconds=19.4
TRAIN step=400 loss=2.74588 seconds=24.8
TRAIN step=500 loss=2.61636 seconds=30.2
TRAIN step=600 loss=2.47151 seconds=35.3
TRAIN step=700 loss=2.43192 seconds=40.7
TRAIN step=800 loss=2.40206 seconds=46.0
TRAIN step=900 loss=2.40907 seconds=50.9
TRAIN step=1000 loss=2.40552 seconds=56.1
TRAIN step=1100 loss=2.27742 seconds=61.3
TRAIN step=1200 loss=2.28644 seconds=66.6
TRAIN step=1300 loss=2.26835 seconds=71.7
TRAIN step=1400 loss=2.16946 seconds=77.0
TRAIN step=1500 loss=2.24033 seconds=82.3
TRAIN step=1600 loss=2.14855 seconds=87.3
TRAIN step=1700 loss=2.14635 seconds=92.0
TRAIN step=1800 loss=2.18616 seconds=96.8
TRAIN step=1900 loss=2.21780 seconds=101.4
TRAIN step=2000 loss=2.13463 seconds=106.0
VALIDATION step=2000 macro_auc=0.849413 stale=0/2
TRAIN step=2100 loss=2.02657 seconds=119.6
TRAIN step=2200 loss=2.12876 seconds=124.4
TRAIN step=2300 loss=2.02895 seconds=129.4
TRAIN step=2400 loss=2.09100 seconds=134.6
TRAIN step=2500 loss=2.07475 seconds=139.6
TRAIN step=2600 loss=2.11786 seconds=145.1
TRAIN step=2700 loss=2.08728 seconds=150.1
TRAIN step=2800 loss=2.09353 seconds=155.1
TRAIN step=2900 loss=2.12074 seconds=160.2
TRAIN step=3000 loss=2.10803 seconds=165.2
TRAIN step=3100 loss=1.92927 seconds=169.9
TRAIN step=3200 loss=2.08678 seconds=174.5
TRAIN step=3300 loss=1.93391 seconds=179.2
TRAIN step=3400 loss=2.04927 seconds=183.7
TRAIN step=3500 loss=1.91856 seconds=188.0
TRAIN step=3600 loss=2.04385 seconds=192.7
TRAIN step=3700 loss=2.02071 seconds=197.4
TRAIN step=3800 loss=2.05837 seconds=202.4
TRAIN step=3900 loss=1.94958 seconds=207.5
TRAIN step=4000 loss=1.96251 seconds=212.5
VALIDATION step=4000 macro_auc=0.858898 stale=0/2
TRAIN step=4100 loss=1.95971 seconds=222.4
TRAIN step=4200 loss=2.06238 seconds=227.1
TRAIN step=4300 loss=1.93693 seconds=231.8
TRAIN step=4400 loss=1.90272 seconds=237.0
TRAIN step=4500 loss=2.08071 seconds=242.1
TRAIN step=4600 loss=1.89492 seconds=247.1
TRAIN step=4700 loss=1.94229 seconds=252.4
TRAIN step=4800 loss=1.87590 seconds=257.5
TRAIN step=4900 loss=1.94824 seconds=262.6
TRAIN step=5000 loss=2.05488 seconds=267.7
TRAIN step=5100 loss=1.97336 seconds=272.7
TRAIN step=5200 loss=1.89217 seconds=277.7
TRAIN step=5300 loss=1.84156 seconds=282.6
TRAIN step=5400 loss=1.91081 seconds=287.6
TRAIN step=5500 loss=1.77044 seconds=292.5
TRAIN step=5600 loss=1.82615 seconds=297.4
TRAIN step=5700 loss=1.96431 seconds=302.0
TRAIN step=5800 loss=1.87841 seconds=307.3
TRAIN step=5900 loss=1.93937 seconds=312.3
TRAIN step=6000 loss=1.90673 seconds=317.2
VALIDATION step=6000 macro_auc=0.864796 stale=0/2
TRAIN step=6100 loss=1.88016 seconds=326.7
TRAIN step=6200 loss=1.94785 seconds=331.9
TRAIN step=6300 loss=1.85868 seconds=336.8
TRAIN step=6400 loss=1.90831 seconds=341.9
TRAIN step=6500 loss=1.83086 seconds=346.9
TRAIN step=6600 loss=1.96995 seconds=351.9
TRAIN step=6700 loss=1.99812 seconds=356.8
TRAIN step=6800 loss=1.87321 seconds=361.9
TRAIN step=6900 loss=1.90350 seconds=366.8
TRAIN step=7000 loss=1.85670 seconds=371.8
TRAIN step=7100 loss=1.81563 seconds=376.8
TRAIN step=7200 loss=1.85024 seconds=381.8
TRAIN step=7300 loss=1.81708 seconds=387.0
TRAIN step=7400 loss=1.78956 seconds=391.8
TRAIN step=7500 loss=1.89406 seconds=396.8
TRAIN step=7600 loss=1.83819 seconds=401.9
TRAIN step=7700 loss=1.86977 seconds=407.1
TRAIN step=7800 loss=1.82469 seconds=412.2
TRAIN step=7900 loss=1.88850 seconds=417.2
TRAIN step=8000 loss=1.84613 seconds=422.3
VALIDATION step=8000 macro_auc=0.864389 stale=1/2
TRAIN step=8100 loss=1.89901 seconds=432.3
TRAIN step=8200 loss=1.87510 seconds=437.4
TRAIN step=8300 loss=1.78284 seconds=442.4
TRAIN step=8400 loss=1.85594 seconds=447.0
TRAIN step=8500 loss=1.76238 seconds=451.7
TRAIN step=8600 loss=1.81646 seconds=456.4
TRAIN step=8700 loss=1.85782 seconds=461.3
TRAIN step=8800 loss=1.89591 seconds=466.4
TRAIN step=8900 loss=1.81441 seconds=471.4
TRAIN step=9000 loss=1.88901 seconds=476.1
TRAIN step=9100 loss=1.83345 seconds=481.0
TRAIN step=9200 loss=1.73017 seconds=486.0
TRAIN step=9300 loss=1.90243 seconds=491.0
TRAIN step=9400 loss=1.89649 seconds=496.1
TRAIN step=9500 loss=1.84837 seconds=500.9
TRAIN step=9600 loss=1.81554 seconds=505.4
TRAIN step=9700 loss=1.71594 seconds=510.3
TRAIN step=9800 loss=1.84221 seconds=515.4
TRAIN step=9900 loss=1.78340 seconds=520.3
TRAIN step=10000 loss=1.83212 seconds=525.3
VALIDATION step=10000 macro_auc=0.865849 stale=0/2
wandb:
wandb: Run history:
wandb:   episodes ▁▁▂▂▂▂▂▃▃▃▃▃▃▄▄▄▄▄▄▄▄▅▅▅▅▅▆▆▆▆▇▇▇▇▇▇▇▇██
wandb: train_loss █▇▇▅▄▃▃▃▃▂▃▃▂▂▂▂▂▂▂▂▂▂▁▁▁▂▂▂▁▁▁▁▁▁▂▁▂▁▁▁
wandb:
wandb: Run summary:
wandb:                best_step 10000
wandb:                  command /home/mhchu/minicond...
wandb:    effective_config_file effective_config.yam...
wandb:                 episodes 10000
wandb:               num_params 4860034
wandb:       source_config_file /dataMeR1/phil/gfm/p...
wandb:               train_loss 1.83212
wandb: validation_macro_roc_auc 0.86585
wandb:
wandb: You can sync this run to the cloud by running:
wandb: wandb sync /dataMeR1/phil/gfm/prodigy-nmi-overnight/log/production/train_20260904_023434/wandb/offline-run-20260904_024258-l96232z2
wandb: Find logs at: ./log/production/train_20260904_023434/wandb/offline-run-20260904_024258-l96232z2/logs
Saved best model to /dataMeR1/phil/gfm/prodigy-nmi-overnight/log/production/train_20260904_023434/state/nmi_capacity_r8_s0_20260904_023439_012/state_dict
