[21:16:29] watcher up. waiting for final ckpt (step>=110000) in: nm_pxsrc_p000 nm_pxsrc_p010 nm_pxsrc_p025 nm_pxsrc_p050 nm_pxsrc_p100
[21:16:29] not ready: p000=-1 p010=-1 p025=-1 p050=-1 p100=-1 
[21:21:30] not ready: p000=-1 p010=-1 p025=-1 p050=-1 p100=-1 
[21:26:30] not ready: p000=-1 p010=-1 p025=-1 p050=-1 p100=-1 
[21:31:30] not ready: p000=-1 p010=-1 p025=-1 p050=-1 p100=-1 
[21:36:30] not ready: p000=-1 p010=-1 p025=-1 p050=-1 p100=-1 
[21:41:30] not ready: p000=-1 p010=-1 p025=-1 p050=-1 p100=-1 
[21:46:30] not ready: p000=-1 p010=-1 p025=-1 p050=-1 p100=-1 
[21:51:30] not ready: p000=-1 p010=-1 p025=-1 p050=-1 p100=-1 
[21:56:30] not ready: p000=-1 p010=-1 p025=-1 p050=-1 p100=-1 
[22:01:30] not ready: p000=-1 p010=-1 p025=-1 p050=-1 p100=-1 
[22:06:30] not ready: p000=-1 p010=-1 p025=10000 p050=-1 p100=-1 
[22:11:30] not ready: p000=-1 p010=-1 p025=10000 p050=-1 p100=-1 
[22:16:30] not ready: p000=-1 p010=10000 p025=10000 p050=10000 p100=-1 
[22:21:30] not ready: p000=-1 p010=10000 p025=10000 p050=10000 p100=-1 
[22:26:30] not ready: p000=-1 p010=10000 p025=10000 p050=10000 p100=-1 
[22:31:30] not ready: p000=-1 p010=10000 p025=10000 p050=10000 p100=-1 
[22:36:30] not ready: p000=10000 p010=10000 p025=10000 p050=10000 p100=10000 
[22:41:30] not ready: p000=10000 p010=10000 p025=10000 p050=10000 p100=10000 
[22:46:30] not ready: p000=10000 p010=10000 p025=10000 p050=10000 p100=10000 
[22:51:30] not ready: p000=10000 p010=10000 p025=10000 p050=10000 p100=10000 
[22:56:30] not ready: p000=10000 p010=10000 p025=10000 p050=10000 p100=10000 
[23:01:30] not ready: p000=10000 p010=10000 p025=10000 p050=10000 p100=10000 
[23:06:30] not ready: p000=10000 p010=10000 p025=10000 p050=10000 p100=10000 
[23:11:31] not ready: p000=10000 p010=10000 p025=20000 p050=10000 p100=10000 
[23:16:31] not ready: p000=10000 p010=10000 p025=20000 p050=10000 p100=10000 
[23:21:31] not ready: p000=10000 p010=10000 p025=20000 p050=10000 p100=10000 
[23:26:31] not ready: p000=10000 p010=10000 p025=20000 p050=10000 p100=10000 
[23:31:31] not ready: p000=10000 p010=20000 p025=20000 p050=20000 p100=10000 
[23:36:31] not ready: p000=10000 p010=20000 p025=20000 p050=20000 p100=10000 
[23:41:31] not ready: p000=20000 p010=20000 p025=20000 p050=20000 p100=20000 
[23:46:31] not ready: p000=20000 p010=20000 p025=20000 p050=20000 p100=20000 
[23:51:31] not ready: p000=20000 p010=20000 p025=30000 p050=20000 p100=20000 
[23:56:31] not ready: p000=20000 p010=20000 p025=30000 p050=30000 p100=20000 
[00:01:31] not ready: p000=20000 p010=20000 p025=30000 p050=30000 p100=20000 
[00:06:31] not ready: p000=20000 p010=20000 p025=30000 p050=30000 p100=20000 
[00:11:31] not ready: p000=30000 p010=20000 p025=30000 p050=30000 p100=30000 
[00:16:31] not ready: p000=30000 p010=30000 p025=40000 p050=30000 p100=30000 
[00:21:31] not ready: p000=30000 p010=30000 p025=40000 p050=30000 p100=30000 
[00:26:31] not ready: p000=30000 p010=30000 p025=40000 p050=40000 p100=30000 
[00:31:31] not ready: p000=30000 p010=30000 p025=40000 p050=40000 p100=30000 
[00:36:31] not ready: p000=30000 p010=30000 p025=40000 p050=40000 p100=30000 
[00:41:31] not ready: p000=40000 p010=30000 p025=50000 p050=40000 p100=40000 
[00:46:31] not ready: p000=40000 p010=30000 p025=50000 p050=40000 p100=40000 
[00:51:31] not ready: p000=40000 p010=30000 p025=50000 p050=50000 p100=40000 
[00:56:31] not ready: p000=40000 p010=30000 p025=50000 p050=50000 p100=40000 
[01:01:32] not ready: p000=40000 p010=30000 p025=50000 p050=50000 p100=40000 
[01:06:32] not ready: p000=50000 p010=30000 p025=50000 p050=50000 p100=40000 
[01:11:32] not ready: p000=50000 p010=30000 p025=60000 p050=50000 p100=50000 
[01:16:32] not ready: p000=50000 p010=30000 p025=60000 p050=50000 p100=50000 
[01:21:32] not ready: p000=50000 p010=30000 p025=60000 p050=60000 p100=50000 
[01:26:32] not ready: p000=50000 p010=40000 p025=60000 p050=60000 p100=50000 
[01:31:32] not ready: p000=50000 p010=40000 p025=60000 p050=60000 p100=50000 
[01:36:32] not ready: p000=50000 p010=40000 p025=60000 p050=60000 p100=50000 
[01:41:32] not ready: p000=50000 p010=40000 p025=60000 p050=60000 p100=50000 
[01:46:32] not ready: p000=50000 p010=40000 p025=60000 p050=60000 p100=50000 
[01:51:32] not ready: p000=50000 p010=40000 p025=60000 p050=60000 p100=50000 
[01:56:32] not ready: p000=60000 p010=40000 p025=60000 p050=60000 p100=50000 
[02:01:32] not ready: p000=60000 p010=40000 p025=70000 p050=60000 p100=50000 
[02:06:32] not ready: p000=60000 p010=40000 p025=70000 p050=60000 p100=60000 
[02:11:32] not ready: p000=60000 p010=40000 p025=70000 p050=60000 p100=60000 
[02:16:32] not ready: p000=60000 p010=40000 p025=70000 p050=60000 p100=60000 
[02:21:32] not ready: p000=60000 p010=40000 p025=70000 p050=60000 p100=60000 
[02:26:32] not ready: p000=60000 p010=40000 p025=70000 p050=60000 p100=60000 
[02:31:32] not ready: p000=60000 p010=40000 p025=70000 p050=60000 p100=60000 
[02:36:32] not ready: p000=60000 p010=40000 p025=70000 p050=70000 p100=60000 
[02:41:32] not ready: p000=60000 p010=40000 p025=70000 p050=70000 p100=60000 
[02:46:32] not ready: p000=60000 p010=40000 p025=70000 p050=70000 p100=60000 
[02:51:32] not ready: p000=60000 p010=40000 p025=70000 p050=70000 p100=60000 
[02:56:33] not ready: p000=60000 p010=50000 p025=70000 p050=70000 p100=60000 
[03:01:33] not ready: p000=60000 p010=50000 p025=70000 p050=70000 p100=60000 
[03:06:33] not ready: p000=60000 p010=50000 p025=70000 p050=70000 p100=60000 
[03:11:33] not ready: p000=60000 p010=50000 p025=80000 p050=70000 p100=60000 
[03:16:33] not ready: p000=70000 p010=50000 p025=80000 p050=70000 p100=60000 
[03:21:33] not ready: p000=70000 p010=50000 p025=80000 p050=70000 p100=60000 
[03:26:33] not ready: p000=70000 p010=50000 p025=80000 p050=70000 p100=60000 
[03:31:33] not ready: p000=70000 p010=50000 p025=80000 p050=70000 p100=70000 
[03:36:33] not ready: p000=70000 p010=50000 p025=80000 p050=70000 p100=70000 
[03:41:33] not ready: p000=70000 p010=50000 p025=80000 p050=70000 p100=70000 
[03:46:33] not ready: p000=70000 p010=50000 p025=80000 p050=70000 p100=70000 
[03:51:33] not ready: p000=70000 p010=50000 p025=80000 p050=70000 p100=70000 
[03:56:33] not ready: p000=70000 p010=60000 p025=80000 p050=70000 p100=70000 
[04:01:33] not ready: p000=70000 p010=60000 p025=80000 p050=70000 p100=70000 
[04:06:33] not ready: p000=70000 p010=60000 p025=80000 p050=80000 p100=70000 
[04:11:33] not ready: p000=70000 p010=60000 p025=80000 p050=80000 p100=70000 
[04:16:33] not ready: p000=70000 p010=60000 p025=80000 p050=80000 p100=70000 
[04:21:33] not ready: p000=70000 p010=60000 p025=80000 p050=80000 p100=70000 
[04:26:33] not ready: p000=70000 p010=60000 p025=80000 p050=80000 p100=70000 
[04:31:33] not ready: p000=70000 p010=60000 p025=80000 p050=80000 p100=70000 
[04:36:33] not ready: p000=70000 p010=60000 p025=80000 p050=80000 p100=70000 
[04:41:33] not ready: p000=70000 p010=60000 p025=80000 p050=80000 p100=70000 
[04:46:33] not ready: p000=70000 p010=60000 p025=80000 p050=80000 p100=70000 
[04:51:34] not ready: p000=70000 p010=60000 p025=80000 p050=80000 p100=70000 
[04:56:34] not ready: p000=70000 p010=60000 p025=80000 p050=80000 p100=70000 
[05:01:34] not ready: p000=70000 p010=60000 p025=90000 p050=80000 p100=70000 
[05:06:34] not ready: p000=70000 p010=60000 p025=90000 p050=80000 p100=70000 
[05:11:34] not ready: p000=70000 p010=60000 p025=90000 p050=80000 p100=70000 
[05:16:34] not ready: p000=80000 p010=60000 p025=90000 p050=80000 p100=70000 
[05:21:34] not ready: p000=80000 p010=60000 p025=90000 p050=80000 p100=70000 
[05:26:34] not ready: p000=80000 p010=60000 p025=90000 p050=80000 p100=80000 
[05:31:34] not ready: p000=80000 p010=60000 p025=90000 p050=80000 p100=80000 
[05:36:34] not ready: p000=80000 p010=70000 p025=90000 p050=90000 p100=80000 
[05:41:34] not ready: p000=80000 p010=70000 p025=90000 p050=90000 p100=80000 
[05:46:34] not ready: p000=80000 p010=70000 p025=90000 p050=90000 p100=80000 
[05:51:34] not ready: p000=80000 p010=70000 p025=90000 p050=90000 p100=80000 
[05:56:34] not ready: p000=80000 p010=70000 p025=90000 p050=90000 p100=80000 
[06:01:34] not ready: p000=80000 p010=70000 p025=100000 p050=90000 p100=80000 
[06:06:34] not ready: p000=80000 p010=70000 p025=100000 p050=90000 p100=80000 
[06:11:34] not ready: p000=80000 p010=70000 p025=100000 p050=90000 p100=80000 
[06:16:34] not ready: p000=80000 p010=70000 p025=100000 p050=90000 p100=80000 
[06:21:34] not ready: p000=80000 p010=70000 p025=100000 p050=90000 p100=80000 
[06:26:34] not ready: p000=80000 p010=70000 p025=100000 p050=90000 p100=80000 
[06:31:34] not ready: p000=80000 p010=70000 p025=100000 p050=90000 p100=80000 
[06:36:34] not ready: p000=80000 p010=70000 p025=100000 p050=90000 p100=80000 
[06:41:35] not ready: p000=80000 p010=70000 p025=100000 p050=90000 p100=80000 
[06:46:35] not ready: p000=80000 p010=70000 p025=100000 p050=90000 p100=80000 
[06:51:35] not ready: p000=80000 p010=70000 p025=100000 p050=90000 p100=80000 
[06:56:35] not ready: p000=80000 p010=70000 p025=100000 p050=90000 p100=80000 
[07:01:35] not ready: p000=80000 p010=70000 p025=100000 p050=90000 p100=80000 
[07:06:35] not ready: p000=90000 p010=70000 p025=100000 p050=90000 p100=80000 
[07:11:35] not ready: p000=90000 p010=70000 p025=100000 p050=90000 p100=80000 
[07:16:35] not ready: p000=90000 p010=80000 p025=100000 p050=90000 p100=90000 
[07:21:35] not ready: p000=90000 p010=80000 p025=100000 p050=90000 p100=90000 
[07:26:35] not ready: p000=90000 p010=80000 p025=100000 p050=90000 p100=90000 
[07:31:35] not ready: p000=90000 p010=80000 p025=100000 p050=100000 p100=90000 
[07:36:35] not ready: p000=90000 p010=80000 p025=100000 p050=100000 p100=90000 
[07:41:35] not ready: p000=90000 p010=80000 p025=100000 p050=100000 p100=90000 
[07:46:35] not ready: p000=90000 p010=80000 p025=110000 p050=100000 p100=90000 
[07:51:35] not ready: p000=90000 p010=80000 p025=110000 p050=100000 p100=90000 
[07:56:35] not ready: p000=90000 p010=80000 p025=110000 p050=100000 p100=90000 
[08:01:35] not ready: p000=90000 p010=80000 p025=110000 p050=100000 p100=90000 
[08:06:35] not ready: p000=90000 p010=80000 p025=110000 p050=100000 p100=90000 
[08:11:35] not ready: p000=90000 p010=80000 p025=110000 p050=100000 p100=90000 
[08:16:35] not ready: p000=90000 p010=80000 p025=110000 p050=100000 p100=90000 
[08:21:35] not ready: p000=90000 p010=80000 p025=110000 p050=100000 p100=90000 
[08:26:35] not ready: p000=90000 p010=80000 p025=110000 p050=100000 p100=90000 
[08:31:35] not ready: p000=90000 p010=80000 p025=110000 p050=100000 p100=90000 
[08:36:35] not ready: p000=90000 p010=90000 p025=110000 p050=100000 p100=90000 
[08:41:36] not ready: p000=90000 p010=90000 p025=110000 p050=100000 p100=90000 
[08:46:36] not ready: p000=90000 p010=90000 p025=110000 p050=100000 p100=90000 
[08:51:36] not ready: p000=90000 p010=90000 p025=110000 p050=100000 p100=90000 
[08:56:36] not ready: p000=100000 p010=90000 p025=110000 p050=100000 p100=90000 
[09:01:36] not ready: p000=100000 p010=90000 p025=110000 p050=100000 p100=90000 
[09:06:36] not ready: p000=100000 p010=90000 p025=110000 p050=110000 p100=90000 
[09:11:36] not ready: p000=100000 p010=90000 p025=110000 p050=110000 p100=100000 
[09:16:36] not ready: p000=100000 p010=90000 p025=110000 p050=110000 p100=100000 
[09:21:36] not ready: p000=100000 p010=90000 p025=110000 p050=110000 p100=100000 
[09:26:36] not ready: p000=100000 p010=90000 p025=110000 p050=110000 p100=100000 
[09:31:36] not ready: p000=100000 p010=90000 p025=110000 p050=110000 p100=100000 
[09:36:36] not ready: p000=100000 p010=90000 p025=110000 p050=110000 p100=100000 
[09:41:36] not ready: p000=100000 p010=90000 p025=110000 p050=110000 p100=100000 
[09:46:36] not ready: p000=100000 p010=90000 p025=110000 p050=110000 p100=100000 
[09:51:36] not ready: p000=100000 p010=90000 p025=110000 p050=110000 p100=100000 
[09:56:36] not ready: p000=100000 p010=90000 p025=110000 p050=110000 p100=100000 
[10:01:36] not ready: p000=100000 p010=90000 p025=110000 p050=110000 p100=100000 
[10:06:36] not ready: p000=100000 p010=90000 p025=110000 p050=110000 p100=100000 
[10:11:36] not ready: p000=100000 p010=90000 p025=110000 p050=110000 p100=100000 
[10:16:36] not ready: p000=100000 p010=90000 p025=110000 p050=110000 p100=100000 
[10:21:36] not ready: p000=100000 p010=90000 p025=110000 p050=110000 p100=100000 
[10:26:36] not ready: p000=100000 p010=100000 p025=110000 p050=110000 p100=100000 
[10:31:36] not ready: p000=100000 p010=100000 p025=110000 p050=110000 p100=100000 
[10:36:36] not ready: p000=110000 p010=100000 p025=110000 p050=110000 p100=100000 
[10:41:37] not ready: p000=110000 p010=100000 p025=110000 p050=110000 p100=110000 
[10:46:37] not ready: p000=110000 p010=100000 p025=110000 p050=110000 p100=110000 
[10:51:37] not ready: p000=110000 p010=100000 p025=110000 p050=110000 p100=110000 
[10:56:37] not ready: p000=110000 p010=100000 p025=110000 p050=110000 p100=110000 
[11:01:37] not ready: p000=110000 p010=100000 p025=110000 p050=110000 p100=110000 
[11:06:37] not ready: p000=110000 p010=100000 p025=110000 p050=110000 p100=110000 
[11:11:37] not ready: p000=110000 p010=100000 p025=110000 p050=110000 p100=110000 
[11:16:37] not ready: p000=110000 p010=100000 p025=110000 p050=110000 p100=110000 
[11:21:37] not ready: p000=110000 p010=100000 p025=110000 p050=110000 p100=110000 
[11:26:37] not ready: p000=110000 p010=100000 p025=110000 p050=110000 p100=110000 
[11:31:37] not ready: p000=110000 p010=100000 p025=110000 p050=110000 p100=110000 
[11:36:37] not ready: p000=110000 p010=100000 p025=110000 p050=110000 p100=110000 
[11:41:37] not ready: p000=110000 p010=100000 p025=110000 p050=110000 p100=110000 
[11:46:37] not ready: p000=110000 p010=100000 p025=110000 p050=110000 p100=110000 
[11:51:37] not ready: p000=110000 p010=100000 p025=110000 p050=110000 p100=110000 
[11:56:37] not ready: p000=110000 p010=100000 p025=110000 p050=110000 p100=110000 
[12:01:37] not ready: p000=110000 p010=100000 p025=110000 p050=110000 p100=110000 
[12:06:37] all final ckpts present. building model_list + eval on GPU 2...
wrote /dataMeR1/phil/gfm/prodigy-sampling/scripts/experiments/sampling_improvements/partial_cross_source/model_list.txt:
nm_pxsrc_p000 /dataMeR1/phil/gfm/prodigy-sampling/state/nm_pxsrc_p000_10_07_2026_21_10_28/checkpoint/state_dict_110000.ckpt
nm_pxsrc_p010 /dataMeR1/phil/gfm/prodigy-sampling/state/nm_pxsrc_p010_10_07_2026_21_10_28/checkpoint/state_dict_110000.ckpt
nm_pxsrc_p025 /dataMeR1/phil/gfm/prodigy-sampling/state/nm_pxsrc_p025_10_07_2026_21_06_31/checkpoint/state_dict_110000.ckpt
nm_pxsrc_p050 /dataMeR1/phil/gfm/prodigy-sampling/state/nm_pxsrc_p050_10_07_2026_21_10_28/checkpoint/state_dict_110000.ckpt
nm_pxsrc_p100 /dataMeR1/phil/gfm/prodigy-sampling/state/nm_pxsrc_p100_10_07_2026_21_10_28/checkpoint/state_dict_110000.ckpt
/home/mhchu/miniconda3/lib/python3.12/site-packages/conda/base/context.py:211: FutureWarning: Adding 'defaults' to channel list implicitly is deprecated and will be removed in 25.9. 

To remove this warning, please choose a default channel explicitly with conda's regular configuration system, e.g. by adding 'defaults' to the list of channels:

  conda config --add channels defaults

For more information see https://docs.conda.io/projects/conda/en/stable/user-guide/configuration/use-condarc.html

  deprecated.topic(
[progress] eval selection datasets=['ukr_rus_twitter', 'covid19_twitter'] tasks=['neighbor_matching'] shots=['3'] models=5
[skip] ukr_rus_twitter: missing graph /dataMeR2/phil/data/ukr_rus_twitter/graphs/retweet_graph_parquet.pt
[skip] covid19_twitter: missing graph /dataMeR2/phil/data/covid19_twitter/graphs/retweet_graph_parquet.pt
[progress] no eval jobs selected
[warn] no eval dirs with test_accuracy
[warn] no eval dirs with test_f1
[warn] no eval dirs with test_roc_auc
No matching eval dirs under /dataMeR1/phil/gfm/prodigy-sampling/log
[12:06:40] DONE. table -> RESULTS.txt, long-form -> sweep.csv
