Loading covid_political graph from /dataMeR1/phil/data/covid_political/graphs/retweet_graph.pt...
Applied midterm feature subset 'emb_only': 768 -> 768 dims.
Using all midterm edge features (2 dims): ['rt_weight', 'mn_weight']
Graph: 78672 nodes, 180928 edges, 768 node features
Building neighbor sampler (CSR preprocessing)...
Neighbor sampler ready.
Edge features: 2 dims from edge view 'default'
Cached original/covid_political batch 0
Cached original/covid_political batch 1
Cached original/covid_political batch 2
Cached original/covid_political batch 3
Cached original/covid_political batch 4
Cached original/covid_political batch 5
Cached original/covid_political batch 6
Cached original/covid_political batch 7
Cached original/covid_political batch 8
Cached original/covid_political batch 9
Cached original/covid_political batch 10
Cached original/covid_political batch 11
Cached original/covid_political batch 12
Cached original/covid_political batch 13
Cached original/covid_political batch 14
Cached original/covid_political batch 15
Cached original/covid_political batch 16
Cached original/covid_political batch 17
Cached original/covid_political batch 18
Cached original/covid_political batch 19
Cached original/covid_political batch 20
Cached original/covid_political batch 21
Cached original/covid_political batch 22
Cached original/covid_political batch 23
Cached original/covid_political batch 24
Cached original/covid_political batch 25
Cached original/covid_political batch 26
Cached original/covid_political batch 27
Cached original/covid_political batch 28
Cached original/covid_political batch 29
Cached original/covid_political batch 30
Cached original/covid_political batch 31
Cached fresh/covid_political batch 0
Cached fresh/covid_political batch 1
Cached fresh/covid_political batch 2
Cached fresh/covid_political batch 3
Cached fresh/covid_political batch 4
Cached fresh/covid_political batch 5
Cached fresh/covid_political batch 6
Cached fresh/covid_political batch 7
Cached fresh/covid_political batch 8
Cached fresh/covid_political batch 9
Cached fresh/covid_political batch 10
Cached fresh/covid_political batch 11
Cached fresh/covid_political batch 12
Cached fresh/covid_political batch 13
Cached fresh/covid_political batch 14
Cached fresh/covid_political batch 15
Cached fresh/covid_political batch 16
Cached fresh/covid_political batch 17
Cached fresh/covid_political batch 18
Cached fresh/covid_political batch 19
Cached fresh/covid_political batch 20
Cached fresh/covid_political batch 21
Cached fresh/covid_political batch 22
Cached fresh/covid_political batch 23
Cached fresh/covid_political batch 24
Cached fresh/covid_political batch 25
Cached fresh/covid_political batch 26
Cached fresh/covid_political batch 27
Cached fresh/covid_political batch 28
Cached fresh/covid_political batch 29
Cached fresh/covid_political batch 30
Cached fresh/covid_political batch 31
Loading election2020 graph from /dataMeR1/phil/data/election2020/graphs/retweet_graph.pt...
Applied midterm feature subset 'emb_only': 768 -> 768 dims.
Using all midterm edge features (2 dims): ['rt_weight', 'mn_weight']
Graph: 78932 nodes, 2818603 edges, 768 node features  labels=['non_conservative', 'conservative']
Building neighbor sampler...
Neighbor sampler ready.
Edge features: 2 dims from 'default'
Cached original/election2020 batch 0
Cached original/election2020 batch 1
Cached original/election2020 batch 2
Cached original/election2020 batch 3
Cached original/election2020 batch 4
Cached original/election2020 batch 5
Cached original/election2020 batch 6
Cached original/election2020 batch 7
Cached original/election2020 batch 8
Cached original/election2020 batch 9
Cached original/election2020 batch 10
Cached original/election2020 batch 11
Cached original/election2020 batch 12
Cached original/election2020 batch 13
Cached original/election2020 batch 14
Cached original/election2020 batch 15
Cached original/election2020 batch 16
Cached original/election2020 batch 17
Cached original/election2020 batch 18
Cached original/election2020 batch 19
Cached original/election2020 batch 20
Cached original/election2020 batch 21
Cached original/election2020 batch 22
Cached original/election2020 batch 23
Cached original/election2020 batch 24
Cached original/election2020 batch 25
Cached original/election2020 batch 26
Cached original/election2020 batch 27
Cached original/election2020 batch 28
Cached original/election2020 batch 29
Cached original/election2020 batch 30
Cached original/election2020 batch 31
Cached fresh/election2020 batch 0
Cached fresh/election2020 batch 1
Cached fresh/election2020 batch 2
Cached fresh/election2020 batch 3
Cached fresh/election2020 batch 4
Cached fresh/election2020 batch 5
Cached fresh/election2020 batch 6
Cached fresh/election2020 batch 7
Cached fresh/election2020 batch 8
Cached fresh/election2020 batch 9
Cached fresh/election2020 batch 10
Cached fresh/election2020 batch 11
Cached fresh/election2020 batch 12
Cached fresh/election2020 batch 13
Cached fresh/election2020 batch 14
Cached fresh/election2020 batch 15
Cached fresh/election2020 batch 16
Cached fresh/election2020 batch 17
Cached fresh/election2020 batch 18
Cached fresh/election2020 batch 19
Cached fresh/election2020 batch 20
Cached fresh/election2020 batch 21
Cached fresh/election2020 batch 22
Cached fresh/election2020 batch 23
Cached fresh/election2020 batch 24
Cached fresh/election2020 batch 25
Cached fresh/election2020 batch 26
Cached fresh/election2020 batch 27
Cached fresh/election2020 batch 28
Cached fresh/election2020 batch 29
Cached fresh/election2020 batch 30
Cached fresh/election2020 batch 31
Loading ukr_rus_twitter graph from /dataMeR1/phil/data/facebook_page_reference/graphs/page_reference_graph.pt...
Applied midterm feature subset 'emb_only': 768 -> 768 dims.
Using all midterm edge features (2 dims): ['n_reference_posts', 'n_content_reference_posts']
Graph: 150000 nodes, 167622 edges, 768 node features
Building neighbor sampler (CSR preprocessing)...
Neighbor sampler ready.
Edge features: 2 dims from edge view 'default'
Cached original/facebook_page_reference batch 0
Cached original/facebook_page_reference batch 1
Cached original/facebook_page_reference batch 2
Cached original/facebook_page_reference batch 3
Cached original/facebook_page_reference batch 4
Cached original/facebook_page_reference batch 5
Cached original/facebook_page_reference batch 6
Cached original/facebook_page_reference batch 7
Cached original/facebook_page_reference batch 8
Cached original/facebook_page_reference batch 9
Cached original/facebook_page_reference batch 10
Cached original/facebook_page_reference batch 11
Cached original/facebook_page_reference batch 12
Cached original/facebook_page_reference batch 13
Cached original/facebook_page_reference batch 14
Cached original/facebook_page_reference batch 15
Cached original/facebook_page_reference batch 16
Cached original/facebook_page_reference batch 17
Cached original/facebook_page_reference batch 18
Cached original/facebook_page_reference batch 19
Cached original/facebook_page_reference batch 20
Cached original/facebook_page_reference batch 21
Cached original/facebook_page_reference batch 22
Cached original/facebook_page_reference batch 23
Cached original/facebook_page_reference batch 24
Cached original/facebook_page_reference batch 25
Cached original/facebook_page_reference batch 26
Cached original/facebook_page_reference batch 27
Cached original/facebook_page_reference batch 28
Cached original/facebook_page_reference batch 29
Cached original/facebook_page_reference batch 30
Cached original/facebook_page_reference batch 31
Cached fresh/facebook_page_reference batch 0
Cached fresh/facebook_page_reference batch 1
Cached fresh/facebook_page_reference batch 2
Cached fresh/facebook_page_reference batch 3
Cached fresh/facebook_page_reference batch 4
Cached fresh/facebook_page_reference batch 5
Cached fresh/facebook_page_reference batch 6
Cached fresh/facebook_page_reference batch 7
Cached fresh/facebook_page_reference batch 8
Cached fresh/facebook_page_reference batch 9
Cached fresh/facebook_page_reference batch 10
Cached fresh/facebook_page_reference batch 11
Cached fresh/facebook_page_reference batch 12
Cached fresh/facebook_page_reference batch 13
Cached fresh/facebook_page_reference batch 14
Cached fresh/facebook_page_reference batch 15
Cached fresh/facebook_page_reference batch 16
Cached fresh/facebook_page_reference batch 17
Cached fresh/facebook_page_reference batch 18
Cached fresh/facebook_page_reference batch 19
Cached fresh/facebook_page_reference batch 20
Cached fresh/facebook_page_reference batch 21
Cached fresh/facebook_page_reference batch 22
Cached fresh/facebook_page_reference batch 23
Cached fresh/facebook_page_reference batch 24
Cached fresh/facebook_page_reference batch 25
Cached fresh/facebook_page_reference batch 26
Cached fresh/facebook_page_reference batch 27
Cached fresh/facebook_page_reference batch 28
Cached fresh/facebook_page_reference batch 29
Cached fresh/facebook_page_reference batch 30
Cached fresh/facebook_page_reference batch 31
Loading twibot20 graph from /dataMeR1/phil/data/twibot20/graphs/retweet_graph.pt...
Applied midterm feature subset 'emb_only': 768 -> 768 dims.
Using all midterm edge features (1 dims): ['n_retweets']
Graph: 162990 nodes, 2010925 edges, 768 node features  labels=['human', 'bot']
Building neighbor sampler...
Neighbor sampler ready.
Edge features: 1 dims from 'default'
Cached original/twibot20 batch 0
Cached original/twibot20 batch 1
Cached original/twibot20 batch 2
Cached original/twibot20 batch 3
Cached original/twibot20 batch 4
Cached original/twibot20 batch 5
Cached original/twibot20 batch 6
Cached original/twibot20 batch 7
Cached original/twibot20 batch 8
Cached original/twibot20 batch 9
Cached original/twibot20 batch 10
Cached original/twibot20 batch 11
Cached original/twibot20 batch 12
Cached original/twibot20 batch 13
Cached original/twibot20 batch 14
Cached original/twibot20 batch 15
Cached original/twibot20 batch 16
Cached original/twibot20 batch 17
Cached original/twibot20 batch 18
Cached original/twibot20 batch 19
Cached original/twibot20 batch 20
Cached original/twibot20 batch 21
Cached original/twibot20 batch 22
Cached original/twibot20 batch 23
Cached original/twibot20 batch 24
Cached original/twibot20 batch 25
Cached original/twibot20 batch 26
Cached original/twibot20 batch 27
Cached original/twibot20 batch 28
Cached original/twibot20 batch 29
Cached original/twibot20 batch 30
Cached original/twibot20 batch 31
Cached fresh/twibot20 batch 0
Cached fresh/twibot20 batch 1
Cached fresh/twibot20 batch 2
Cached fresh/twibot20 batch 3
Cached fresh/twibot20 batch 4
Cached fresh/twibot20 batch 5
Cached fresh/twibot20 batch 6
Cached fresh/twibot20 batch 7
Cached fresh/twibot20 batch 8
Cached fresh/twibot20 batch 9
Cached fresh/twibot20 batch 10
Cached fresh/twibot20 batch 11
Cached fresh/twibot20 batch 12
Cached fresh/twibot20 batch 13
Cached fresh/twibot20 batch 14
Cached fresh/twibot20 batch 15
Cached fresh/twibot20 batch 16
Cached fresh/twibot20 batch 17
Cached fresh/twibot20 batch 18
Cached fresh/twibot20 batch 19
Cached fresh/twibot20 batch 20
Cached fresh/twibot20 batch 21
Cached fresh/twibot20 batch 22
Cached fresh/twibot20 batch 23
Cached fresh/twibot20 batch 24
Cached fresh/twibot20 batch 25
Cached fresh/twibot20 batch 26
Cached fresh/twibot20 batch 27
Cached fresh/twibot20 batch 28
Cached fresh/twibot20 batch 29
Cached fresh/twibot20 batch 30
Cached fresh/twibot20 batch 31
Loading ukr_rus_suspended graph from /dataMeR1/phil/data/ukr_rus_suspended/graphs/retweet_graph.pt...
Applied midterm feature subset 'emb_only': 768 -> 768 dims.
Using all midterm edge features (2 dims): ['rt_weight', 'mn_weight']
Graph: 72295 nodes, 354209 edges, 768 node features  labels=['non_suspended', 'suspended']
Building neighbor sampler...
Neighbor sampler ready.
Edge features: 2 dims from 'default'
Cached original/ukr_rus_suspended batch 0
Cached original/ukr_rus_suspended batch 1
Cached original/ukr_rus_suspended batch 2
Cached original/ukr_rus_suspended batch 3
Cached original/ukr_rus_suspended batch 4
Cached original/ukr_rus_suspended batch 5
Cached original/ukr_rus_suspended batch 6
Cached original/ukr_rus_suspended batch 7
Cached original/ukr_rus_suspended batch 8
Cached original/ukr_rus_suspended batch 9
Cached original/ukr_rus_suspended batch 10
Cached original/ukr_rus_suspended batch 11
Cached original/ukr_rus_suspended batch 12
Cached original/ukr_rus_suspended batch 13
Cached original/ukr_rus_suspended batch 14
Cached original/ukr_rus_suspended batch 15
Cached original/ukr_rus_suspended batch 16
Cached original/ukr_rus_suspended batch 17
Cached original/ukr_rus_suspended batch 18
Cached original/ukr_rus_suspended batch 19
Cached original/ukr_rus_suspended batch 20
Cached original/ukr_rus_suspended batch 21
Cached original/ukr_rus_suspended batch 22
Cached original/ukr_rus_suspended batch 23
Cached original/ukr_rus_suspended batch 24
Cached original/ukr_rus_suspended batch 25
Cached original/ukr_rus_suspended batch 26
Cached original/ukr_rus_suspended batch 27
Cached original/ukr_rus_suspended batch 28
Cached original/ukr_rus_suspended batch 29
Cached original/ukr_rus_suspended batch 30
Cached original/ukr_rus_suspended batch 31
Cached fresh/ukr_rus_suspended batch 0
Cached fresh/ukr_rus_suspended batch 1
Cached fresh/ukr_rus_suspended batch 2
Cached fresh/ukr_rus_suspended batch 3
Cached fresh/ukr_rus_suspended batch 4
Cached fresh/ukr_rus_suspended batch 5
Cached fresh/ukr_rus_suspended batch 6
Cached fresh/ukr_rus_suspended batch 7
Cached fresh/ukr_rus_suspended batch 8
Cached fresh/ukr_rus_suspended batch 9
Cached fresh/ukr_rus_suspended batch 10
Cached fresh/ukr_rus_suspended batch 11
Cached fresh/ukr_rus_suspended batch 12
Cached fresh/ukr_rus_suspended batch 13
Cached fresh/ukr_rus_suspended batch 14
Cached fresh/ukr_rus_suspended batch 15
Cached fresh/ukr_rus_suspended batch 16
Cached fresh/ukr_rus_suspended batch 17
Cached fresh/ukr_rus_suspended batch 18
Cached fresh/ukr_rus_suspended batch 19
Cached fresh/ukr_rus_suspended batch 20
Cached fresh/ukr_rus_suspended batch 21
Cached fresh/ukr_rus_suspended batch 22
Cached fresh/ukr_rus_suspended batch 23
Cached fresh/ukr_rus_suspended batch 24
Cached fresh/ukr_rus_suspended batch 25
Cached fresh/ukr_rus_suspended batch 26
Cached fresh/ukr_rus_suspended batch 27
Cached fresh/ukr_rus_suspended batch 28
Cached fresh/ukr_rus_suspended batch 29
Cached fresh/ukr_rus_suspended batch 30
Cached fresh/ukr_rus_suspended batch 31
