/home/mhchu/miniconda3/lib/python3.12/site-packages/conda/base/context.py:211: FutureWarning: Adding 'defaults' to channel list implicitly is deprecated and will be removed in 25.9.

To remove this warning, please choose a default channel explicitly with conda's regular configuration system, e.g. by adding 'defaults' to the list of channels:

  conda config --add channels defaults

For more information see https://docs.conda.io/projects/conda/en/stable/user-guide/configuration/use-condarc.html

  deprecated.topic(
OK: 27 arms; order-only matched exposure; total_steps=2500
[gpu 3] START r2_blocked_s1 order=covid,ukr_rus counts=1250,1250 utc=2026-09-07T04:08:06Z
[gpu 1] START r2_replay100_s0 order=ukr_rus,covid counts=1250,1250 utc=2026-09-07T04:08:06Z
[gpu 0] START r2_blocked_s0 order=ukr_rus,covid counts=1250,1250 utc=2026-09-07T04:08:06Z
[gpu 2] START r2_interleaved_s0 order=ukr_rus,covid counts=1250,1250 utc=2026-09-07T04:08:06Z
[gpu 0] DONE r2_blocked_s0 utc=2026-09-07T04:13:57Z
[gpu 0] START r2_replay100_s1 order=covid,ukr_rus counts=1250,1250 utc=2026-09-07T04:13:57Z
[gpu 1] DONE r2_replay100_s0 utc=2026-09-07T04:13:59Z
[gpu 1] START r2_interleaved_s1 order=covid,ukr_rus counts=1250,1250 utc=2026-09-07T04:13:59Z
[gpu 3] DONE r2_blocked_s1 utc=2026-09-07T04:14:01Z
[gpu 3] START r2_replay100_s2 order=ukr_rus,covid counts=1250,1250 utc=2026-09-07T04:14:01Z
[gpu 2] DONE r2_interleaved_s0 utc=2026-09-07T04:14:12Z
[gpu 2] START r2_blocked_s2 order=ukr_rus,covid counts=1250,1250 utc=2026-09-07T04:14:12Z
[gpu 3] DONE r2_replay100_s2 utc=2026-09-07T04:19:57Z
[gpu 3] START r3_interleaved_s0 order=ukr_rus,covid,midterm counts=834,833,833 utc=2026-09-07T04:19:57Z
[gpu 1] DONE r2_interleaved_s1 utc=2026-09-07T04:20:00Z
[gpu 1] START r3_blocked_s0 order=ukr_rus,covid,midterm counts=834,833,833 utc=2026-09-07T04:20:00Z
[gpu 0] DONE r2_replay100_s1 utc=2026-09-07T04:20:26Z
[gpu 0] START r2_interleaved_s2 order=ukr_rus,covid counts=1250,1250 utc=2026-09-07T04:20:26Z
[gpu 2] DONE r2_blocked_s2 utc=2026-09-07T04:21:13Z
[gpu 2] START r3_replay100_s0 order=ukr_rus,covid,midterm counts=834,833,833 utc=2026-09-07T04:21:13Z
[gpu 3] DONE r3_interleaved_s0 utc=2026-09-07T04:25:58Z
[gpu 3] START r3_blocked_s2 order=midterm,ukr_rus,covid counts=834,833,833 utc=2026-09-07T04:25:58Z
[gpu 1] DONE r3_blocked_s0 utc=2026-09-07T04:26:03Z
[gpu 1] START r3_replay100_s1 order=covid,midterm,ukr_rus counts=834,833,833 utc=2026-09-07T04:26:03Z
[gpu 0] DONE r2_interleaved_s2 utc=2026-09-07T04:26:57Z
[gpu 0] START r3_blocked_s1 order=covid,midterm,ukr_rus counts=834,833,833 utc=2026-09-07T04:26:57Z
[gpu 2] DONE r3_replay100_s0 utc=2026-09-07T04:27:11Z
[gpu 2] START r3_interleaved_s1 order=covid,midterm,ukr_rus counts=834,833,833 utc=2026-09-07T04:27:12Z
[gpu 1] DONE r3_replay100_s1 utc=2026-09-07T04:32:04Z
[gpu 1] START r3_interleaved_s2 order=midterm,ukr_rus,covid counts=834,833,833 utc=2026-09-07T04:32:04Z
[gpu 3] DONE r3_blocked_s2 utc=2026-09-07T04:32:15Z
[gpu 3] START r4_replay100_s0 order=ukr_rus,covid,midterm,covid_political counts=625,625,625,625 utc=2026-09-07T04:32:15Z
[gpu 0] DONE r3_blocked_s1 utc=2026-09-07T04:33:00Z
[gpu 0] START r3_replay100_s2 order=midterm,ukr_rus,covid counts=834,833,833 utc=2026-09-07T04:33:00Z
[gpu 2] DONE r3_interleaved_s1 utc=2026-09-07T04:33:06Z
[gpu 2] START r4_blocked_s0 order=ukr_rus,covid,midterm,covid_political counts=625,625,625,625 utc=2026-09-07T04:33:06Z
[gpu 1] DONE r3_interleaved_s2 utc=2026-09-07T04:38:03Z
[gpu 1] START r4_blocked_s1 order=covid,midterm,covid_political,ukr_rus counts=625,625,625,625 utc=2026-09-07T04:38:03Z
[gpu 3] DONE r4_replay100_s0 utc=2026-09-07T04:38:07Z
[gpu 3] START r4_interleaved_s1 order=covid,midterm,covid_political,ukr_rus counts=625,625,625,625 utc=2026-09-07T04:38:07Z
[gpu 0] DONE r3_replay100_s2 utc=2026-09-07T04:38:58Z
[gpu 0] START r4_interleaved_s0 order=ukr_rus,covid,midterm,covid_political counts=625,625,625,625 utc=2026-09-07T04:38:58Z
[gpu 2] DONE r4_blocked_s0 utc=2026-09-07T04:38:58Z
[gpu 2] START r4_replay100_s1 order=covid,midterm,covid_political,ukr_rus counts=625,625,625,625 utc=2026-09-07T04:38:58Z
[gpu 3] DONE r4_interleaved_s1 utc=2026-09-07T04:43:59Z
[gpu 1] DONE r4_blocked_s1 utc=2026-09-07T04:44:00Z
[gpu 1] START r4_replay100_s2 order=midterm,covid_political,ukr_rus,covid counts=625,625,625,625 utc=2026-09-07T04:44:00Z
[gpu 2] DONE r4_replay100_s1 utc=2026-09-07T04:44:33Z
[gpu 2] START r4_interleaved_s2 order=midterm,covid_political,ukr_rus,covid counts=625,625,625,625 utc=2026-09-07T04:44:33Z
[gpu 0] DONE r4_interleaved_s0 utc=2026-09-07T04:44:43Z
[gpu 0] START r4_blocked_s2 order=midterm,covid_political,ukr_rus,covid counts=625,625,625,625 utc=2026-09-07T04:44:43Z
[gpu 1] DONE r4_replay100_s2 utc=2026-09-07T04:49:43Z
[gpu 2] DONE r4_interleaved_s2 utc=2026-09-07T04:50:16Z
[gpu 0] DONE r4_blocked_s2 utc=2026-09-07T04:50:22Z
TRACE_SCHEDULE_TRAINING_COMPLETE phase=full model_list=/dataMeR1/phil/gfm/prodigy-trace-schedule/log/trace_schedule_scaling/launch/model_list_20260907v1.tsv
