/home/mhchu/miniconda3/lib/python3.12/site-packages/conda/base/context.py:211: FutureWarning: Adding 'defaults' to channel list implicitly is deprecated and will be removed in 25.9.

To remove this warning, please choose a default channel explicitly with conda's regular configuration system, e.g. by adding 'defaults' to the list of channels:

  conda config --add channels defaults

For more information see https://docs.conda.io/projects/conda/en/stable/user-guide/configuration/use-condarc.html

  deprecated.topic(
[gpu 2] START replay original/twibot20 utc=2026-09-07T04:53:26Z
[gpu 0] START replay original/election2020 utc=2026-09-07T04:53:26Z
[gpu 1] START replay original/ukr_rus_suspended utc=2026-09-07T04:53:26Z
[gpu 3] START replay original/covid_political utc=2026-09-07T04:53:26Z
[gpu 1] DONE replay original/ukr_rus_suspended utc=2026-09-07T04:54:16Z
[gpu 1] START replay fresh/election2020 utc=2026-09-07T04:54:16Z
[gpu 3] DONE replay original/covid_political utc=2026-09-07T04:54:23Z
[gpu 3] START replay fresh/twibot20 utc=2026-09-07T04:54:23Z
[gpu 0] DONE replay original/election2020 utc=2026-09-07T04:54:29Z
[gpu 0] START replay original/facebook_page_reference utc=2026-09-07T04:54:29Z
[gpu 2] DONE replay original/twibot20 utc=2026-09-07T04:54:41Z
[gpu 2] START replay fresh/ukr_rus_suspended utc=2026-09-07T04:54:41Z
[gpu 0] DONE replay original/facebook_page_reference utc=2026-09-07T04:55:12Z
[gpu 0] START replay fresh/covid_political utc=2026-09-07T04:55:12Z
[gpu 1] DONE replay fresh/election2020 utc=2026-09-07T04:55:21Z
[gpu 1] START replay fresh/facebook_page_reference utc=2026-09-07T04:55:21Z
[gpu 2] DONE replay fresh/ukr_rus_suspended utc=2026-09-07T04:55:28Z
[gpu 3] DONE replay fresh/twibot20 utc=2026-09-07T04:55:36Z
[gpu 1] DONE replay fresh/facebook_page_reference utc=2026-09-07T04:56:05Z
[gpu 0] DONE replay fresh/covid_political utc=2026-09-07T04:56:09Z
TRACE_SCHEDULE_REPLAY_COMPLETE output=/dataMeR1/phil/gfm/prodigy-trace-schedule/log/trace_schedule_scaling/replay_20260907v1r1
