wandb: Tracking run with wandb version 0.27.2
wandb: W&B syncing is set to `offline` in this directory. Run `wandb online` or set WANDB_MODE=online to enable cloud syncing.
wandb: Run data is saved locally in /dataMeR1/phil/gfm/prodigy-nmi-overnight/log/production/train_20260904_023434/wandb/offline-run-20260904_033233-uh0smp32
[03:32:34] Saved effective config YAML to W&B files: /dataMeR1/phil/gfm/prodigy-nmi-overnight/log/production/train_20260904_023434/wandb/offline-run-20260904_033233-uh0smp32/files/effective_config.yaml
[03:32:34] Saved source config YAML to W&B files: /dataMeR1/phil/gfm/prodigy-nmi-overnight/log/production/train_20260904_023434/wandb/offline-run-20260904_033233-uh0smp32/files/objective_r4_s0.yaml
[03:32:34] Command: /home/mhchu/miniconda3/envs/prodigy/bin/python experiments/run_shared_graph.py --configs scripts/experiments/setup/nm_interventions_overnight/configs/baseline_r8_s0.yaml scripts/experiments/setup/nm_interventions_overnight/configs/exposure_r8_s0.yaml scripts/experiments/setup/nm_interventions_overnight/configs/schedule_r8_s0.yaml scripts/experiments/setup/nm_interventions_overnight/configs/composition_r8_s0.yaml scripts/experiments/setup/nm_interventions_overnight/configs/centers_r8_s0.yaml scripts/experiments/setup/nm_interventions_overnight/configs/eligibility_r8_s0.yaml scripts/experiments/setup/nm_interventions_overnight/configs/positives_r8_s0.yaml scripts/experiments/setup/nm_interventions_overnight/configs/negatives_r8_s0.yaml scripts/experiments/setup/nm_interventions_overnight/configs/context_r8_s0.yaml scripts/experiments/setup/nm_interventions_overnight/configs/optimization_r8_s0.yaml scripts/experiments/setup/nm_interventions_overnight/configs/alignment_r8_s0.yaml scripts/experiments/setup/nm_interventions_overnight/configs/sharing_r8_s0.yaml scripts/experiments/setup/nm_interventions_overnight/configs/capacity_r8_s0.yaml scripts/experiments/setup/nm_interventions_overnight/configs/objective_r8_s0.yaml scripts/experiments/setup/nm_interventions_overnight/configs/region_adaptive_r8_s0.yaml scripts/experiments/setup/nm_interventions_overnight/configs/coverage_r8_s0.yaml scripts/experiments/setup/nm_interventions_overnight/configs/budget_r8_s0.yaml scripts/experiments/setup/nm_interventions_overnight/configs/baseline_r1_s0.yaml scripts/experiments/setup/nm_interventions_overnight/configs/exposure_r1_s0.yaml scripts/experiments/setup/nm_interventions_overnight/configs/schedule_r1_s0.yaml scripts/experiments/setup/nm_interventions_overnight/configs/composition_r1_s0.yaml scripts/experiments/setup/nm_interventions_overnight/configs/centers_r1_s0.yaml scripts/experiments/setup/nm_interventions_overnight/configs/eligibility_r1_s0.yaml scripts/experiments/setup/nm_interventions_overnight/configs/positives_r1_s0.yaml scripts/experiments/setup/nm_interventions_overnight/configs/negatives_r1_s0.yaml scripts/experiments/setup/nm_interventions_overnight/configs/context_r1_s0.yaml scripts/experiments/setup/nm_interventions_overnight/configs/optimization_r1_s0.yaml scripts/experiments/setup/nm_interventions_overnight/configs/alignment_r1_s0.yaml scripts/experiments/setup/nm_interventions_overnight/configs/sharing_r1_s0.yaml scripts/experiments/setup/nm_interventions_overnight/configs/capacity_r1_s0.yaml scripts/experiments/setup/nm_interventions_overnight/configs/objective_r1_s0.yaml scripts/experiments/setup/nm_interventions_overnight/configs/region_adaptive_r1_s0.yaml scripts/experiments/setup/nm_interventions_overnight/configs/coverage_r1_s0.yaml scripts/experiments/setup/nm_interventions_overnight/configs/budget_r1_s0.yaml scripts/experiments/setup/nm_interventions_overnight/configs/baseline_r2_s0.yaml scripts/experiments/setup/nm_interventions_overnight/configs/exposure_r2_s0.yaml scripts/experiments/setup/nm_interventions_overnight/configs/schedule_r2_s0.yaml scripts/experiments/setup/nm_interventions_overnight/configs/composition_r2_s0.yaml scripts/experiments/setup/nm_interventions_overnight/configs/centers_r2_s0.yaml scripts/experiments/setup/nm_interventions_overnight/configs/eligibility_r2_s0.yaml scripts/experiments/setup/nm_interventions_overnight/configs/positives_r2_s0.yaml scripts/experiments/setup/nm_interventions_overnight/configs/negatives_r2_s0.yaml scripts/experiments/setup/nm_interventions_overnight/configs/context_r2_s0.yaml scripts/experiments/setup/nm_interventions_overnight/configs/optimization_r2_s0.yaml scripts/experiments/setup/nm_interventions_overnight/configs/alignment_r2_s0.yaml scripts/experiments/setup/nm_interventions_overnight/configs/sharing_r2_s0.yaml scripts/experiments/setup/nm_interventions_overnight/configs/capacity_r2_s0.yaml scripts/experiments/setup/nm_interventions_overnight/configs/objective_r2_s0.yaml scripts/experiments/setup/nm_interventions_overnight/configs/region_adaptive_r2_s0.yaml scripts/experiments/setup/nm_interventions_overnight/configs/coverage_r2_s0.yaml scripts/experiments/setup/nm_interventions_overnight/configs/budget_r2_s0.yaml scripts/experiments/setup/nm_interventions_overnight/configs/baseline_r3_s0.yaml scripts/experiments/setup/nm_interventions_overnight/configs/exposure_r3_s0.yaml scripts/experiments/setup/nm_interventions_overnight/configs/schedule_r3_s0.yaml scripts/experiments/setup/nm_interventions_overnight/configs/composition_r3_s0.yaml scripts/experiments/setup/nm_interventions_overnight/configs/centers_r3_s0.yaml scripts/experiments/setup/nm_interventions_overnight/configs/eligibility_r3_s0.yaml scripts/experiments/setup/nm_interventions_overnight/configs/positives_r3_s0.yaml scripts/experiments/setup/nm_interventions_overnight/configs/negatives_r3_s0.yaml scripts/experiments/setup/nm_interventions_overnight/configs/context_r3_s0.yaml scripts/experiments/setup/nm_interventions_overnight/configs/optimization_r3_s0.yaml scripts/experiments/setup/nm_interventions_overnight/configs/alignment_r3_s0.yaml scripts/experiments/setup/nm_interventions_overnight/configs/sharing_r3_s0.yaml scripts/experiments/setup/nm_interventions_overnight/configs/capacity_r3_s0.yaml scripts/experiments/setup/nm_interventions_overnight/configs/objective_r3_s0.yaml scripts/experiments/setup/nm_interventions_overnight/configs/region_adaptive_r3_s0.yaml scripts/experiments/setup/nm_interventions_overnight/configs/coverage_r3_s0.yaml scripts/experiments/setup/nm_interventions_overnight/configs/budget_r3_s0.yaml scripts/experiments/setup/nm_interventions_overnight/configs/baseline_r4_s0.yaml scripts/experiments/setup/nm_interventions_overnight/configs/exposure_r4_s0.yaml scripts/experiments/setup/nm_interventions_overnight/configs/schedule_r4_s0.yaml scripts/experiments/setup/nm_interventions_overnight/configs/composition_r4_s0.yaml scripts/experiments/setup/nm_interventions_overnight/configs/centers_r4_s0.yaml scripts/experiments/setup/nm_interventions_overnight/configs/eligibility_r4_s0.yaml scripts/experiments/setup/nm_interventions_overnight/configs/positives_r4_s0.yaml scripts/experiments/setup/nm_interventions_overnight/configs/negatives_r4_s0.yaml scripts/experiments/setup/nm_interventions_overnight/configs/context_r4_s0.yaml scripts/experiments/setup/nm_interventions_overnight/configs/optimization_r4_s0.yaml scripts/experiments/setup/nm_interventions_overnight/configs/alignment_r4_s0.yaml scripts/experiments/setup/nm_interventions_overnight/configs/sharing_r4_s0.yaml scripts/experiments/setup/nm_interventions_overnight/configs/capacity_r4_s0.yaml scripts/experiments/setup/nm_interventions_overnight/configs/objective_r4_s0.yaml scripts/experiments/setup/nm_interventions_overnight/configs/region_adaptive_r4_s0.yaml scripts/experiments/setup/nm_interventions_overnight/configs/coverage_r4_s0.yaml scripts/experiments/setup/nm_interventions_overnight/configs/budget_r4_s0.yaml scripts/experiments/setup/nm_interventions_overnight/configs/baseline_r5_s0.yaml scripts/experiments/setup/nm_interventions_overnight/configs/exposure_r5_s0.yaml scripts/experiments/setup/nm_interventions_overnight/configs/schedule_r5_s0.yaml scripts/experiments/setup/nm_interventions_overnight/configs/composition_r5_s0.yaml scripts/experiments/setup/nm_interventions_overnight/configs/centers_r5_s0.yaml scripts/experiments/setup/nm_interventions_overnight/configs/eligibility_r5_s0.yaml scripts/experiments/setup/nm_interventions_overnight/configs/positives_r5_s0.yaml scripts/experiments/setup/nm_interventions_overnight/configs/negatives_r5_s0.yaml scripts/experiments/setup/nm_interventions_overnight/configs/context_r5_s0.yaml scripts/experiments/setup/nm_interventions_overnight/configs/optimization_r5_s0.yaml scripts/experiments/setup/nm_interventions_overnight/configs/alignment_r5_s0.yaml scripts/experiments/setup/nm_interventions_overnight/configs/sharing_r5_s0.yaml scripts/experiments/setup/nm_interventions_overnight/configs/capacity_r5_s0.yaml scripts/experiments/setup/nm_interventions_overnight/configs/objective_r5_s0.yaml scripts/experiments/setup/nm_interventions_overnight/configs/region_adaptive_r5_s0.yaml scripts/experiments/setup/nm_interventions_overnight/configs/coverage_r5_s0.yaml scripts/experiments/setup/nm_interventions_overnight/configs/budget_r5_s0.yaml scripts/experiments/setup/nm_interventions_overnight/configs/baseline_r6_s0.yaml scripts/experiments/setup/nm_interventions_overnight/configs/exposure_r6_s0.yaml scripts/experiments/setup/nm_interventions_overnight/configs/schedule_r6_s0.yaml scripts/experiments/setup/nm_interventions_overnight/configs/composition_r6_s0.yaml scripts/experiments/setup/nm_interventions_overnight/configs/centers_r6_s0.yaml scripts/experiments/setup/nm_interventions_overnight/configs/eligibility_r6_s0.yaml scripts/experiments/setup/nm_interventions_overnight/configs/positives_r6_s0.yaml scripts/experiments/setup/nm_interventions_overnight/configs/negatives_r6_s0.yaml scripts/experiments/setup/nm_interventions_overnight/configs/context_r6_s0.yaml scripts/experiments/setup/nm_interventions_overnight/configs/optimization_r6_s0.yaml scripts/experiments/setup/nm_interventions_overnight/configs/alignment_r6_s0.yaml scripts/experiments/setup/nm_interventions_overnight/configs/sharing_r6_s0.yaml scripts/experiments/setup/nm_interventions_overnight/configs/capacity_r6_s0.yaml scripts/experiments/setup/nm_interventions_overnight/configs/objective_r6_s0.yaml scripts/experiments/setup/nm_interventions_overnight/configs/region_adaptive_r6_s0.yaml scripts/experiments/setup/nm_interventions_overnight/configs/coverage_r6_s0.yaml scripts/experiments/setup/nm_interventions_overnight/configs/budget_r6_s0.yaml scripts/experiments/setup/nm_interventions_overnight/configs/baseline_r7_s0.yaml scripts/experiments/setup/nm_interventions_overnight/configs/exposure_r7_s0.yaml scripts/experiments/setup/nm_interventions_overnight/configs/schedule_r7_s0.yaml scripts/experiments/setup/nm_interventions_overnight/configs/composition_r7_s0.yaml scripts/experiments/setup/nm_interventions_overnight/configs/centers_r7_s0.yaml scripts/experiments/setup/nm_interventions_overnight/configs/eligibility_r7_s0.yaml scripts/experiments/setup/nm_interventions_overnight/configs/positives_r7_s0.yaml scripts/experiments/setup/nm_interventions_overnight/configs/negatives_r7_s0.yaml scripts/experiments/setup/nm_interventions_overnight/configs/context_r7_s0.yaml scripts/experiments/setup/nm_interventions_overnight/configs/optimization_r7_s0.yaml scripts/experiments/setup/nm_interventions_overnight/configs/alignment_r7_s0.yaml scripts/experiments/setup/nm_interventions_overnight/configs/sharing_r7_s0.yaml scripts/experiments/setup/nm_interventions_overnight/configs/capacity_r7_s0.yaml scripts/experiments/setup/nm_interventions_overnight/configs/objective_r7_s0.yaml scripts/experiments/setup/nm_interventions_overnight/configs/region_adaptive_r7_s0.yaml scripts/experiments/setup/nm_interventions_overnight/configs/coverage_r7_s0.yaml scripts/experiments/setup/nm_interventions_overnight/configs/budget_r7_s0.yaml --gpus 1 2 3 --models-per-gpu 4 --worker-budget 48 --threads-per-model 2 --run-dir /dataMeR1/phil/gfm/prodigy-nmi-overnight/log/production/train_20260904_023434
wandb: WARNING URL not available in offline run
[03:32:34] Initializing trainer
---------- Parameters ----------
  campaign_flags: aux_reconstruction
  campaign_protocol: True
  campaign_eval_interval: 2000
  campaign_min_delta: 0.001
  campaign_val_per_source: 16
  campaign_holdout: twibot20
  config: /dataMeR1/phil/gfm/prodigy-nmi-overnight/scripts/experiments/setup/nm_interventions_overnight/configs/objective_r4_s0.yaml
  root: /dataMeR1/phil/data/merged/graphs
  dataset: covid19_twitter
  csv_filename: twitter_data.csv
  facebook_pkl_filename: facebook_2022-06-24_2022-06-25_part1.pkl
  facebook_edges_filename: facebook_2022-06-24_2022-06-25_part1_edges.csv
  facebook_node_features_filename: facebook_2022-06-24_2022-06-25_part1_node_features.csv
  facebook_data_source: csv
  facebook_use_edge_features: False
  facebook_edge_feature_columns:
  facebook_source_pkl_path:
  facebook_embeddings_path:
  facebook_embedding_ids_path:
  facebook_text_emb_model:
  facebook_target_dim: 768
  facebook_filter_to_uk_ru: True
  facebook_max_posts: None
  label_type: verified
  max_users: None
  invalidate_cache: False
  dataset_len_cap: 10000
  val_len_cap: 1
  test_len_cap: 1
  shuffle_index: False
  force_cache: False
  classification_only: False
  early_stopping_patience: 2
  reset_after_layer: None
  original_features: True
  override_log: False
  seed: 0
  eval_episode_seed_offset: 0
  metric: Acc
  learning_rate: 0.001
  epochs: 1
  print_epoch: 10
  eval_epoch: 10
  checkpoint_epoch: 10
  print_step: 100
  eval_step: 10001
  checkpoint_step: 10001
  source_diagnostics_interval: 0
  checkpoint_steps:
  batch_size: 1
  weight_decay: 0.001
  dropout: 0.0
  text_features_dropout: 0
  rel_sample_random_seed: None
  split_train_nodes: False
  verbose: False
  detect_anomaly: False
  loader_start_method: spawn
  workers: 4
  device: cuda:0
  input_dim: 768
  emb_dim: 256
  gnn_type: sage
  n_layer: 1
  meta_n_layer: 1
  second_gnn: Atten
  attention_mask_scheme: causal
  skip_path: False
  has_final_back: False
  layers: S,U,M
  ignore_label_embeddings: True
  zero_label_embeddings: False
  not_freeze_learned_label_embedding: False
  linear_probe: False
  fix_datasets_first: False
  no_bn_metagraph: False
  no_bn_encoder: False
  calc_ranks: False
  save_roc_curve: False
  eval_only: False
  eval_only_split: test
  eval_test_before_train: False
  eval_val_before_train: False
  eval_after_train: False
  meta_gnn_pos_only: False
  task_name: neighbor_matching
  zero_shot: False
  no_split_labels: True
  all_test: False
  train_cap: None
  label_set: None
  csr_split: False
  n_way: 30
  n_shots: 3
  n_query: 4
  neighbor_sampling_strategy: strict
  neighbor_sampling_strata:
  neighbor_sampling_episode_source: graph_id
  neighbor_sampling_source_subset: ukr_rus,covid,midterm,covid_political
  neighbor_sampling_source_sequence:
  neighbor_sampling_source_sequence_steps:
  neighbor_sampling_episode_source_weighting: balanced
  neighbor_sampling_batch_source_mode: independent
  neighbor_sampling_cross_source_prob: 0.0
  neighbor_sampling_center_radii:
  neighbor_sampling_center_radius_weights:
  neighbor_sampling_center_region_fanout: 64
  neighbor_sampling_center_region_node_limit: 4096
  neighbor_sampling_center_region_candidate_limit: 512
  neighbor_sampling_center_max_attempts: 200
  neighbor_matching_edge_split: True
  n_way_upper: -1
  n_shots_upper: -1
  n_query_upper: -1
  max_length: -1
  augmentation:
  augment_test: False
  ablate_features: none
  ablate_edges: none
  structural_features: none
  attr_regression_weight: 0.1
  fp_mask_ratio: 0.3
  fp_mask_strategy: zero
  mix_task_counts: 1,1,1
  mix_cl_aug: NZ0.2
  e4_combine: simultaneous
  e4_weights: 1,1,1
  e4_task_counts: 1,1,1
  e4_lp_neg_k: 1
  prefix: nmi_objective_r4_s0
  timestamp: 04_09_2026_02_34_39
  tags: []
  log_dir: /dataMeR1/phil/gfm/prodigy-nmi-overnight/log/production/train_20260904_023434/log
  state_dir: /dataMeR1/phil/gfm/prodigy-nmi-overnight/log/production/train_20260904_023434/state
  bert_emb_model: multi-qa-distilbert-cos-v1
  bert_cache: multi-qa-distilbert-cos-v1
  label_emb_model:
  label_emb_texts:
  label_emb_revision:
  label_emb_trust_remote_code: True
  label_emb_normalize: True
  kg_emb_model:
  pretrained_model_run:
  resume_training_checkpoint:
  n_hop: 2
  neighbor_sampling_hop_sizes: 9,9
  neighbor_sampling_node_limit: 101
  neighbor_matching_walk_hops: 1
  graph_filename: ukr_rus_covid_midterm_all9_facebook_final_core_split_seed0.pt
  target_feature:
  target_feature_keep_in_x: False
  target_transform: none
  feature_subset: all
  midterm_label_downsample:
  eval_random_query: False
  edge_view: static_train
  target_edge_view: static_test
  edge_feature_subset: all
  midterm_lp_neg_ratio: 1
  hard_negatives: True
  use_edge_features: False
  midterm_debug_print_episodes: 0
  debug_print_predictions: 0
  export_predictions: False
  prediction_context_neighbors: 3
  prediction_support_per_label: 3
  small_dataset: False
  experiment_type: metagraph
  exp_name: nmi_objective_r4_s0_20260904_023439_081
  physical_gpu: 2
--------------------------------
SingleLayerGeneralGNN(
  (layer_list): ModuleList(
    (0): MultiLayerGNN(
      (module_list): ModuleList(
        (0): SAGEConvSelfLoops()
      )
      (act): ReLU()
      (reset_mlp): Linear(in_features=512, out_features=256, bias=True)
      (reset_mlp_c): Linear(in_features=256, out_features=256, bias=True)
      (reset_mlp_m): Linear(in_features=256, out_features=256, bias=True)
    )
    (1): BgGraphToSupernodePropagator()
    (2): MetaGNN(
      (gnn_layers): ModuleList(
        (0): MetaGNNLayer()
      )
      (gnn_non_linear): GELU(approximate='none')
    )
  )
  (cos): CosineSimilarity()
  (initial_label_mlp): Linear(in_features=768, out_features=256, bias=True)
  (initial_input_mlp): Identity()
  (final_label_mlp): Identity()
  (final_input_mlp): Identity()
  (learned_label_embedding): Embedding(1000, 256)
  (txt_dropout): Dropout(p=0, inplace=False)
)
Number of trainable parameters of the model: 1640514
Neighbor sampling graph_id strata (confine-to-one-source) [subset 4/9 sources]: ukr_rus:10400775, covid:23012850, midterm:341908, covid_political:78672
Neighbor sampling graph_id strata (confine-to-one-source) [subset 4/9 sources]: ukr_rus:10400775, covid:23012850, midterm:341908, covid_political:78672
Neighbor sampling graph_id strata (confine-to-one-source) [subset 4/9 sources]: ukr_rus:10400775, covid:23012850, midterm:341908, covid_political:78672
Materializing fixed training-source validation panel
Neighbor sampling graph_id strata (confine-to-one-source) [subset 1/9 sources]: ukr_rus:10400775
Neighbor sampling graph_id strata (confine-to-one-source) [subset 1/9 sources]: covid:23012850
Neighbor sampling graph_id strata (confine-to-one-source) [subset 1/9 sources]: midterm:341908
Neighbor sampling graph_id strata (confine-to-one-source) [subset 1/9 sources]: covid_political:78672
TRAIN step=1 loss=3.43893 seconds=3.8
TRAIN step=100 loss=3.32838 seconds=9.1
TRAIN step=200 loss=3.11792 seconds=14.0
TRAIN step=300 loss=2.77108 seconds=18.7
TRAIN step=400 loss=2.56991 seconds=23.5
TRAIN step=500 loss=2.42803 seconds=28.2
TRAIN step=600 loss=2.20961 seconds=32.9
TRAIN step=700 loss=2.18425 seconds=37.5
TRAIN step=800 loss=2.04807 seconds=42.2
TRAIN step=900 loss=2.00317 seconds=46.7
TRAIN step=1000 loss=2.00860 seconds=51.6
TRAIN step=1100 loss=2.01186 seconds=56.2
TRAIN step=1200 loss=1.91546 seconds=60.9
TRAIN step=1300 loss=1.94818 seconds=65.8
TRAIN step=1400 loss=1.99274 seconds=70.6
TRAIN step=1500 loss=1.95892 seconds=75.6
TRAIN step=1600 loss=1.97404 seconds=81.2
TRAIN step=1700 loss=1.87567 seconds=86.7
TRAIN step=1800 loss=1.84732 seconds=92.2
TRAIN step=1900 loss=1.94178 seconds=97.7
TRAIN step=2000 loss=1.96696 seconds=103.2
VALIDATION step=2000 macro_auc=0.892924 stale=0/2
TRAIN step=2100 loss=1.94934 seconds=112.1
TRAIN step=2200 loss=1.91567 seconds=117.7
TRAIN step=2300 loss=1.87536 seconds=123.0
TRAIN step=2400 loss=1.84610 seconds=128.2
TRAIN step=2500 loss=1.90093 seconds=133.3
TRAIN step=2600 loss=1.85402 seconds=138.5
TRAIN step=2700 loss=1.89165 seconds=143.7
TRAIN step=2800 loss=1.89976 seconds=148.7
TRAIN step=2900 loss=1.92855 seconds=154.1
TRAIN step=3000 loss=1.86383 seconds=159.4
TRAIN step=3100 loss=1.88626 seconds=164.8
TRAIN step=3200 loss=1.84045 seconds=170.2
TRAIN step=3300 loss=1.88362 seconds=175.6
TRAIN step=3400 loss=1.80451 seconds=181.0
TRAIN step=3500 loss=1.82966 seconds=186.4
TRAIN step=3600 loss=1.77682 seconds=191.8
TRAIN step=3700 loss=1.78746 seconds=197.1
TRAIN step=3800 loss=1.84880 seconds=202.6
TRAIN step=3900 loss=1.82987 seconds=208.1
TRAIN step=4000 loss=1.88887 seconds=213.4
VALIDATION step=4000 macro_auc=0.897614 stale=0/2
TRAIN step=4100 loss=1.80917 seconds=221.5
TRAIN step=4200 loss=1.82865 seconds=226.9
TRAIN step=4300 loss=1.70915 seconds=232.3
TRAIN step=4400 loss=1.84704 seconds=237.8
TRAIN step=4500 loss=1.81885 seconds=243.2
TRAIN step=4600 loss=1.77866 seconds=248.3
TRAIN step=4700 loss=1.86398 seconds=253.3
TRAIN step=4800 loss=1.81449 seconds=258.6
TRAIN step=4900 loss=1.78912 seconds=263.6
TRAIN step=5000 loss=1.80288 seconds=268.4
TRAIN step=5100 loss=1.75180 seconds=273.3
TRAIN step=5200 loss=1.73311 seconds=278.1
TRAIN step=5300 loss=1.68028 seconds=282.8
TRAIN step=5400 loss=1.72266 seconds=287.6
TRAIN step=5500 loss=1.83146 seconds=292.2
TRAIN step=5600 loss=1.79611 seconds=296.7
TRAIN step=5700 loss=1.75076 seconds=301.2
TRAIN step=5800 loss=1.72619 seconds=306.0
TRAIN step=5900 loss=1.77374 seconds=310.7
TRAIN step=6000 loss=1.79720 seconds=315.6
VALIDATION step=6000 macro_auc=0.900936 stale=0/2
TRAIN step=6100 loss=1.77023 seconds=322.8
TRAIN step=6200 loss=1.82707 seconds=327.6
TRAIN step=6300 loss=1.71112 seconds=332.5
TRAIN step=6400 loss=1.75955 seconds=337.7
TRAIN step=6500 loss=1.83547 seconds=343.0
TRAIN step=6600 loss=1.73715 seconds=348.3
TRAIN step=6700 loss=1.75674 seconds=353.6
TRAIN step=6800 loss=1.73843 seconds=358.8
TRAIN step=6900 loss=1.81146 seconds=363.9
TRAIN step=7000 loss=1.75873 seconds=368.9
TRAIN step=7100 loss=1.82539 seconds=373.9
TRAIN step=7200 loss=1.78785 seconds=379.0
TRAIN step=7300 loss=1.69282 seconds=383.9
TRAIN step=7400 loss=1.67480 seconds=389.0
TRAIN step=7500 loss=1.74780 seconds=394.4
TRAIN step=7600 loss=1.76520 seconds=399.8
TRAIN step=7700 loss=1.72589 seconds=405.1
TRAIN step=7800 loss=1.71394 seconds=410.2
TRAIN step=7900 loss=1.70021 seconds=415.0
TRAIN step=8000 loss=1.79566 seconds=420.0
VALIDATION step=8000 macro_auc=0.900522 stale=1/2
TRAIN step=8100 loss=1.76774 seconds=427.3
TRAIN step=8200 loss=1.65044 seconds=432.3
TRAIN step=8300 loss=1.77882 seconds=437.5
TRAIN step=8400 loss=1.70256 seconds=443.0
TRAIN step=8500 loss=1.76426 seconds=448.3
TRAIN step=8600 loss=1.67493 seconds=453.6
TRAIN step=8700 loss=1.72571 seconds=459.1
TRAIN step=8800 loss=1.69698 seconds=464.5
TRAIN step=8900 loss=1.71611 seconds=470.0
TRAIN step=9000 loss=1.80234 seconds=475.3
TRAIN step=9100 loss=1.70277 seconds=480.9
TRAIN step=9200 loss=1.73883 seconds=486.4
TRAIN step=9300 loss=1.78334 seconds=491.9
TRAIN step=9400 loss=1.75411 seconds=497.3
TRAIN step=9500 loss=1.69387 seconds=502.1
TRAIN step=9600 loss=1.73419 seconds=507.3
TRAIN step=9700 loss=1.67537 seconds=512.2
TRAIN step=9800 loss=1.77128 seconds=516.9
TRAIN step=9900 loss=1.68415 seconds=521.5
TRAIN step=10000 loss=1.76262 seconds=526.1
VALIDATION step=10000 macro_auc=0.899360 stale=2/2
wandb:
wandb: Run history:
wandb:   episodes ▁▁▁▁▂▂▂▂▂▂▃▃▄▄▄▄▄▄▅▅▅▅▅▅▆▆▆▆▆▆▇▇▇▇▇▇▇███
wandb: train_loss █▇▄▂▂▂▂▂▂▂▂▂▂▁▁▂▂▁▂▁▁▂▁▁▂▂▁▁▂▁▁▁▁▁▁▂▁▁▁▁
wandb:
wandb: Run summary:
wandb:                best_step 6000
wandb:                  command /home/mhchu/minicond...
wandb:    effective_config_file effective_config.yam...
wandb:                 episodes 10000
wandb:               num_params 1640514
wandb:       source_config_file /dataMeR1/phil/gfm/p...
wandb:               train_loss 1.76262
wandb: validation_macro_roc_auc 0.90094
wandb:
wandb: You can sync this run to the cloud by running:
wandb: wandb sync /dataMeR1/phil/gfm/prodigy-nmi-overnight/log/production/train_20260904_023434/wandb/offline-run-20260904_033233-uh0smp32
wandb: Find logs at: ./log/production/train_20260904_023434/wandb/offline-run-20260904_033233-uh0smp32/logs
Saved best model to /dataMeR1/phil/gfm/prodigy-nmi-overnight/log/production/train_20260904_023434/state/nmi_objective_r4_s0_20260904_023439_081/state_dict
