wandb: Tracking run with wandb version 0.27.2
wandb: W&B syncing is set to `offline` in this directory. Run `wandb online` or set WANDB_MODE=online to enable cloud syncing.
wandb: Run data is saved locally in /dataMeR1/phil/gfm/prodigy-nmi-overnight/log/production/train_20260904_023434/wandb/offline-run-20260904_034835-mgm2qvgc
[03:48:36] Saved effective config YAML to W&B files: /dataMeR1/phil/gfm/prodigy-nmi-overnight/log/production/train_20260904_023434/wandb/offline-run-20260904_034835-mgm2qvgc/files/effective_config.yaml
[03:48:36] Saved source config YAML to W&B files: /dataMeR1/phil/gfm/prodigy-nmi-overnight/log/production/train_20260904_023434/wandb/offline-run-20260904_034835-mgm2qvgc/files/baseline_r6_s0.yaml
[03:48:36] Command: /home/mhchu/miniconda3/envs/prodigy/bin/python experiments/run_shared_graph.py --configs scripts/experiments/setup/nm_interventions_overnight/configs/baseline_r8_s0.yaml scripts/experiments/setup/nm_interventions_overnight/configs/exposure_r8_s0.yaml scripts/experiments/setup/nm_interventions_overnight/configs/schedule_r8_s0.yaml scripts/experiments/setup/nm_interventions_overnight/configs/composition_r8_s0.yaml scripts/experiments/setup/nm_interventions_overnight/configs/centers_r8_s0.yaml scripts/experiments/setup/nm_interventions_overnight/configs/eligibility_r8_s0.yaml scripts/experiments/setup/nm_interventions_overnight/configs/positives_r8_s0.yaml scripts/experiments/setup/nm_interventions_overnight/configs/negatives_r8_s0.yaml scripts/experiments/setup/nm_interventions_overnight/configs/context_r8_s0.yaml scripts/experiments/setup/nm_interventions_overnight/configs/optimization_r8_s0.yaml scripts/experiments/setup/nm_interventions_overnight/configs/alignment_r8_s0.yaml scripts/experiments/setup/nm_interventions_overnight/configs/sharing_r8_s0.yaml scripts/experiments/setup/nm_interventions_overnight/configs/capacity_r8_s0.yaml scripts/experiments/setup/nm_interventions_overnight/configs/objective_r8_s0.yaml scripts/experiments/setup/nm_interventions_overnight/configs/region_adaptive_r8_s0.yaml scripts/experiments/setup/nm_interventions_overnight/configs/coverage_r8_s0.yaml scripts/experiments/setup/nm_interventions_overnight/configs/budget_r8_s0.yaml scripts/experiments/setup/nm_interventions_overnight/configs/baseline_r1_s0.yaml scripts/experiments/setup/nm_interventions_overnight/configs/exposure_r1_s0.yaml scripts/experiments/setup/nm_interventions_overnight/configs/schedule_r1_s0.yaml scripts/experiments/setup/nm_interventions_overnight/configs/composition_r1_s0.yaml scripts/experiments/setup/nm_interventions_overnight/configs/centers_r1_s0.yaml scripts/experiments/setup/nm_interventions_overnight/configs/eligibility_r1_s0.yaml scripts/experiments/setup/nm_interventions_overnight/configs/positives_r1_s0.yaml scripts/experiments/setup/nm_interventions_overnight/configs/negatives_r1_s0.yaml scripts/experiments/setup/nm_interventions_overnight/configs/context_r1_s0.yaml scripts/experiments/setup/nm_interventions_overnight/configs/optimization_r1_s0.yaml scripts/experiments/setup/nm_interventions_overnight/configs/alignment_r1_s0.yaml scripts/experiments/setup/nm_interventions_overnight/configs/sharing_r1_s0.yaml scripts/experiments/setup/nm_interventions_overnight/configs/capacity_r1_s0.yaml scripts/experiments/setup/nm_interventions_overnight/configs/objective_r1_s0.yaml scripts/experiments/setup/nm_interventions_overnight/configs/region_adaptive_r1_s0.yaml scripts/experiments/setup/nm_interventions_overnight/configs/coverage_r1_s0.yaml scripts/experiments/setup/nm_interventions_overnight/configs/budget_r1_s0.yaml scripts/experiments/setup/nm_interventions_overnight/configs/baseline_r2_s0.yaml scripts/experiments/setup/nm_interventions_overnight/configs/exposure_r2_s0.yaml scripts/experiments/setup/nm_interventions_overnight/configs/schedule_r2_s0.yaml scripts/experiments/setup/nm_interventions_overnight/configs/composition_r2_s0.yaml scripts/experiments/setup/nm_interventions_overnight/configs/centers_r2_s0.yaml scripts/experiments/setup/nm_interventions_overnight/configs/eligibility_r2_s0.yaml scripts/experiments/setup/nm_interventions_overnight/configs/positives_r2_s0.yaml scripts/experiments/setup/nm_interventions_overnight/configs/negatives_r2_s0.yaml scripts/experiments/setup/nm_interventions_overnight/configs/context_r2_s0.yaml scripts/experiments/setup/nm_interventions_overnight/configs/optimization_r2_s0.yaml scripts/experiments/setup/nm_interventions_overnight/configs/alignment_r2_s0.yaml scripts/experiments/setup/nm_interventions_overnight/configs/sharing_r2_s0.yaml scripts/experiments/setup/nm_interventions_overnight/configs/capacity_r2_s0.yaml scripts/experiments/setup/nm_interventions_overnight/configs/objective_r2_s0.yaml scripts/experiments/setup/nm_interventions_overnight/configs/region_adaptive_r2_s0.yaml scripts/experiments/setup/nm_interventions_overnight/configs/coverage_r2_s0.yaml scripts/experiments/setup/nm_interventions_overnight/configs/budget_r2_s0.yaml scripts/experiments/setup/nm_interventions_overnight/configs/baseline_r3_s0.yaml scripts/experiments/setup/nm_interventions_overnight/configs/exposure_r3_s0.yaml scripts/experiments/setup/nm_interventions_overnight/configs/schedule_r3_s0.yaml scripts/experiments/setup/nm_interventions_overnight/configs/composition_r3_s0.yaml scripts/experiments/setup/nm_interventions_overnight/configs/centers_r3_s0.yaml scripts/experiments/setup/nm_interventions_overnight/configs/eligibility_r3_s0.yaml scripts/experiments/setup/nm_interventions_overnight/configs/positives_r3_s0.yaml scripts/experiments/setup/nm_interventions_overnight/configs/negatives_r3_s0.yaml scripts/experiments/setup/nm_interventions_overnight/configs/context_r3_s0.yaml scripts/experiments/setup/nm_interventions_overnight/configs/optimization_r3_s0.yaml scripts/experiments/setup/nm_interventions_overnight/configs/alignment_r3_s0.yaml scripts/experiments/setup/nm_interventions_overnight/configs/sharing_r3_s0.yaml scripts/experiments/setup/nm_interventions_overnight/configs/capacity_r3_s0.yaml scripts/experiments/setup/nm_interventions_overnight/configs/objective_r3_s0.yaml scripts/experiments/setup/nm_interventions_overnight/configs/region_adaptive_r3_s0.yaml scripts/experiments/setup/nm_interventions_overnight/configs/coverage_r3_s0.yaml scripts/experiments/setup/nm_interventions_overnight/configs/budget_r3_s0.yaml scripts/experiments/setup/nm_interventions_overnight/configs/baseline_r4_s0.yaml scripts/experiments/setup/nm_interventions_overnight/configs/exposure_r4_s0.yaml scripts/experiments/setup/nm_interventions_overnight/configs/schedule_r4_s0.yaml scripts/experiments/setup/nm_interventions_overnight/configs/composition_r4_s0.yaml scripts/experiments/setup/nm_interventions_overnight/configs/centers_r4_s0.yaml scripts/experiments/setup/nm_interventions_overnight/configs/eligibility_r4_s0.yaml scripts/experiments/setup/nm_interventions_overnight/configs/positives_r4_s0.yaml scripts/experiments/setup/nm_interventions_overnight/configs/negatives_r4_s0.yaml scripts/experiments/setup/nm_interventions_overnight/configs/context_r4_s0.yaml scripts/experiments/setup/nm_interventions_overnight/configs/optimization_r4_s0.yaml scripts/experiments/setup/nm_interventions_overnight/configs/alignment_r4_s0.yaml scripts/experiments/setup/nm_interventions_overnight/configs/sharing_r4_s0.yaml scripts/experiments/setup/nm_interventions_overnight/configs/capacity_r4_s0.yaml scripts/experiments/setup/nm_interventions_overnight/configs/objective_r4_s0.yaml scripts/experiments/setup/nm_interventions_overnight/configs/region_adaptive_r4_s0.yaml scripts/experiments/setup/nm_interventions_overnight/configs/coverage_r4_s0.yaml scripts/experiments/setup/nm_interventions_overnight/configs/budget_r4_s0.yaml scripts/experiments/setup/nm_interventions_overnight/configs/baseline_r5_s0.yaml scripts/experiments/setup/nm_interventions_overnight/configs/exposure_r5_s0.yaml scripts/experiments/setup/nm_interventions_overnight/configs/schedule_r5_s0.yaml scripts/experiments/setup/nm_interventions_overnight/configs/composition_r5_s0.yaml scripts/experiments/setup/nm_interventions_overnight/configs/centers_r5_s0.yaml scripts/experiments/setup/nm_interventions_overnight/configs/eligibility_r5_s0.yaml scripts/experiments/setup/nm_interventions_overnight/configs/positives_r5_s0.yaml scripts/experiments/setup/nm_interventions_overnight/configs/negatives_r5_s0.yaml scripts/experiments/setup/nm_interventions_overnight/configs/context_r5_s0.yaml scripts/experiments/setup/nm_interventions_overnight/configs/optimization_r5_s0.yaml scripts/experiments/setup/nm_interventions_overnight/configs/alignment_r5_s0.yaml scripts/experiments/setup/nm_interventions_overnight/configs/sharing_r5_s0.yaml scripts/experiments/setup/nm_interventions_overnight/configs/capacity_r5_s0.yaml scripts/experiments/setup/nm_interventions_overnight/configs/objective_r5_s0.yaml scripts/experiments/setup/nm_interventions_overnight/configs/region_adaptive_r5_s0.yaml scripts/experiments/setup/nm_interventions_overnight/configs/coverage_r5_s0.yaml scripts/experiments/setup/nm_interventions_overnight/configs/budget_r5_s0.yaml scripts/experiments/setup/nm_interventions_overnight/configs/baseline_r6_s0.yaml scripts/experiments/setup/nm_interventions_overnight/configs/exposure_r6_s0.yaml scripts/experiments/setup/nm_interventions_overnight/configs/schedule_r6_s0.yaml scripts/experiments/setup/nm_interventions_overnight/configs/composition_r6_s0.yaml scripts/experiments/setup/nm_interventions_overnight/configs/centers_r6_s0.yaml scripts/experiments/setup/nm_interventions_overnight/configs/eligibility_r6_s0.yaml scripts/experiments/setup/nm_interventions_overnight/configs/positives_r6_s0.yaml scripts/experiments/setup/nm_interventions_overnight/configs/negatives_r6_s0.yaml scripts/experiments/setup/nm_interventions_overnight/configs/context_r6_s0.yaml scripts/experiments/setup/nm_interventions_overnight/configs/optimization_r6_s0.yaml scripts/experiments/setup/nm_interventions_overnight/configs/alignment_r6_s0.yaml scripts/experiments/setup/nm_interventions_overnight/configs/sharing_r6_s0.yaml scripts/experiments/setup/nm_interventions_overnight/configs/capacity_r6_s0.yaml scripts/experiments/setup/nm_interventions_overnight/configs/objective_r6_s0.yaml scripts/experiments/setup/nm_interventions_overnight/configs/region_adaptive_r6_s0.yaml scripts/experiments/setup/nm_interventions_overnight/configs/coverage_r6_s0.yaml scripts/experiments/setup/nm_interventions_overnight/configs/budget_r6_s0.yaml scripts/experiments/setup/nm_interventions_overnight/configs/baseline_r7_s0.yaml scripts/experiments/setup/nm_interventions_overnight/configs/exposure_r7_s0.yaml scripts/experiments/setup/nm_interventions_overnight/configs/schedule_r7_s0.yaml scripts/experiments/setup/nm_interventions_overnight/configs/composition_r7_s0.yaml scripts/experiments/setup/nm_interventions_overnight/configs/centers_r7_s0.yaml scripts/experiments/setup/nm_interventions_overnight/configs/eligibility_r7_s0.yaml scripts/experiments/setup/nm_interventions_overnight/configs/positives_r7_s0.yaml scripts/experiments/setup/nm_interventions_overnight/configs/negatives_r7_s0.yaml scripts/experiments/setup/nm_interventions_overnight/configs/context_r7_s0.yaml scripts/experiments/setup/nm_interventions_overnight/configs/optimization_r7_s0.yaml scripts/experiments/setup/nm_interventions_overnight/configs/alignment_r7_s0.yaml scripts/experiments/setup/nm_interventions_overnight/configs/sharing_r7_s0.yaml scripts/experiments/setup/nm_interventions_overnight/configs/capacity_r7_s0.yaml scripts/experiments/setup/nm_interventions_overnight/configs/objective_r7_s0.yaml scripts/experiments/setup/nm_interventions_overnight/configs/region_adaptive_r7_s0.yaml scripts/experiments/setup/nm_interventions_overnight/configs/coverage_r7_s0.yaml scripts/experiments/setup/nm_interventions_overnight/configs/budget_r7_s0.yaml --gpus 1 2 3 --models-per-gpu 4 --worker-budget 48 --threads-per-model 2 --run-dir /dataMeR1/phil/gfm/prodigy-nmi-overnight/log/production/train_20260904_023434
wandb: WARNING URL not available in offline run
[03:48:36] Initializing trainer
---------- Parameters ----------
  campaign_flags:
  campaign_protocol: True
  campaign_eval_interval: 2000
  campaign_min_delta: 0.001
  campaign_val_per_source: 16
  campaign_holdout: twibot20
  config: /dataMeR1/phil/gfm/prodigy-nmi-overnight/scripts/experiments/setup/nm_interventions_overnight/configs/baseline_r6_s0.yaml
  root: /dataMeR1/phil/data/merged/graphs
  dataset: covid19_twitter
  csv_filename: twitter_data.csv
  facebook_pkl_filename: facebook_2022-06-24_2022-06-25_part1.pkl
  facebook_edges_filename: facebook_2022-06-24_2022-06-25_part1_edges.csv
  facebook_node_features_filename: facebook_2022-06-24_2022-06-25_part1_node_features.csv
  facebook_data_source: csv
  facebook_use_edge_features: False
  facebook_edge_feature_columns:
  facebook_source_pkl_path:
  facebook_embeddings_path:
  facebook_embedding_ids_path:
  facebook_text_emb_model:
  facebook_target_dim: 768
  facebook_filter_to_uk_ru: True
  facebook_max_posts: None
  label_type: verified
  max_users: None
  invalidate_cache: False
  dataset_len_cap: 10000
  val_len_cap: 1
  test_len_cap: 1
  shuffle_index: False
  force_cache: False
  classification_only: False
  early_stopping_patience: 2
  reset_after_layer: None
  original_features: True
  override_log: False
  seed: 0
  eval_episode_seed_offset: 0
  metric: Acc
  learning_rate: 0.001
  epochs: 1
  print_epoch: 10
  eval_epoch: 10
  checkpoint_epoch: 10
  print_step: 100
  eval_step: 10001
  checkpoint_step: 10001
  source_diagnostics_interval: 0
  checkpoint_steps:
  batch_size: 1
  weight_decay: 0.001
  dropout: 0.0
  text_features_dropout: 0
  rel_sample_random_seed: None
  split_train_nodes: False
  verbose: False
  detect_anomaly: False
  loader_start_method: spawn
  workers: 4
  device: cuda:0
  input_dim: 768
  emb_dim: 256
  gnn_type: sage
  n_layer: 1
  meta_n_layer: 1
  second_gnn: Atten
  attention_mask_scheme: causal
  skip_path: False
  has_final_back: False
  layers: S,U,M
  ignore_label_embeddings: True
  zero_label_embeddings: False
  not_freeze_learned_label_embedding: False
  linear_probe: False
  fix_datasets_first: False
  no_bn_metagraph: False
  no_bn_encoder: False
  calc_ranks: False
  save_roc_curve: False
  eval_only: False
  eval_only_split: test
  eval_test_before_train: False
  eval_val_before_train: False
  eval_after_train: False
  meta_gnn_pos_only: False
  task_name: neighbor_matching
  zero_shot: False
  no_split_labels: True
  all_test: False
  train_cap: None
  label_set: None
  csr_split: False
  n_way: 30
  n_shots: 3
  n_query: 4
  neighbor_sampling_strategy: strict
  neighbor_sampling_strata:
  neighbor_sampling_episode_source: graph_id
  neighbor_sampling_source_subset: ukr_rus,covid,midterm,covid_political,election2020,ukr_rus_suspended
  neighbor_sampling_source_sequence:
  neighbor_sampling_source_sequence_steps:
  neighbor_sampling_episode_source_weighting: balanced
  neighbor_sampling_batch_source_mode: independent
  neighbor_sampling_cross_source_prob: 0.0
  neighbor_sampling_center_radii:
  neighbor_sampling_center_radius_weights:
  neighbor_sampling_center_region_fanout: 64
  neighbor_sampling_center_region_node_limit: 4096
  neighbor_sampling_center_region_candidate_limit: 512
  neighbor_sampling_center_max_attempts: 200
  neighbor_matching_edge_split: True
  n_way_upper: -1
  n_shots_upper: -1
  n_query_upper: -1
  max_length: -1
  augmentation:
  augment_test: False
  ablate_features: none
  ablate_edges: none
  structural_features: none
  attr_regression_weight: 0.1
  fp_mask_ratio: 0.3
  fp_mask_strategy: zero
  mix_task_counts: 1,1,1
  mix_cl_aug: NZ0.2
  e4_combine: simultaneous
  e4_weights: 1,1,1
  e4_task_counts: 1,1,1
  e4_lp_neg_k: 1
  prefix: nmi_baseline_r6_s0
  timestamp: 04_09_2026_02_34_39
  tags: []
  log_dir: /dataMeR1/phil/gfm/prodigy-nmi-overnight/log/production/train_20260904_023434/log
  state_dir: /dataMeR1/phil/gfm/prodigy-nmi-overnight/log/production/train_20260904_023434/state
  bert_emb_model: multi-qa-distilbert-cos-v1
  bert_cache: multi-qa-distilbert-cos-v1
  label_emb_model:
  label_emb_texts:
  label_emb_revision:
  label_emb_trust_remote_code: True
  label_emb_normalize: True
  kg_emb_model:
  pretrained_model_run:
  resume_training_checkpoint:
  n_hop: 2
  neighbor_sampling_hop_sizes: 9,9
  neighbor_sampling_node_limit: 101
  neighbor_matching_walk_hops: 1
  graph_filename: ukr_rus_covid_midterm_all9_facebook_final_core_split_seed0.pt
  target_feature:
  target_feature_keep_in_x: False
  target_transform: none
  feature_subset: all
  midterm_label_downsample:
  eval_random_query: False
  edge_view: static_train
  target_edge_view: static_test
  edge_feature_subset: all
  midterm_lp_neg_ratio: 1
  hard_negatives: True
  use_edge_features: False
  midterm_debug_print_episodes: 0
  debug_print_predictions: 0
  export_predictions: False
  prediction_context_neighbors: 3
  prediction_support_per_label: 3
  small_dataset: False
  experiment_type: metagraph
  exp_name: nmi_baseline_r6_s0_20260904_023439_102
  physical_gpu: 2
--------------------------------
SingleLayerGeneralGNN(
  (layer_list): ModuleList(
    (0): MultiLayerGNN(
      (module_list): ModuleList(
        (0): SAGEConvSelfLoops()
      )
      (act): ReLU()
      (reset_mlp): Linear(in_features=512, out_features=256, bias=True)
      (reset_mlp_c): Linear(in_features=256, out_features=256, bias=True)
      (reset_mlp_m): Linear(in_features=256, out_features=256, bias=True)
    )
    (1): BgGraphToSupernodePropagator()
    (2): MetaGNN(
      (gnn_layers): ModuleList(
        (0): MetaGNNLayer()
      )
      (gnn_non_linear): GELU(approximate='none')
    )
  )
  (cos): CosineSimilarity()
  (initial_label_mlp): Linear(in_features=768, out_features=256, bias=True)
  (initial_input_mlp): Identity()
  (final_label_mlp): Identity()
  (final_input_mlp): Identity()
  (learned_label_embedding): Embedding(1000, 256)
  (txt_dropout): Dropout(p=0, inplace=False)
)
Number of trainable parameters of the model: 1640514
Neighbor sampling graph_id strata (confine-to-one-source) [subset 6/9 sources]: ukr_rus:10400775, covid:23012850, midterm:341908, covid_political:78672, election2020:78932, ukr_rus_suspended:72295
Neighbor sampling graph_id strata (confine-to-one-source) [subset 6/9 sources]: ukr_rus:10400775, covid:23012850, midterm:341908, covid_political:78672, election2020:78932, ukr_rus_suspended:72295
Neighbor sampling graph_id strata (confine-to-one-source) [subset 6/9 sources]: ukr_rus:10400775, covid:23012850, midterm:341908, covid_political:78672, election2020:78932, ukr_rus_suspended:72295
Materializing fixed training-source validation panel
Neighbor sampling graph_id strata (confine-to-one-source) [subset 1/9 sources]: ukr_rus:10400775
Neighbor sampling graph_id strata (confine-to-one-source) [subset 1/9 sources]: covid:23012850
Neighbor sampling graph_id strata (confine-to-one-source) [subset 1/9 sources]: midterm:341908
Neighbor sampling graph_id strata (confine-to-one-source) [subset 1/9 sources]: covid_political:78672
Neighbor sampling graph_id strata (confine-to-one-source) [subset 1/9 sources]: election2020:78932
Neighbor sampling graph_id strata (confine-to-one-source) [subset 1/9 sources]: ukr_rus_suspended:72295
TRAIN step=1 loss=3.50134 seconds=3.6
TRAIN step=100 loss=3.33941 seconds=9.1
TRAIN step=200 loss=3.22105 seconds=14.4
TRAIN step=300 loss=3.17466 seconds=19.2
TRAIN step=400 loss=2.92439 seconds=23.8
TRAIN step=500 loss=2.70008 seconds=28.7
TRAIN step=600 loss=2.60455 seconds=33.4
TRAIN step=700 loss=2.48071 seconds=38.0
TRAIN step=800 loss=2.43529 seconds=42.9
TRAIN step=900 loss=2.35020 seconds=48.0
TRAIN step=1000 loss=2.27771 seconds=52.7
TRAIN step=1100 loss=2.26258 seconds=57.5
TRAIN step=1200 loss=2.21164 seconds=62.4
TRAIN step=1300 loss=2.17761 seconds=67.3
TRAIN step=1400 loss=2.07122 seconds=72.1
TRAIN step=1500 loss=2.07027 seconds=76.9
TRAIN step=1600 loss=2.15341 seconds=82.0
TRAIN step=1700 loss=2.09581 seconds=87.3
TRAIN step=1800 loss=2.04676 seconds=92.5
TRAIN step=1900 loss=2.06860 seconds=98.0
TRAIN step=2000 loss=2.01066 seconds=103.5
VALIDATION step=2000 macro_auc=0.878537 stale=0/2
TRAIN step=2100 loss=2.07147 seconds=113.2
TRAIN step=2200 loss=2.09877 seconds=118.8
TRAIN step=2300 loss=2.02331 seconds=124.1
TRAIN step=2400 loss=2.00536 seconds=129.4
TRAIN step=2500 loss=2.02661 seconds=134.4
TRAIN step=2600 loss=2.02019 seconds=139.5
TRAIN step=2700 loss=1.99670 seconds=144.2
TRAIN step=2800 loss=1.99472 seconds=149.3
TRAIN step=2900 loss=1.97422 seconds=154.3
TRAIN step=3000 loss=1.93577 seconds=159.4
TRAIN step=3100 loss=1.99116 seconds=164.5
TRAIN step=3200 loss=1.99085 seconds=169.5
TRAIN step=3300 loss=1.95908 seconds=174.5
TRAIN step=3400 loss=2.03374 seconds=179.5
TRAIN step=3500 loss=2.03515 seconds=184.6
TRAIN step=3600 loss=1.92573 seconds=189.7
TRAIN step=3700 loss=1.96092 seconds=194.7
TRAIN step=3800 loss=2.00078 seconds=199.8
TRAIN step=3900 loss=2.00559 seconds=205.1
TRAIN step=4000 loss=2.01059 seconds=210.3
VALIDATION step=4000 macro_auc=0.882924 stale=0/2
TRAIN step=4100 loss=1.95289 seconds=219.2
TRAIN step=4200 loss=1.97735 seconds=224.4
TRAIN step=4300 loss=1.92742 seconds=229.4
TRAIN step=4400 loss=1.91093 seconds=234.6
TRAIN step=4500 loss=1.95789 seconds=239.6
TRAIN step=4600 loss=1.92291 seconds=244.6
TRAIN step=4700 loss=1.89602 seconds=250.0
TRAIN step=4800 loss=1.88694 seconds=255.2
TRAIN step=4900 loss=1.90354 seconds=260.4
TRAIN step=5000 loss=1.93892 seconds=265.7
TRAIN step=5100 loss=1.93782 seconds=270.9
TRAIN step=5200 loss=1.91182 seconds=276.1
TRAIN step=5300 loss=1.87685 seconds=281.4
TRAIN step=5400 loss=1.90181 seconds=286.8
TRAIN step=5500 loss=1.89158 seconds=292.5
TRAIN step=5600 loss=1.88253 seconds=298.2
TRAIN step=5700 loss=1.86355 seconds=303.6
TRAIN step=5800 loss=1.86913 seconds=309.1
TRAIN step=5900 loss=1.89941 seconds=314.5
TRAIN step=6000 loss=1.86913 seconds=319.6
VALIDATION step=6000 macro_auc=0.886263 stale=0/2
TRAIN step=6100 loss=1.90139 seconds=328.7
TRAIN step=6200 loss=1.90565 seconds=334.0
TRAIN step=6300 loss=1.84611 seconds=339.2
TRAIN step=6400 loss=1.81191 seconds=344.3
TRAIN step=6500 loss=1.89526 seconds=349.6
TRAIN step=6600 loss=1.81772 seconds=354.7
TRAIN step=6700 loss=1.92561 seconds=359.9
TRAIN step=6800 loss=1.89959 seconds=365.0
TRAIN step=6900 loss=1.89970 seconds=370.2
TRAIN step=7000 loss=1.86590 seconds=375.3
TRAIN step=7100 loss=1.91222 seconds=380.5
TRAIN step=7200 loss=1.84996 seconds=386.1
TRAIN step=7300 loss=1.87596 seconds=391.2
TRAIN step=7400 loss=1.85231 seconds=396.3
TRAIN step=7500 loss=1.82573 seconds=401.7
TRAIN step=7600 loss=1.82081 seconds=406.7
TRAIN step=7700 loss=1.88804 seconds=411.6
TRAIN step=7800 loss=1.83851 seconds=416.8
TRAIN step=7900 loss=1.82145 seconds=421.9
TRAIN step=8000 loss=1.81644 seconds=427.1
VALIDATION step=8000 macro_auc=0.887240 stale=1/2
TRAIN step=8100 loss=1.82440 seconds=436.2
TRAIN step=8200 loss=1.83290 seconds=441.4
TRAIN step=8300 loss=1.81491 seconds=446.7
TRAIN step=8400 loss=1.86655 seconds=451.9
TRAIN step=8500 loss=1.80746 seconds=457.2
TRAIN step=8600 loss=1.79743 seconds=462.2
TRAIN step=8700 loss=1.80790 seconds=467.0
TRAIN step=8800 loss=1.79960 seconds=472.0
TRAIN step=8900 loss=1.82197 seconds=476.8
TRAIN step=9000 loss=1.87465 seconds=481.7
TRAIN step=9100 loss=1.81974 seconds=486.4
TRAIN step=9200 loss=1.84158 seconds=491.1
TRAIN step=9300 loss=1.85374 seconds=496.1
TRAIN step=9400 loss=1.82122 seconds=501.1
TRAIN step=9500 loss=1.83528 seconds=506.1
TRAIN step=9600 loss=1.89592 seconds=511.4
TRAIN step=9700 loss=1.84092 seconds=516.6
TRAIN step=9800 loss=1.86282 seconds=521.8
TRAIN step=9900 loss=1.78677 seconds=526.9
TRAIN step=10000 loss=1.81647 seconds=532.1
VALIDATION step=10000 macro_auc=0.889098 stale=0/2
wandb:
wandb: Run history:
wandb:   episodes ▁▁▁▁▁▂▂▂▂▂▃▃▃▃▃▃▄▄▄▄▅▅▅▅▅▅▆▆▆▆▆▆▆▆▆▇▇▇▇█
wandb: train_loss █▇▆▄▃▂▂▂▂▂▂▂▂▂▁▂▂▂▂▁▁▁▁▁▁▁▁▁▁▁▁▁▁▁▁▁▁▁▁▁
wandb:
wandb: Run summary:
wandb:                best_step 10000
wandb:                  command /home/mhchu/minicond...
wandb:    effective_config_file effective_config.yam...
wandb:                 episodes 10000
wandb:               num_params 1640514
wandb:       source_config_file /dataMeR1/phil/gfm/p...
wandb:               train_loss 1.81647
wandb: validation_macro_roc_auc 0.8891
wandb:
wandb: You can sync this run to the cloud by running:
wandb: wandb sync /dataMeR1/phil/gfm/prodigy-nmi-overnight/log/production/train_20260904_023434/wandb/offline-run-20260904_034835-mgm2qvgc
wandb: Find logs at: ./log/production/train_20260904_023434/wandb/offline-run-20260904_034835-mgm2qvgc/logs
Saved best model to /dataMeR1/phil/gfm/prodigy-nmi-overnight/log/production/train_20260904_023434/state/nmi_baseline_r6_s0_20260904_023439_102/state_dict
