wandb: Tracking run with wandb version 0.27.2
wandb: W&B syncing is set to `offline` in this directory. Run `wandb online` or set WANDB_MODE=online to enable cloud syncing.
wandb: Run data is saved locally in /dataMeR1/phil/gfm/prodigy-nmi-overnight/log/production/train_20260904_023434/wandb/offline-run-20260904_032930-39ewfc5t
[03:29:31] Saved effective config YAML to W&B files: /dataMeR1/phil/gfm/prodigy-nmi-overnight/log/production/train_20260904_023434/wandb/offline-run-20260904_032930-39ewfc5t/files/effective_config.yaml
[03:29:31] Saved source config YAML to W&B files: /dataMeR1/phil/gfm/prodigy-nmi-overnight/log/production/train_20260904_023434/wandb/offline-run-20260904_032930-39ewfc5t/files/negatives_r4_s0.yaml
[03:29:31] Command: /home/mhchu/miniconda3/envs/prodigy/bin/python experiments/run_shared_graph.py --configs scripts/experiments/setup/nm_interventions_overnight/configs/baseline_r8_s0.yaml scripts/experiments/setup/nm_interventions_overnight/configs/exposure_r8_s0.yaml scripts/experiments/setup/nm_interventions_overnight/configs/schedule_r8_s0.yaml scripts/experiments/setup/nm_interventions_overnight/configs/composition_r8_s0.yaml scripts/experiments/setup/nm_interventions_overnight/configs/centers_r8_s0.yaml scripts/experiments/setup/nm_interventions_overnight/configs/eligibility_r8_s0.yaml scripts/experiments/setup/nm_interventions_overnight/configs/positives_r8_s0.yaml scripts/experiments/setup/nm_interventions_overnight/configs/negatives_r8_s0.yaml scripts/experiments/setup/nm_interventions_overnight/configs/context_r8_s0.yaml scripts/experiments/setup/nm_interventions_overnight/configs/optimization_r8_s0.yaml scripts/experiments/setup/nm_interventions_overnight/configs/alignment_r8_s0.yaml scripts/experiments/setup/nm_interventions_overnight/configs/sharing_r8_s0.yaml scripts/experiments/setup/nm_interventions_overnight/configs/capacity_r8_s0.yaml scripts/experiments/setup/nm_interventions_overnight/configs/objective_r8_s0.yaml scripts/experiments/setup/nm_interventions_overnight/configs/region_adaptive_r8_s0.yaml scripts/experiments/setup/nm_interventions_overnight/configs/coverage_r8_s0.yaml scripts/experiments/setup/nm_interventions_overnight/configs/budget_r8_s0.yaml scripts/experiments/setup/nm_interventions_overnight/configs/baseline_r1_s0.yaml scripts/experiments/setup/nm_interventions_overnight/configs/exposure_r1_s0.yaml scripts/experiments/setup/nm_interventions_overnight/configs/schedule_r1_s0.yaml scripts/experiments/setup/nm_interventions_overnight/configs/composition_r1_s0.yaml scripts/experiments/setup/nm_interventions_overnight/configs/centers_r1_s0.yaml scripts/experiments/setup/nm_interventions_overnight/configs/eligibility_r1_s0.yaml scripts/experiments/setup/nm_interventions_overnight/configs/positives_r1_s0.yaml scripts/experiments/setup/nm_interventions_overnight/configs/negatives_r1_s0.yaml scripts/experiments/setup/nm_interventions_overnight/configs/context_r1_s0.yaml scripts/experiments/setup/nm_interventions_overnight/configs/optimization_r1_s0.yaml scripts/experiments/setup/nm_interventions_overnight/configs/alignment_r1_s0.yaml scripts/experiments/setup/nm_interventions_overnight/configs/sharing_r1_s0.yaml scripts/experiments/setup/nm_interventions_overnight/configs/capacity_r1_s0.yaml scripts/experiments/setup/nm_interventions_overnight/configs/objective_r1_s0.yaml scripts/experiments/setup/nm_interventions_overnight/configs/region_adaptive_r1_s0.yaml scripts/experiments/setup/nm_interventions_overnight/configs/coverage_r1_s0.yaml scripts/experiments/setup/nm_interventions_overnight/configs/budget_r1_s0.yaml scripts/experiments/setup/nm_interventions_overnight/configs/baseline_r2_s0.yaml scripts/experiments/setup/nm_interventions_overnight/configs/exposure_r2_s0.yaml scripts/experiments/setup/nm_interventions_overnight/configs/schedule_r2_s0.yaml scripts/experiments/setup/nm_interventions_overnight/configs/composition_r2_s0.yaml scripts/experiments/setup/nm_interventions_overnight/configs/centers_r2_s0.yaml scripts/experiments/setup/nm_interventions_overnight/configs/eligibility_r2_s0.yaml scripts/experiments/setup/nm_interventions_overnight/configs/positives_r2_s0.yaml scripts/experiments/setup/nm_interventions_overnight/configs/negatives_r2_s0.yaml scripts/experiments/setup/nm_interventions_overnight/configs/context_r2_s0.yaml scripts/experiments/setup/nm_interventions_overnight/configs/optimization_r2_s0.yaml scripts/experiments/setup/nm_interventions_overnight/configs/alignment_r2_s0.yaml scripts/experiments/setup/nm_interventions_overnight/configs/sharing_r2_s0.yaml scripts/experiments/setup/nm_interventions_overnight/configs/capacity_r2_s0.yaml scripts/experiments/setup/nm_interventions_overnight/configs/objective_r2_s0.yaml scripts/experiments/setup/nm_interventions_overnight/configs/region_adaptive_r2_s0.yaml scripts/experiments/setup/nm_interventions_overnight/configs/coverage_r2_s0.yaml scripts/experiments/setup/nm_interventions_overnight/configs/budget_r2_s0.yaml scripts/experiments/setup/nm_interventions_overnight/configs/baseline_r3_s0.yaml scripts/experiments/setup/nm_interventions_overnight/configs/exposure_r3_s0.yaml scripts/experiments/setup/nm_interventions_overnight/configs/schedule_r3_s0.yaml scripts/experiments/setup/nm_interventions_overnight/configs/composition_r3_s0.yaml scripts/experiments/setup/nm_interventions_overnight/configs/centers_r3_s0.yaml scripts/experiments/setup/nm_interventions_overnight/configs/eligibility_r3_s0.yaml scripts/experiments/setup/nm_interventions_overnight/configs/positives_r3_s0.yaml scripts/experiments/setup/nm_interventions_overnight/configs/negatives_r3_s0.yaml scripts/experiments/setup/nm_interventions_overnight/configs/context_r3_s0.yaml scripts/experiments/setup/nm_interventions_overnight/configs/optimization_r3_s0.yaml scripts/experiments/setup/nm_interventions_overnight/configs/alignment_r3_s0.yaml scripts/experiments/setup/nm_interventions_overnight/configs/sharing_r3_s0.yaml scripts/experiments/setup/nm_interventions_overnight/configs/capacity_r3_s0.yaml scripts/experiments/setup/nm_interventions_overnight/configs/objective_r3_s0.yaml scripts/experiments/setup/nm_interventions_overnight/configs/region_adaptive_r3_s0.yaml scripts/experiments/setup/nm_interventions_overnight/configs/coverage_r3_s0.yaml scripts/experiments/setup/nm_interventions_overnight/configs/budget_r3_s0.yaml scripts/experiments/setup/nm_interventions_overnight/configs/baseline_r4_s0.yaml scripts/experiments/setup/nm_interventions_overnight/configs/exposure_r4_s0.yaml scripts/experiments/setup/nm_interventions_overnight/configs/schedule_r4_s0.yaml scripts/experiments/setup/nm_interventions_overnight/configs/composition_r4_s0.yaml scripts/experiments/setup/nm_interventions_overnight/configs/centers_r4_s0.yaml scripts/experiments/setup/nm_interventions_overnight/configs/eligibility_r4_s0.yaml scripts/experiments/setup/nm_interventions_overnight/configs/positives_r4_s0.yaml scripts/experiments/setup/nm_interventions_overnight/configs/negatives_r4_s0.yaml scripts/experiments/setup/nm_interventions_overnight/configs/context_r4_s0.yaml scripts/experiments/setup/nm_interventions_overnight/configs/optimization_r4_s0.yaml scripts/experiments/setup/nm_interventions_overnight/configs/alignment_r4_s0.yaml scripts/experiments/setup/nm_interventions_overnight/configs/sharing_r4_s0.yaml scripts/experiments/setup/nm_interventions_overnight/configs/capacity_r4_s0.yaml scripts/experiments/setup/nm_interventions_overnight/configs/objective_r4_s0.yaml scripts/experiments/setup/nm_interventions_overnight/configs/region_adaptive_r4_s0.yaml scripts/experiments/setup/nm_interventions_overnight/configs/coverage_r4_s0.yaml scripts/experiments/setup/nm_interventions_overnight/configs/budget_r4_s0.yaml scripts/experiments/setup/nm_interventions_overnight/configs/baseline_r5_s0.yaml scripts/experiments/setup/nm_interventions_overnight/configs/exposure_r5_s0.yaml scripts/experiments/setup/nm_interventions_overnight/configs/schedule_r5_s0.yaml scripts/experiments/setup/nm_interventions_overnight/configs/composition_r5_s0.yaml scripts/experiments/setup/nm_interventions_overnight/configs/centers_r5_s0.yaml scripts/experiments/setup/nm_interventions_overnight/configs/eligibility_r5_s0.yaml scripts/experiments/setup/nm_interventions_overnight/configs/positives_r5_s0.yaml scripts/experiments/setup/nm_interventions_overnight/configs/negatives_r5_s0.yaml scripts/experiments/setup/nm_interventions_overnight/configs/context_r5_s0.yaml scripts/experiments/setup/nm_interventions_overnight/configs/optimization_r5_s0.yaml scripts/experiments/setup/nm_interventions_overnight/configs/alignment_r5_s0.yaml scripts/experiments/setup/nm_interventions_overnight/configs/sharing_r5_s0.yaml scripts/experiments/setup/nm_interventions_overnight/configs/capacity_r5_s0.yaml scripts/experiments/setup/nm_interventions_overnight/configs/objective_r5_s0.yaml scripts/experiments/setup/nm_interventions_overnight/configs/region_adaptive_r5_s0.yaml scripts/experiments/setup/nm_interventions_overnight/configs/coverage_r5_s0.yaml scripts/experiments/setup/nm_interventions_overnight/configs/budget_r5_s0.yaml scripts/experiments/setup/nm_interventions_overnight/configs/baseline_r6_s0.yaml scripts/experiments/setup/nm_interventions_overnight/configs/exposure_r6_s0.yaml scripts/experiments/setup/nm_interventions_overnight/configs/schedule_r6_s0.yaml scripts/experiments/setup/nm_interventions_overnight/configs/composition_r6_s0.yaml scripts/experiments/setup/nm_interventions_overnight/configs/centers_r6_s0.yaml scripts/experiments/setup/nm_interventions_overnight/configs/eligibility_r6_s0.yaml scripts/experiments/setup/nm_interventions_overnight/configs/positives_r6_s0.yaml scripts/experiments/setup/nm_interventions_overnight/configs/negatives_r6_s0.yaml scripts/experiments/setup/nm_interventions_overnight/configs/context_r6_s0.yaml scripts/experiments/setup/nm_interventions_overnight/configs/optimization_r6_s0.yaml scripts/experiments/setup/nm_interventions_overnight/configs/alignment_r6_s0.yaml scripts/experiments/setup/nm_interventions_overnight/configs/sharing_r6_s0.yaml scripts/experiments/setup/nm_interventions_overnight/configs/capacity_r6_s0.yaml scripts/experiments/setup/nm_interventions_overnight/configs/objective_r6_s0.yaml scripts/experiments/setup/nm_interventions_overnight/configs/region_adaptive_r6_s0.yaml scripts/experiments/setup/nm_interventions_overnight/configs/coverage_r6_s0.yaml scripts/experiments/setup/nm_interventions_overnight/configs/budget_r6_s0.yaml scripts/experiments/setup/nm_interventions_overnight/configs/baseline_r7_s0.yaml scripts/experiments/setup/nm_interventions_overnight/configs/exposure_r7_s0.yaml scripts/experiments/setup/nm_interventions_overnight/configs/schedule_r7_s0.yaml scripts/experiments/setup/nm_interventions_overnight/configs/composition_r7_s0.yaml scripts/experiments/setup/nm_interventions_overnight/configs/centers_r7_s0.yaml scripts/experiments/setup/nm_interventions_overnight/configs/eligibility_r7_s0.yaml scripts/experiments/setup/nm_interventions_overnight/configs/positives_r7_s0.yaml scripts/experiments/setup/nm_interventions_overnight/configs/negatives_r7_s0.yaml scripts/experiments/setup/nm_interventions_overnight/configs/context_r7_s0.yaml scripts/experiments/setup/nm_interventions_overnight/configs/optimization_r7_s0.yaml scripts/experiments/setup/nm_interventions_overnight/configs/alignment_r7_s0.yaml scripts/experiments/setup/nm_interventions_overnight/configs/sharing_r7_s0.yaml scripts/experiments/setup/nm_interventions_overnight/configs/capacity_r7_s0.yaml scripts/experiments/setup/nm_interventions_overnight/configs/objective_r7_s0.yaml scripts/experiments/setup/nm_interventions_overnight/configs/region_adaptive_r7_s0.yaml scripts/experiments/setup/nm_interventions_overnight/configs/coverage_r7_s0.yaml scripts/experiments/setup/nm_interventions_overnight/configs/budget_r7_s0.yaml --gpus 1 2 3 --models-per-gpu 4 --worker-budget 48 --threads-per-model 2 --run-dir /dataMeR1/phil/gfm/prodigy-nmi-overnight/log/production/train_20260904_023434
wandb: WARNING URL not available in offline run
[03:29:31] Initializing trainer
---------- Parameters ----------
  campaign_flags: degree_hard
  campaign_protocol: True
  campaign_eval_interval: 2000
  campaign_min_delta: 0.001
  campaign_val_per_source: 16
  campaign_holdout: twibot20
  config: /dataMeR1/phil/gfm/prodigy-nmi-overnight/scripts/experiments/setup/nm_interventions_overnight/configs/negatives_r4_s0.yaml
  root: /dataMeR1/phil/data/merged/graphs
  dataset: covid19_twitter
  csv_filename: twitter_data.csv
  facebook_pkl_filename: facebook_2022-06-24_2022-06-25_part1.pkl
  facebook_edges_filename: facebook_2022-06-24_2022-06-25_part1_edges.csv
  facebook_node_features_filename: facebook_2022-06-24_2022-06-25_part1_node_features.csv
  facebook_data_source: csv
  facebook_use_edge_features: False
  facebook_edge_feature_columns:
  facebook_source_pkl_path:
  facebook_embeddings_path:
  facebook_embedding_ids_path:
  facebook_text_emb_model:
  facebook_target_dim: 768
  facebook_filter_to_uk_ru: True
  facebook_max_posts: None
  label_type: verified
  max_users: None
  invalidate_cache: False
  dataset_len_cap: 10000
  val_len_cap: 1
  test_len_cap: 1
  shuffle_index: False
  force_cache: False
  classification_only: False
  early_stopping_patience: 2
  reset_after_layer: None
  original_features: True
  override_log: False
  seed: 0
  eval_episode_seed_offset: 0
  metric: Acc
  learning_rate: 0.001
  epochs: 1
  print_epoch: 10
  eval_epoch: 10
  checkpoint_epoch: 10
  print_step: 100
  eval_step: 10001
  checkpoint_step: 10001
  source_diagnostics_interval: 0
  checkpoint_steps:
  batch_size: 1
  weight_decay: 0.001
  dropout: 0.0
  text_features_dropout: 0
  rel_sample_random_seed: None
  split_train_nodes: False
  verbose: False
  detect_anomaly: False
  loader_start_method: spawn
  workers: 4
  device: cuda:0
  input_dim: 768
  emb_dim: 256
  gnn_type: sage
  n_layer: 1
  meta_n_layer: 1
  second_gnn: Atten
  attention_mask_scheme: causal
  skip_path: False
  has_final_back: False
  layers: S,U,M
  ignore_label_embeddings: True
  zero_label_embeddings: False
  not_freeze_learned_label_embedding: False
  linear_probe: False
  fix_datasets_first: False
  no_bn_metagraph: False
  no_bn_encoder: False
  calc_ranks: False
  save_roc_curve: False
  eval_only: False
  eval_only_split: test
  eval_test_before_train: False
  eval_val_before_train: False
  eval_after_train: False
  meta_gnn_pos_only: False
  task_name: neighbor_matching
  zero_shot: False
  no_split_labels: True
  all_test: False
  train_cap: None
  label_set: None
  csr_split: False
  n_way: 30
  n_shots: 3
  n_query: 4
  neighbor_sampling_strategy: strict
  neighbor_sampling_strata:
  neighbor_sampling_episode_source: graph_id
  neighbor_sampling_source_subset: ukr_rus,covid,midterm,covid_political
  neighbor_sampling_source_sequence:
  neighbor_sampling_source_sequence_steps:
  neighbor_sampling_episode_source_weighting: balanced
  neighbor_sampling_batch_source_mode: independent
  neighbor_sampling_cross_source_prob: 0.0
  neighbor_sampling_center_radii:
  neighbor_sampling_center_radius_weights:
  neighbor_sampling_center_region_fanout: 64
  neighbor_sampling_center_region_node_limit: 4096
  neighbor_sampling_center_region_candidate_limit: 512
  neighbor_sampling_center_max_attempts: 200
  neighbor_matching_edge_split: True
  n_way_upper: -1
  n_shots_upper: -1
  n_query_upper: -1
  max_length: -1
  augmentation:
  augment_test: False
  ablate_features: none
  ablate_edges: none
  structural_features: none
  attr_regression_weight: 0.1
  fp_mask_ratio: 0.3
  fp_mask_strategy: zero
  mix_task_counts: 1,1,1
  mix_cl_aug: NZ0.2
  e4_combine: simultaneous
  e4_weights: 1,1,1
  e4_task_counts: 1,1,1
  e4_lp_neg_k: 1
  prefix: nmi_negatives_r4_s0
  timestamp: 04_09_2026_02_34_39
  tags: []
  log_dir: /dataMeR1/phil/gfm/prodigy-nmi-overnight/log/production/train_20260904_023434/log
  state_dir: /dataMeR1/phil/gfm/prodigy-nmi-overnight/log/production/train_20260904_023434/state
  bert_emb_model: multi-qa-distilbert-cos-v1
  bert_cache: multi-qa-distilbert-cos-v1
  label_emb_model:
  label_emb_texts:
  label_emb_revision:
  label_emb_trust_remote_code: True
  label_emb_normalize: True
  kg_emb_model:
  pretrained_model_run:
  resume_training_checkpoint:
  n_hop: 2
  neighbor_sampling_hop_sizes: 9,9
  neighbor_sampling_node_limit: 101
  neighbor_matching_walk_hops: 1
  graph_filename: ukr_rus_covid_midterm_all9_facebook_final_core_split_seed0.pt
  target_feature:
  target_feature_keep_in_x: False
  target_transform: none
  feature_subset: all
  midterm_label_downsample:
  eval_random_query: False
  edge_view: static_train
  target_edge_view: static_test
  edge_feature_subset: all
  midterm_lp_neg_ratio: 1
  hard_negatives: True
  use_edge_features: False
  midterm_debug_print_episodes: 0
  debug_print_predictions: 0
  export_predictions: False
  prediction_context_neighbors: 3
  prediction_support_per_label: 3
  small_dataset: False
  experiment_type: metagraph
  exp_name: nmi_negatives_r4_s0_20260904_023439_075
  physical_gpu: 1
--------------------------------
SingleLayerGeneralGNN(
  (layer_list): ModuleList(
    (0): MultiLayerGNN(
      (module_list): ModuleList(
        (0): SAGEConvSelfLoops()
      )
      (act): ReLU()
      (reset_mlp): Linear(in_features=512, out_features=256, bias=True)
      (reset_mlp_c): Linear(in_features=256, out_features=256, bias=True)
      (reset_mlp_m): Linear(in_features=256, out_features=256, bias=True)
    )
    (1): BgGraphToSupernodePropagator()
    (2): MetaGNN(
      (gnn_layers): ModuleList(
        (0): MetaGNNLayer()
      )
      (gnn_non_linear): GELU(approximate='none')
    )
  )
  (cos): CosineSimilarity()
  (initial_label_mlp): Linear(in_features=768, out_features=256, bias=True)
  (initial_input_mlp): Identity()
  (final_label_mlp): Identity()
  (final_input_mlp): Identity()
  (learned_label_embedding): Embedding(1000, 256)
  (txt_dropout): Dropout(p=0, inplace=False)
)
Number of trainable parameters of the model: 1640514
Neighbor sampling graph_id strata (confine-to-one-source) [subset 4/9 sources]: ukr_rus:10400775, covid:23012850, midterm:341908, covid_political:78672
Neighbor sampling graph_id strata (confine-to-one-source) [subset 4/9 sources]: ukr_rus:10400775, covid:23012850, midterm:341908, covid_political:78672
Neighbor sampling graph_id strata (confine-to-one-source) [subset 4/9 sources]: ukr_rus:10400775, covid:23012850, midterm:341908, covid_political:78672
Materializing fixed training-source validation panel
Neighbor sampling graph_id strata (confine-to-one-source) [subset 1/9 sources]: ukr_rus:10400775
Neighbor sampling graph_id strata (confine-to-one-source) [subset 1/9 sources]: covid:23012850
Neighbor sampling graph_id strata (confine-to-one-source) [subset 1/9 sources]: midterm:341908
Neighbor sampling graph_id strata (confine-to-one-source) [subset 1/9 sources]: covid_political:78672
TRAIN step=1 loss=3.52026 seconds=3.9
TRAIN step=100 loss=3.36276 seconds=9.2
TRAIN step=200 loss=3.19546 seconds=14.1
TRAIN step=300 loss=2.85949 seconds=18.9
TRAIN step=400 loss=2.65288 seconds=23.7
TRAIN step=500 loss=2.44106 seconds=28.4
TRAIN step=600 loss=2.35503 seconds=33.1
TRAIN step=700 loss=2.22187 seconds=37.6
TRAIN step=800 loss=2.15055 seconds=42.1
TRAIN step=900 loss=2.02229 seconds=46.4
TRAIN step=1000 loss=2.05425 seconds=50.7
TRAIN step=1100 loss=2.01405 seconds=55.3
TRAIN step=1200 loss=1.99456 seconds=60.1
TRAIN step=1300 loss=1.94790 seconds=64.5
TRAIN step=1400 loss=1.95825 seconds=69.1
TRAIN step=1500 loss=1.96613 seconds=73.7
TRAIN step=1600 loss=1.87840 seconds=78.3
TRAIN step=1700 loss=1.89503 seconds=82.9
TRAIN step=1800 loss=1.90987 seconds=87.6
TRAIN step=1900 loss=1.89041 seconds=92.5
TRAIN step=2000 loss=1.92069 seconds=97.3
VALIDATION step=2000 macro_auc=0.891527 stale=0/2
TRAIN step=2100 loss=1.94869 seconds=104.3
TRAIN step=2200 loss=1.88299 seconds=109.0
TRAIN step=2300 loss=1.93494 seconds=113.7
TRAIN step=2400 loss=1.81534 seconds=118.4
TRAIN step=2500 loss=1.90866 seconds=122.9
TRAIN step=2600 loss=1.84478 seconds=127.4
TRAIN step=2700 loss=1.92506 seconds=132.0
TRAIN step=2800 loss=1.89784 seconds=136.8
TRAIN step=2900 loss=1.81214 seconds=141.6
TRAIN step=3000 loss=1.86274 seconds=146.6
TRAIN step=3100 loss=1.86962 seconds=151.7
TRAIN step=3200 loss=1.81276 seconds=156.5
TRAIN step=3300 loss=1.92482 seconds=161.3
TRAIN step=3400 loss=1.85849 seconds=166.0
TRAIN step=3500 loss=1.87756 seconds=170.9
TRAIN step=3600 loss=1.79168 seconds=176.1
TRAIN step=3700 loss=1.80037 seconds=181.0
TRAIN step=3800 loss=1.80298 seconds=185.9
TRAIN step=3900 loss=1.81754 seconds=190.7
TRAIN step=4000 loss=1.77915 seconds=195.4
VALIDATION step=4000 macro_auc=0.894135 stale=0/2
TRAIN step=4100 loss=1.81782 seconds=202.4
TRAIN step=4200 loss=1.90129 seconds=207.1
TRAIN step=4300 loss=1.84574 seconds=211.4
TRAIN step=4400 loss=1.80552 seconds=216.1
TRAIN step=4500 loss=1.77018 seconds=220.6
TRAIN step=4600 loss=1.79928 seconds=225.2
TRAIN step=4700 loss=1.73224 seconds=229.8
TRAIN step=4800 loss=1.90547 seconds=234.6
TRAIN step=4900 loss=1.81607 seconds=239.1
TRAIN step=5000 loss=1.72542 seconds=243.8
TRAIN step=5100 loss=1.76617 seconds=248.2
TRAIN step=5200 loss=1.86697 seconds=252.7
TRAIN step=5300 loss=1.78180 seconds=257.2
TRAIN step=5400 loss=1.77008 seconds=261.6
TRAIN step=5500 loss=1.84108 seconds=266.1
TRAIN step=5600 loss=1.80651 seconds=270.6
TRAIN step=5700 loss=1.77841 seconds=275.1
TRAIN step=5800 loss=1.79716 seconds=280.2
TRAIN step=5900 loss=1.82778 seconds=285.4
TRAIN step=6000 loss=1.82479 seconds=290.8
VALIDATION step=6000 macro_auc=0.899829 stale=0/2
TRAIN step=6100 loss=1.78982 seconds=298.7
TRAIN step=6200 loss=1.80653 seconds=303.7
TRAIN step=6300 loss=1.81057 seconds=308.9
TRAIN step=6400 loss=1.80188 seconds=314.2
TRAIN step=6500 loss=1.80006 seconds=319.5
TRAIN step=6600 loss=1.81035 seconds=324.7
TRAIN step=6700 loss=1.77427 seconds=329.9
TRAIN step=6800 loss=1.79507 seconds=335.0
TRAIN step=6900 loss=1.71541 seconds=340.3
TRAIN step=7000 loss=1.77372 seconds=345.4
TRAIN step=7100 loss=1.77992 seconds=350.5
TRAIN step=7200 loss=1.79398 seconds=355.5
TRAIN step=7300 loss=1.74230 seconds=360.6
TRAIN step=7400 loss=1.79854 seconds=365.6
TRAIN step=7500 loss=1.84333 seconds=370.7
TRAIN step=7600 loss=1.78122 seconds=375.6
TRAIN step=7700 loss=1.77497 seconds=380.5
TRAIN step=7800 loss=1.76398 seconds=385.6
TRAIN step=7900 loss=1.77260 seconds=390.7
TRAIN step=8000 loss=1.71933 seconds=395.9
VALIDATION step=8000 macro_auc=0.894473 stale=1/2
TRAIN step=8100 loss=1.68769 seconds=403.6
TRAIN step=8200 loss=1.83992 seconds=408.8
TRAIN step=8300 loss=1.73151 seconds=414.1
TRAIN step=8400 loss=1.79424 seconds=419.3
TRAIN step=8500 loss=1.83059 seconds=424.4
TRAIN step=8600 loss=1.75196 seconds=429.5
TRAIN step=8700 loss=1.81330 seconds=434.8
TRAIN step=8800 loss=1.77906 seconds=439.9
TRAIN step=8900 loss=1.76240 seconds=445.1
TRAIN step=9000 loss=1.83985 seconds=450.3
TRAIN step=9100 loss=1.78524 seconds=455.1
TRAIN step=9200 loss=1.72883 seconds=460.5
TRAIN step=9300 loss=1.81374 seconds=465.2
TRAIN step=9400 loss=1.70959 seconds=469.9
TRAIN step=9500 loss=1.74515 seconds=474.5
TRAIN step=9600 loss=1.79281 seconds=479.2
TRAIN step=9700 loss=1.73493 seconds=483.6
TRAIN step=9800 loss=1.75701 seconds=488.1
TRAIN step=9900 loss=1.70523 seconds=492.6
TRAIN step=10000 loss=1.75334 seconds=497.5
VALIDATION step=10000 macro_auc=0.899063 stale=2/2
wandb:
wandb: Run history:
wandb:   episodes ▁▁▁▂▂▂▂▃▃▃▃▃▃▃▄▄▄▄▄▄▅▅▅▅▅▅▅▆▆▆▆▇▇▇▇█████
wandb: train_loss █▇▅▄▃▂▂▂▂▂▁▂▁▂▂▂▂▁▁▁▁▁▁▁▁▁▁▁▁▁▁▁▁▁▁▁▁▁▁▁
wandb:
wandb: Run summary:
wandb:                best_step 6000
wandb:                  command /home/mhchu/minicond...
wandb:    effective_config_file effective_config.yam...
wandb:                 episodes 10000
wandb:               num_params 1640514
wandb:       source_config_file /dataMeR1/phil/gfm/p...
wandb:               train_loss 1.75334
wandb: validation_macro_roc_auc 0.89983
wandb:
wandb: You can sync this run to the cloud by running:
wandb: wandb sync /dataMeR1/phil/gfm/prodigy-nmi-overnight/log/production/train_20260904_023434/wandb/offline-run-20260904_032930-39ewfc5t
wandb: Find logs at: ./log/production/train_20260904_023434/wandb/offline-run-20260904_032930-39ewfc5t/logs
Saved best model to /dataMeR1/phil/gfm/prodigy-nmi-overnight/log/production/train_20260904_023434/state/nmi_negatives_r4_s0_20260904_023439_075/state_dict
