{"models": ["nmpair_covid__twibot20", "nmpair_covid_political__twibot20", "nmpair_election2020__twibot20", "nmpair_midterm__twibot20", "nmpair_twibot20__cp_hk", "nmpair_twibot20__facebook_page_reference", "nmpair_ukr_rus__covid", "nmpair_ukr_rus__covid_political", "nmpair_ukr_rus__cp_hk", "nmpair_ukr_rus__election2020", "nmpair_ukr_rus__facebook_page_reference", "nmpair_ukr_rus__midterm", "nmpair_ukr_rus__ukr_rus_suspended", "nmpair_ukr_rus_suspended__twibot20"], "targets": ["covid_political", "facebook_page_reference"], "variants": ["baseline"], "episodes": 128}
Loading covid_political graph from /dataMeR1/phil/data/covid_political/graphs/retweet_graph.pt...
Applied midterm feature subset 'emb_only': 768 -> 768 dims.
Using all midterm edge features (2 dims): ['rt_weight', 'mn_weight']
Graph: 78672 nodes, 180928 edges, 768 node features
Building neighbor sampler (CSR preprocessing)...
Neighbor sampler ready.
usage: replay.py [-h] [--config CONFIG] [-root ROOT] [-dataset DATASET]
                 [--csv_filename CSV_FILENAME]
                 [--facebook_pkl_filename FACEBOOK_PKL_FILENAME]
                 [--facebook_edges_filename FACEBOOK_EDGES_FILENAME]
                 [--facebook_node_features_filename FACEBOOK_NODE_FEATURES_FILENAME]
                 [--facebook_data_source FACEBOOK_DATA_SOURCE]
                 [--facebook_use_edge_features FACEBOOK_USE_EDGE_FEATURES]
                 [--facebook_edge_feature_columns FACEBOOK_EDGE_FEATURE_COLUMNS]
                 [--facebook_source_pkl_path FACEBOOK_SOURCE_PKL_PATH]
                 [--facebook_embeddings_path FACEBOOK_EMBEDDINGS_PATH]
                 [--facebook_embedding_ids_path FACEBOOK_EMBEDDING_IDS_PATH]
                 [--facebook_text_emb_model FACEBOOK_TEXT_EMB_MODEL]
                 [--facebook_target_dim FACEBOOK_TARGET_DIM]
                 [--facebook_filter_to_uk_ru FACEBOOK_FILTER_TO_UK_RU]
                 [--facebook_max_posts FACEBOOK_MAX_POSTS]
                 [--label_type LABEL_TYPE] [--max_users MAX_USERS]
                 [-invalidate_cache INVALIDATE_CACHE]
                 [-ds_cap DATASET_LEN_CAP] [-val_cap VAL_LEN_CAP]
                 [-test_cap TEST_LEN_CAP] [-shuffle_index SHUFFLE_INDEX]
                 [-force_cache FORCE_CACHE] [-cl_only CLASSIFICATION_ONLY]
                 [-esp EARLY_STOPPING_PATIENCE]
                 [--reset_after_layer RESET_AFTER_LAYER [RESET_AFTER_LAYER ...]]
                 [-original_features ORIGINAL_FEATURES]
                 [-override_log OVERRIDE_LOG] [-seed SEED]
                 [--eval_episode_seed_offset EVAL_EPISODE_SEED_OFFSET]
                 [-metric {Acc}] [-lr LEARNING_RATE] [-epochs EPOCHS]
                 [-prt_epo PRINT_EPOCH] [-eval_epo EVAL_EPOCH]
                 [-ckpt_epo CHECKPOINT_EPOCH] [-prt_step PRINT_STEP]
                 [-eval_step EVAL_STEP] [-ckpt_step CHECKPOINT_STEP]
                 [--source_diagnostics_interval SOURCE_DIAGNOSTICS_INTERVAL]
                 [-ckpt_steps CHECKPOINT_STEPS] [-bs BATCH_SIZE]
                 [-weight_decay WEIGHT_DECAY] [-dropout DROPOUT]
                 [-txt_dropout TEXT_FEATURES_DROPOUT]
                 [-rel_sample_seed REL_SAMPLE_RANDOM_SEED]
                 [-split_train_nodes SPLIT_TRAIN_NODES] [-verbose VERBOSE]
                 [--detect_anomaly DETECT_ANOMALY]
                 [--loader_start_method {,spawn,forkserver}]
                 [-workers WORKERS] [-gpu DEVICE] [-input_dim INPUT_DIM]
                 [-emb_dim EMB_DIM] [-gnn_type GNN_TYPE] [-n_layer N_LAYER]
                 [-meta_n_layer META_N_LAYER] [-gnn2 SECOND_GNN]
                 [--attention_mask_scheme ATTENTION_MASK_SCHEME]
                 [-skip SKIP_PATH] [-has_final_back HAS_FINAL_BACK]
                 [-layers LAYERS] [-ignore_label_embs IGNORE_LABEL_EMBEDDINGS]
                 [-zero_lbl ZERO_LABEL_EMBEDDINGS]
                 [-not_freeze_learned_label_embedding NOT_FREEZE_LEARNED_LABEL_EMBEDDING]
                 [-linear_probe LINEAR_PROBE] [-fdf FIX_DATASETS_FIRST]
                 [-no_bn_metagraph NO_BN_METAGRAPH]
                 [-no_bn_encoder NO_BN_ENCODER] [-calc_ranks CALC_RANKS]
                 [--save_roc_curve SAVE_ROC_CURVE] [-eval_only EVAL_ONLY]
                 [--eval_only_split {val,test,both}]
                 [--eval_test_before_train EVAL_TEST_BEFORE_TRAIN]
                 [--eval_val_before_train EVAL_VAL_BEFORE_TRAIN]
                 [--eval_after_train EVAL_AFTER_TRAIN]
                 [-meta_pos META_GNN_POS_ONLY] [-task TASK_NAME]
                 [-zeroshot ZERO_SHOT] [-no_split_labels NO_SPLIT_LABELS]
                 [-all_test ALL_TEST] [-train_cap TRAIN_CAP]
                 [--label_set LABEL_SET [LABEL_SET ...]]
                 [-csr_split CSR_SPLIT] [-way N_WAY] [-shot N_SHOTS]
                 [-qry N_QUERY]
                 [--neighbor_sampling_strategy {strict,replacement}]
                 [--neighbor_sampling_strata {,graph_id}]
                 [--neighbor_sampling_episode_source {,graph_id}]
                 [--neighbor_sampling_source_subset NEIGHBOR_SAMPLING_SOURCE_SUBSET]
                 [--neighbor_sampling_source_sequence NEIGHBOR_SAMPLING_SOURCE_SEQUENCE]
                 [--neighbor_sampling_source_sequence_steps NEIGHBOR_SAMPLING_SOURCE_SEQUENCE_STEPS]
                 [--neighbor_sampling_episode_source_weighting {proportional,balanced}]
                 [--neighbor_sampling_batch_source_mode {independent,complete}]
                 [--neighbor_sampling_cross_source_prob NEIGHBOR_SAMPLING_CROSS_SOURCE_PROB]
                 [--neighbor_sampling_center_radii NEIGHBOR_SAMPLING_CENTER_RADII]
                 [--neighbor_sampling_center_radius_weights NEIGHBOR_SAMPLING_CENTER_RADIUS_WEIGHTS]
                 [--neighbor_sampling_center_region_fanout NEIGHBOR_SAMPLING_CENTER_REGION_FANOUT]
                 [--neighbor_sampling_center_region_node_limit NEIGHBOR_SAMPLING_CENTER_REGION_NODE_LIMIT]
                 [--neighbor_sampling_center_region_candidate_limit NEIGHBOR_SAMPLING_CENTER_REGION_CANDIDATE_LIMIT]
                 [--neighbor_sampling_center_max_attempts NEIGHBOR_SAMPLING_CENTER_MAX_ATTEMPTS]
                 [--neighbor_matching_edge_split NEIGHBOR_MATCHING_EDGE_SPLIT]
                 [-way_u N_WAY_UPPER] [-shot_u N_SHOTS_UPPER]
                 [-qry_u N_QUERY_UPPER] [-max_length MAX_LENGTH]
                 [-aug AUGMENTATION] [-aug_test AUGMENT_TEST]
                 [-ablate_feat {none,zero,permute,noise}]
                 [-ablate_edges {none,rewire}]
                 [--structural_features {none,directed3,directed3_log,directed6}]
                 [-attr ATTR_REGRESSION_WEIGHT]
                 [--fp_mask_ratio FP_MASK_RATIO]
                 [--fp_mask_strategy {zero,random}]
                 [--mix_task_counts MIX_TASK_COUNTS] [--mix_cl_aug MIX_CL_AUG]
                 [--e4_combine {simultaneous,rotation}]
                 [--e4_weights E4_WEIGHTS] [--e4_task_counts E4_TASK_COUNTS]
                 [--e4_lp_neg_k E4_LP_NEG_K] [-prefix PREFIX]
                 [-timestamp TIMESTAMP] [--tags TAGS [TAGS ...]]
                 [-log_dir LOG_DIR] [-state_dir STATE_DIR]
                 [-bert BERT_EMB_MODEL] [-bert_cache BERT_CACHE]
                 [--label_emb_model LABEL_EMB_MODEL]
                 [--label_emb_texts LABEL_EMB_TEXTS]
                 [--label_emb_revision LABEL_EMB_REVISION]
                 [--label_emb_trust_remote_code LABEL_EMB_TRUST_REMOTE_CODE]
                 [--label_emb_normalize LABEL_EMB_NORMALIZE]
                 [-kg_emb KG_EMB_MODEL] [-pretrained PRETRAINED_MODEL_RUN]
                 [--resume_training_checkpoint RESUME_TRAINING_CHECKPOINT]
                 [-n_hop N_HOP]
                 [--neighbor_sampling_hop_sizes NEIGHBOR_SAMPLING_HOP_SIZES]
                 [--neighbor_sampling_node_limit NEIGHBOR_SAMPLING_NODE_LIMIT]
                 [--neighbor_matching_walk_hops NEIGHBOR_MATCHING_WALK_HOPS]
                 [--graph_filename GRAPH_FILENAME]
                 [--target_feature TARGET_FEATURE]
                 [--target_feature_keep_in_x TARGET_FEATURE_KEEP_IN_X]
                 [--target_transform TARGET_TRANSFORM]
                 [--feature_subset FEATURE_SUBSET]
                 [--midterm_label_downsample MIDTERM_LABEL_DOWNSAMPLE]
                 [--eval_random_query EVAL_RANDOM_QUERY]
                 [--edge_view EDGE_VIEW] [--target_edge_view TARGET_EDGE_VIEW]
                 [--edge_feature_subset EDGE_FEATURE_SUBSET]
                 [--midterm_lp_neg_ratio MIDTERM_LP_NEG_RATIO]
                 [--hard_negatives HARD_NEGATIVES]
                 [--use_edge_features USE_EDGE_FEATURES]
                 [--midterm_debug_print_episodes MIDTERM_DEBUG_PRINT_EPISODES]
                 [--debug_print_predictions DEBUG_PRINT_PREDICTIONS]
                 [--export_predictions EXPORT_PREDICTIONS]
                 [--prediction_context_neighbors PREDICTION_CONTEXT_NEIGHBORS]
                 [--prediction_support_per_label PREDICTION_SUPPORT_PER_LABEL]
                 [-smalldataset SMALL_DATASET] [-exptype EXPERIMENT_TYPE]
replay.py: error: argument -gpu/--device: invalid int value: 'cpu'
Edge features: 2 dims from edge view 'default'
